[      18ms] Uncaught TypeError: e.indexOf is not a function
    at <anonymous> (https://public-assets.envato-static.com/assets/market/pages/full_screen_preview/index-32a2c775445fe25800101c1fc917865a21c9decbe4ded4ebfdf0b8240b6bb989.js:2:17365)
    at <anonymous> (https://preview.themeforest.net/item/porto-responsive-wordpress-ecommerce-theme/full_screen_preview/9207399:66:9)
[      55ms] [WARNING] Error: The domain PREVIEW.THEMEFOREST.NET is not authorized to show the cookie banner for domain group ID d10f7659-aa82-4007-9cf1-54a9496002bf. Please add it to the domain group in the Cookiebot Manager to authorize the domain. @ https://consent.cookiebot.com/d10f7659-aa82-4007-9cf1-54a9496002bf/cc.js?renew=false&referer=preview.themeforest.net&dnt=false&init=false&georegions=%5B%7B%22r%22%3A%22US%22%2C%22i%22%3A%22d9683f70-895f-4427-97dc-f1087cddf9d8%22%7D%5D:0
[    1282ms] [ERROR] Unsafe attempt to initiate navigation for frame with origin 'https://preview.themeforest.net' from frame with URL 'https://www.portotheme.com/wordpress/porto_landing/'. The frame attempting navigation is targeting its top-level window, but is neither same-origin with its target nor has it received a user gesture. See https://www.chromestatus.com/feature/5851021045661696.
 @ https://www.portotheme.com/wordpress/porto_landing/:24
[    1284ms] Failed to set a named property 'href' on 'Location': The current window does not have permission to navigate the target frame to 'https://www.portotheme.com/wordpress/porto_landing/'.
[    2488ms] [ERROR] Permissions policy violation: accelerometer is not allowed in this document. @ https://www.portotheme.com/wordpress/porto_landing/js/theme-async.min.js:0
[    2489ms] [WARNING] The deviceorientation events are blocked by permissions policy. See https://github.com/w3c/webappsec-permissions-policy/blob/master/features.md#sensor-features @ https://www.portotheme.com/wordpress/porto_landing/js/theme-async.min.js:0
[    2490ms] [ERROR] Permissions policy violation: accelerometer is not allowed in this document. @ https://www.portotheme.com/wordpress/porto_landing/js/theme-async.min.js:0
[    2490ms] [WARNING] The deviceorientation events are blocked by permissions policy. See https://github.com/w3c/webappsec-permissions-policy/blob/master/features.md#sensor-features @ https://www.portotheme.com/wordpress/porto_landing/js/theme-async.min.js:0
[    2492ms] [ERROR] Permissions policy violation: accelerometer is not allowed in this document. @ https://www.portotheme.com/wordpress/porto_landing/js/theme-async.min.js:0
[    2492ms] [WARNING] The deviceorientation events are blocked by permissions policy. See https://github.com/w3c/webappsec-permissions-policy/blob/master/features.md#sensor-features @ https://www.portotheme.com/wordpress/porto_landing/js/theme-async.min.js:0
[    2493ms] [ERROR] Permissions policy violation: accelerometer is not allowed in this document. @ https://www.portotheme.com/wordpress/porto_landing/js/theme-async.min.js:0
[    2493ms] [WARNING] The deviceorientation events are blocked by permissions policy. See https://github.com/w3c/webappsec-permissions-policy/blob/master/features.md#sensor-features @ https://www.portotheme.com/wordpress/porto_landing/js/theme-async.min.js:0
[    2493ms] [ERROR] Permissions policy violation: accelerometer is not allowed in this document. @ https://www.portotheme.com/wordpress/porto_landing/js/theme-async.min.js:0
[    2493ms] [WARNING] The deviceorientation events are blocked by permissions policy. See https://github.com/w3c/webappsec-permissions-policy/blob/master/features.md#sensor-features @ https://www.portotheme.com/wordpress/porto_landing/js/theme-async.min.js:0
[    5768ms] [WARNING] The resource https://www.portotheme.com/wordpress/porto_landing/img/intro-woo.png was preloaded using link preload but not used within a few seconds from the window's load event. Please make sure it has an appropriate `as` value and it is preloaded intentionally. @ https://www.portotheme.com/wordpress/porto_landing/:0
[    5768ms] [WARNING] The resource https://public-assets.envato-static.com/assets/generated_sprites/logos-20f56d7ae7a08da2c6698db678490c591ce302aedb1fcd05d3ad1e1484d3caf9.png was preloaded using link preload but not used within a few seconds from the window's load event. Please make sure it has an appropriate `as` value and it is preloaded intentionally. @ https://preview.themeforest.net/item/porto-responsive-wordpress-ecommerce-theme/full_screen_preview/9207399:0
[    5769ms] [WARNING] The resource https://public-assets.envato-static.com/assets/generated_sprites/common-5af54247f3a645893af51456ee4c483f6530608e9c15ca4a8ac5a6e994d9a340.png was preloaded using link preload but not used within a few seconds from the window's load event. Please make sure it has an appropriate `as` value and it is preloaded intentionally. @ https://preview.themeforest.net/item/porto-responsive-wordpress-ecommerce-theme/full_screen_preview/9207399:0
[   12705ms] [WARNING] The resource https://public-assets.envato-static.com/assets/generated_sprites/logos-20f56d7ae7a08da2c6698db678490c591ce302aedb1fcd05d3ad1e1484d3caf9.png was preloaded using link preload but not used within a few seconds from the window's load event. Please make sure it has an appropriate `as` value and it is preloaded intentionally. @ https://preview.themeforest.net/item/porto-responsive-wordpress-ecommerce-theme/full_screen_preview/9207399:0
[   12706ms] [WARNING] The resource https://public-assets.envato-static.com/assets/generated_sprites/common-5af54247f3a645893af51456ee4c483f6530608e9c15ca4a8ac5a6e994d9a340.png was preloaded using link preload but not used within a few seconds from the window's load event. Please make sure it has an appropriate `as` value and it is preloaded intentionally. @ https://preview.themeforest.net/item/porto-responsive-wordpress-ecommerce-theme/full_screen_preview/9207399:0
[   12707ms] [WARNING] The resource https://www.portotheme.com/wordpress/porto_landing/img/intro-woo.png was preloaded using link preload but not used within a few seconds from the window's load event. Please make sure it has an appropriate `as` value and it is preloaded intentionally. @ https://www.portotheme.com/wordpress/porto_landing/:0
[   20031ms] [WARNING] The resource https://www.portotheme.com/wordpress/porto_landing/img/intro-woo.png was preloaded using link preload but not used within a few seconds from the window's load event. Please make sure it has an appropriate `as` value and it is preloaded intentionally. @ https://www.portotheme.com/wordpress/porto_landing/:0
[   20031ms] [WARNING] The resource https://public-assets.envato-static.com/assets/generated_sprites/logos-20f56d7ae7a08da2c6698db678490c591ce302aedb1fcd05d3ad1e1484d3caf9.png was preloaded using link preload but not used within a few seconds from the window's load event. Please make sure it has an appropriate `as` value and it is preloaded intentionally. @ https://preview.themeforest.net/item/porto-responsive-wordpress-ecommerce-theme/full_screen_preview/9207399:0
[   20031ms] [WARNING] The resource https://public-assets.envato-static.com/assets/generated_sprites/common-5af54247f3a645893af51456ee4c483f6530608e9c15ca4a8ac5a6e994d9a340.png was preloaded using link preload but not used within a few seconds from the window's load event. Please make sure it has an appropriate `as` value and it is preloaded intentionally. @ https://preview.themeforest.net/item/porto-responsive-wordpress-ecommerce-theme/full_screen_preview/9207399:0
