[    1061ms] [LOG] JQMIGRATE: Migrate is installed, version 3.4.1 @ http://localhost/sklentr/snazzy-floret/wp-includes/js/jquery/jquery-migrate.min.js:1
[    1108ms] Error: Function rdt not implemented.
    at t (http://localhost/sklentr/snazzy-floret/wp-content/plugins/reddit-for-woocommerce/js/build/tracking.js:1:216)
    at http://localhost/sklentr/snazzy-floret/wp-content/plugins/reddit-for-woocommerce/js/build/tracking.js:1:3209
    at HTMLDocument.<anonymous> (http://localhost/sklentr/snazzy-floret/wp-content/plugins/reddit-for-woocommerce/js/build/tracking.js:1:3270)
[    1108ms] Error: Function snaptr not implemented.
    at t (http://localhost/sklentr/snazzy-floret/wp-content/plugins/snapchat-for-woocommerce/js/build/tracking.js:1:252)
    at http://localhost/sklentr/snazzy-floret/wp-content/plugins/snapchat-for-woocommerce/js/build/tracking.js:1:3386
    at HTMLDocument.<anonymous> (http://localhost/sklentr/snazzy-floret/wp-content/plugins/snapchat-for-woocommerce/js/build/tracking.js:1:3447)
[    5485ms] [LOG] JQMIGRATE: Migrate is installed, version 3.4.1 @ http://localhost/sklentr/snazzy-floret/wp-includes/js/jquery/jquery-migrate.min.js:1
[    5534ms] Error: Function rdt not implemented.
    at t (http://localhost/sklentr/snazzy-floret/wp-content/plugins/reddit-for-woocommerce/js/build/tracking.js:1:216)
    at http://localhost/sklentr/snazzy-floret/wp-content/plugins/reddit-for-woocommerce/js/build/tracking.js:1:2957
    at HTMLDocument.<anonymous> (http://localhost/sklentr/snazzy-floret/wp-content/plugins/reddit-for-woocommerce/js/build/tracking.js:1:3109)
[    5535ms] Error: Function snaptr not implemented.
    at t (http://localhost/sklentr/snazzy-floret/wp-content/plugins/snapchat-for-woocommerce/js/build/tracking.js:1:252)
    at http://localhost/sklentr/snazzy-floret/wp-content/plugins/snapchat-for-woocommerce/js/build/tracking.js:1:2987
    at HTMLDocument.<anonymous> (http://localhost/sklentr/snazzy-floret/wp-content/plugins/snapchat-for-woocommerce/js/build/tracking.js:1:3054)
[   30592ms] [LOG] JQMIGRATE: Migrate is installed, version 3.4.1 @ http://localhost/sklentr/snazzy-floret/wp-includes/js/jquery/jquery-migrate.min.js:1
[   31239ms] Error: Function rdt not implemented.
    at t (http://localhost/sklentr/snazzy-floret/wp-content/plugins/reddit-for-woocommerce/js/build/tracking.js:1:216)
    at http://localhost/sklentr/snazzy-floret/wp-content/plugins/reddit-for-woocommerce/js/build/tracking.js:1:3209
    at HTMLDocument.<anonymous> (http://localhost/sklentr/snazzy-floret/wp-content/plugins/reddit-for-woocommerce/js/build/tracking.js:1:3270)
[   31239ms] Error: Function snaptr not implemented.
    at t (http://localhost/sklentr/snazzy-floret/wp-content/plugins/snapchat-for-woocommerce/js/build/tracking.js:1:252)
    at http://localhost/sklentr/snazzy-floret/wp-content/plugins/snapchat-for-woocommerce/js/build/tracking.js:1:3386
    at HTMLDocument.<anonymous> (http://localhost/sklentr/snazzy-floret/wp-content/plugins/snapchat-for-woocommerce/js/build/tracking.js:1:3447)
[   33187ms] [LOG] JQMIGRATE: Migrate is installed, version 3.4.1 @ http://localhost/sklentr/snazzy-floret/wp-includes/js/jquery/jquery-migrate.min.js:1
[   33218ms] Error: Function rdt not implemented.
    at t (http://localhost/sklentr/snazzy-floret/wp-content/plugins/reddit-for-woocommerce/js/build/tracking.js:1:216)
    at http://localhost/sklentr/snazzy-floret/wp-content/plugins/reddit-for-woocommerce/js/build/tracking.js:1:2957
    at HTMLDocument.<anonymous> (http://localhost/sklentr/snazzy-floret/wp-content/plugins/reddit-for-woocommerce/js/build/tracking.js:1:3109)
[   33218ms] Error: Function snaptr not implemented.
    at t (http://localhost/sklentr/snazzy-floret/wp-content/plugins/snapchat-for-woocommerce/js/build/tracking.js:1:252)
    at http://localhost/sklentr/snazzy-floret/wp-content/plugins/snapchat-for-woocommerce/js/build/tracking.js:1:2987
    at HTMLDocument.<anonymous> (http://localhost/sklentr/snazzy-floret/wp-content/plugins/snapchat-for-woocommerce/js/build/tracking.js:1:3054)
