[     798ms] [LOG] JQMIGRATE: Migrate is installed, version 3.4.1 @ http://localhost/sklentr/snazzy-floret/wp-includes/js/jquery/jquery-migrate.min.js:1
[     823ms] Error: Function rdt not implemented.
    at t (http://localhost/sklentr/snazzy-floret/wp-content/plugins/reddit-for-woocommerce/js/build/tracking.js:1:216)
    at http://localhost/sklentr/snazzy-floret/wp-content/plugins/reddit-for-woocommerce/js/build/tracking.js:1:3209
    at HTMLDocument.<anonymous> (http://localhost/sklentr/snazzy-floret/wp-content/plugins/reddit-for-woocommerce/js/build/tracking.js:1:3270)
[   19566ms] [LOG] JQMIGRATE: Migrate is installed, version 3.4.1 @ http://localhost/sklentr/snazzy-floret/wp-includes/js/jquery/jquery-migrate.min.js:1
[   19657ms] Error: Function rdt not implemented.
    at t (http://localhost/sklentr/snazzy-floret/wp-content/plugins/reddit-for-woocommerce/js/build/tracking.js:1:216)
    at http://localhost/sklentr/snazzy-floret/wp-content/plugins/reddit-for-woocommerce/js/build/tracking.js:1:3209
    at HTMLDocument.<anonymous> (http://localhost/sklentr/snazzy-floret/wp-content/plugins/reddit-for-woocommerce/js/build/tracking.js:1:3270)
[   21416ms] [LOG] JQMIGRATE: Migrate is installed, version 3.4.1 @ http://localhost/sklentr/snazzy-floret/wp-includes/js/jquery/jquery-migrate.min.js:1
[   21439ms] Error: Function rdt not implemented.
    at t (http://localhost/sklentr/snazzy-floret/wp-content/plugins/reddit-for-woocommerce/js/build/tracking.js:1:216)
    at http://localhost/sklentr/snazzy-floret/wp-content/plugins/reddit-for-woocommerce/js/build/tracking.js:1:3209
    at HTMLDocument.<anonymous> (http://localhost/sklentr/snazzy-floret/wp-content/plugins/reddit-for-woocommerce/js/build/tracking.js:1:3270)
[   25377ms] [LOG] JQMIGRATE: Migrate is installed, version 3.4.1 @ http://localhost/sklentr/snazzy-floret/wp-includes/js/jquery/jquery-migrate.min.js:1
[   25416ms] Error: Function rdt not implemented.
    at t (http://localhost/sklentr/snazzy-floret/wp-content/plugins/reddit-for-woocommerce/js/build/tracking.js:1:216)
    at http://localhost/sklentr/snazzy-floret/wp-content/plugins/reddit-for-woocommerce/js/build/tracking.js:1:3209
    at HTMLDocument.<anonymous> (http://localhost/sklentr/snazzy-floret/wp-content/plugins/reddit-for-woocommerce/js/build/tracking.js:1:3270)
[   28280ms] [LOG] JQMIGRATE: Migrate is installed, version 3.4.1 @ http://localhost/sklentr/snazzy-floret/wp-includes/js/jquery/jquery-migrate.min.js:1
[   28304ms] Error: Function rdt not implemented.
    at t (http://localhost/sklentr/snazzy-floret/wp-content/plugins/reddit-for-woocommerce/js/build/tracking.js:1:216)
    at http://localhost/sklentr/snazzy-floret/wp-content/plugins/reddit-for-woocommerce/js/build/tracking.js:1:3209
    at HTMLDocument.<anonymous> (http://localhost/sklentr/snazzy-floret/wp-content/plugins/reddit-for-woocommerce/js/build/tracking.js:1:3270)
[   30266ms] [LOG] JQMIGRATE: Migrate is installed, version 3.4.1 @ http://localhost/sklentr/snazzy-floret/wp-includes/js/jquery/jquery-migrate.min.js:1
[   30291ms] Error: Function rdt not implemented.
    at t (http://localhost/sklentr/snazzy-floret/wp-content/plugins/reddit-for-woocommerce/js/build/tracking.js:1:216)
    at http://localhost/sklentr/snazzy-floret/wp-content/plugins/reddit-for-woocommerce/js/build/tracking.js:1:3209
    at HTMLDocument.<anonymous> (http://localhost/sklentr/snazzy-floret/wp-content/plugins/reddit-for-woocommerce/js/build/tracking.js:1:3270)
[   31458ms] [LOG] JQMIGRATE: Migrate is installed, version 3.4.1 @ http://localhost/sklentr/snazzy-floret/wp-includes/js/jquery/jquery-migrate.min.js:1
[   31486ms] Error: Function rdt not implemented.
    at t (http://localhost/sklentr/snazzy-floret/wp-content/plugins/reddit-for-woocommerce/js/build/tracking.js:1:216)
    at http://localhost/sklentr/snazzy-floret/wp-content/plugins/reddit-for-woocommerce/js/build/tracking.js:1:3209
    at HTMLDocument.<anonymous> (http://localhost/sklentr/snazzy-floret/wp-content/plugins/reddit-for-woocommerce/js/build/tracking.js:1:3270)
[   32755ms] [LOG] JQMIGRATE: Migrate is installed, version 3.4.1 @ http://localhost/sklentr/snazzy-floret/wp-includes/js/jquery/jquery-migrate.min.js:1
[   32778ms] Error: Function rdt not implemented.
    at t (http://localhost/sklentr/snazzy-floret/wp-content/plugins/reddit-for-woocommerce/js/build/tracking.js:1:216)
    at http://localhost/sklentr/snazzy-floret/wp-content/plugins/reddit-for-woocommerce/js/build/tracking.js:1:3209
    at HTMLDocument.<anonymous> (http://localhost/sklentr/snazzy-floret/wp-content/plugins/reddit-for-woocommerce/js/build/tracking.js:1:3270)
[   34370ms] [LOG] JQMIGRATE: Migrate is installed, version 3.4.1 @ http://localhost/sklentr/snazzy-floret/wp-includes/js/jquery/jquery-migrate.min.js:1
[   34401ms] Error: Function rdt not implemented.
    at t (http://localhost/sklentr/snazzy-floret/wp-content/plugins/reddit-for-woocommerce/js/build/tracking.js:1:216)
    at http://localhost/sklentr/snazzy-floret/wp-content/plugins/reddit-for-woocommerce/js/build/tracking.js:1:3209
    at HTMLDocument.<anonymous> (http://localhost/sklentr/snazzy-floret/wp-content/plugins/reddit-for-woocommerce/js/build/tracking.js:1:3270)
[   36321ms] [LOG] JQMIGRATE: Migrate is installed, version 3.4.1 @ http://localhost/sklentr/snazzy-floret/wp-includes/js/jquery/jquery-migrate.min.js:1
[   36346ms] Error: Function rdt not implemented.
    at t (http://localhost/sklentr/snazzy-floret/wp-content/plugins/reddit-for-woocommerce/js/build/tracking.js:1:216)
    at http://localhost/sklentr/snazzy-floret/wp-content/plugins/reddit-for-woocommerce/js/build/tracking.js:1:3209
    at HTMLDocument.<anonymous> (http://localhost/sklentr/snazzy-floret/wp-content/plugins/reddit-for-woocommerce/js/build/tracking.js:1:3270)
[   38238ms] [LOG] JQMIGRATE: Migrate is installed, version 3.4.1 @ http://localhost/sklentr/snazzy-floret/wp-includes/js/jquery/jquery-migrate.min.js:1
[   38305ms] Error: Function rdt not implemented.
    at t (http://localhost/sklentr/snazzy-floret/wp-content/plugins/reddit-for-woocommerce/js/build/tracking.js:1:216)
    at http://localhost/sklentr/snazzy-floret/wp-content/plugins/reddit-for-woocommerce/js/build/tracking.js:1:3209
    at HTMLDocument.<anonymous> (http://localhost/sklentr/snazzy-floret/wp-content/plugins/reddit-for-woocommerce/js/build/tracking.js:1:3270)
[   40508ms] [LOG] JQMIGRATE: Migrate is installed, version 3.4.1 @ http://localhost/sklentr/snazzy-floret/wp-includes/js/jquery/jquery-migrate.min.js:1
[   41056ms] Error: Function rdt not implemented.
    at t (http://localhost/sklentr/snazzy-floret/wp-content/plugins/reddit-for-woocommerce/js/build/tracking.js:1:216)
    at http://localhost/sklentr/snazzy-floret/wp-content/plugins/reddit-for-woocommerce/js/build/tracking.js:1:3209
    at HTMLDocument.<anonymous> (http://localhost/sklentr/snazzy-floret/wp-content/plugins/reddit-for-woocommerce/js/build/tracking.js:1:3270)
[   42848ms] [LOG] JQMIGRATE: Migrate is installed, version 3.4.1 @ http://localhost/sklentr/snazzy-floret/wp-includes/js/jquery/jquery-migrate.min.js:1
[   42873ms] Error: Function rdt not implemented.
    at t (http://localhost/sklentr/snazzy-floret/wp-content/plugins/reddit-for-woocommerce/js/build/tracking.js:1:216)
    at http://localhost/sklentr/snazzy-floret/wp-content/plugins/reddit-for-woocommerce/js/build/tracking.js:1:3209
    at HTMLDocument.<anonymous> (http://localhost/sklentr/snazzy-floret/wp-content/plugins/reddit-for-woocommerce/js/build/tracking.js:1:3270)
