[    1255ms] [LOG] JQMIGRATE: Migrate is installed, version 3.4.1 @ http://localhost/sklentr/snazzy-floret/wp-includes/js/jquery/jquery-migrate.min.js:1
[    2140ms] Error: Function rdt not implemented.
    at t (http://localhost/sklentr/snazzy-floret/wp-content/plugins/reddit-for-woocommerce/js/build/tracking.js:1:216)
    at http://localhost/sklentr/snazzy-floret/wp-content/plugins/reddit-for-woocommerce/js/build/tracking.js:1:3209
    at HTMLDocument.<anonymous> (http://localhost/sklentr/snazzy-floret/wp-content/plugins/reddit-for-woocommerce/js/build/tracking.js:1:3270)
[    2142ms] Error: Function snaptr not implemented.
    at t (http://localhost/sklentr/snazzy-floret/wp-content/plugins/snapchat-for-woocommerce/js/build/tracking.js:1:252)
    at http://localhost/sklentr/snazzy-floret/wp-content/plugins/snapchat-for-woocommerce/js/build/tracking.js:1:3386
    at HTMLDocument.<anonymous> (http://localhost/sklentr/snazzy-floret/wp-content/plugins/snapchat-for-woocommerce/js/build/tracking.js:1:3447)
[   99041ms] [LOG] JQMIGRATE: Migrate is installed, version 3.4.1 @ http://localhost/sklentr/snazzy-floret/wp-includes/js/jquery/jquery-migrate.min.js:1
[  114275ms] [LOG] JQMIGRATE: Migrate is installed, version 3.4.1 @ http://localhost/sklentr/snazzy-floret/wp-includes/js/jquery/jquery-migrate.min.js:1
[  374935ms] [LOG] JQMIGRATE: Migrate is installed, version 3.4.1 @ http://localhost/sklentr/snazzy-floret/wp-includes/js/jquery/jquery-migrate.min.js:1
[  506292ms] [LOG] JQMIGRATE: Migrate is installed, version 3.4.1 @ http://localhost/sklentr/snazzy-floret/wp-includes/js/jquery/jquery-migrate.min.js:1
[  553007ms] [LOG] JQMIGRATE: Migrate is installed, version 3.4.1 @ http://localhost/sklentr/snazzy-floret/wp-includes/js/jquery/jquery-migrate.min.js:1
[  654057ms] [LOG] JQMIGRATE: Migrate is installed, version 3.4.1 @ http://localhost/sklentr/snazzy-floret/wp-includes/js/jquery/jquery-migrate.min.js:1
[  674258ms] [LOG] JQMIGRATE: Migrate is installed, version 3.4.1 @ http://localhost/sklentr/snazzy-floret/wp-includes/js/jquery/jquery-migrate.min.js:1
[  761202ms] [LOG] JQMIGRATE: Migrate is installed, version 3.4.1 @ http://localhost/sklentr/snazzy-floret/wp-includes/js/jquery/jquery-migrate.min.js:1
[  777698ms] [LOG] JQMIGRATE: Migrate is installed, version 3.4.1 @ http://localhost/sklentr/snazzy-floret/wp-includes/js/jquery/jquery-migrate.min.js:1
[  956396ms] [LOG] JQMIGRATE: Migrate is installed, version 3.4.1 @ http://localhost/sklentr/snazzy-floret/wp-includes/js/jquery/jquery-migrate.min.js:1
[ 1027305ms] [LOG] JQMIGRATE: Migrate is installed, version 3.4.1 @ http://localhost/sklentr/snazzy-floret/wp-includes/js/jquery/jquery-migrate.min.js:1
[ 1133881ms] [LOG] JQMIGRATE: Migrate is installed, version 3.4.1 @ http://localhost/sklentr/snazzy-floret/wp-includes/js/jquery/jquery-migrate.min.js:1
[ 1180759ms] [LOG] JQMIGRATE: Migrate is installed, version 3.4.1 @ http://localhost/sklentr/snazzy-floret/wp-includes/js/jquery/jquery-migrate.min.js:1
[ 1261830ms] [LOG] JQMIGRATE: Migrate is installed, version 3.4.1 @ http://localhost/sklentr/snazzy-floret/wp-includes/js/jquery/jquery-migrate.min.js:1
[ 1451931ms] [LOG] JQMIGRATE: Migrate is installed, version 3.4.1 @ http://localhost/sklentr/snazzy-floret/wp-includes/js/jquery/jquery-migrate.min.js:1
[ 1748285ms] [LOG] JQMIGRATE: Migrate is installed, version 3.4.1 @ http://localhost/sklentr/snazzy-floret/wp-includes/js/jquery/jquery-migrate.min.js:1
