[      15ms] Uncaught TypeError: e.indexOf is not a function
    at <anonymous> (https://public-assets.envato-static.com/assets/market/pages/full_screen_preview/index-32a2c775445fe25800101c1fc917865a21c9decbe4ded4ebfdf0b8240b6bb989.js:2:17365)
    at <anonymous> (https://preview.themeforest.net/item/wooma-modern-elementor-woocommerce-theme/full_screen_preview/41885521:63:9)
[      55ms] [WARNING] Error: The domain PREVIEW.THEMEFOREST.NET is not authorized to show the cookie banner for domain group ID d10f7659-aa82-4007-9cf1-54a9496002bf. Please add it to the domain group in the Cookiebot Manager to authorize the domain. @ https://consent.cookiebot.com/d10f7659-aa82-4007-9cf1-54a9496002bf/cc.js?renew=false&referer=preview.themeforest.net&dnt=false&init=false&georegions=%5B%7B%22r%22%3A%22US%22%2C%22i%22%3A%22d9683f70-895f-4427-97dc-f1087cddf9d8%22%7D%5D:0
[    2196ms] [LOG] JQMIGRATE: Migrate is installed, version 3.4.1 @ https://landing.ninetheme.com/wp-includes/js/jquery/jquery-migrate.min.js?ver=3.4.1:1
[    3032ms] [ERROR] Permissions policy violation: accelerometer is not allowed in this document. @ https://landing.ninetheme.com/wp-content/themes/awam/js/plugins/tilt/tilt.jquery.min.js?ver=6.9.1:0
[    3032ms] [WARNING] The deviceorientation events are blocked by permissions policy. See https://github.com/w3c/webappsec-permissions-policy/blob/master/features.md#sensor-features @ https://landing.ninetheme.com/wp-content/themes/awam/js/plugins/tilt/tilt.jquery.min.js?ver=6.9.1:0
[    3032ms] [ERROR] Permissions policy violation: accelerometer is not allowed in this document. @ https://landing.ninetheme.com/wp-content/themes/awam/js/plugins/tilt/tilt.jquery.min.js?ver=6.9.1:0
[    3032ms] [WARNING] The deviceorientation events are blocked by permissions policy. See https://github.com/w3c/webappsec-permissions-policy/blob/master/features.md#sensor-features @ https://landing.ninetheme.com/wp-content/themes/awam/js/plugins/tilt/tilt.jquery.min.js?ver=6.9.1:0
[    3032ms] [ERROR] Permissions policy violation: accelerometer is not allowed in this document. @ https://landing.ninetheme.com/wp-content/themes/awam/js/plugins/tilt/tilt.jquery.min.js?ver=6.9.1:0
[    3032ms] [WARNING] The deviceorientation events are blocked by permissions policy. See https://github.com/w3c/webappsec-permissions-policy/blob/master/features.md#sensor-features @ https://landing.ninetheme.com/wp-content/themes/awam/js/plugins/tilt/tilt.jquery.min.js?ver=6.9.1:0
[    3033ms] [ERROR] Permissions policy violation: accelerometer is not allowed in this document. @ https://landing.ninetheme.com/wp-content/themes/awam/js/plugins/tilt/tilt.jquery.min.js?ver=6.9.1:0
[    3033ms] [WARNING] The deviceorientation events are blocked by permissions policy. See https://github.com/w3c/webappsec-permissions-policy/blob/master/features.md#sensor-features @ https://landing.ninetheme.com/wp-content/themes/awam/js/plugins/tilt/tilt.jquery.min.js?ver=6.9.1:0
[    3033ms] [ERROR] Permissions policy violation: accelerometer is not allowed in this document. @ https://landing.ninetheme.com/wp-content/themes/awam/js/plugins/tilt/tilt.jquery.min.js?ver=6.9.1:0
[    3033ms] [WARNING] The deviceorientation events are blocked by permissions policy. See https://github.com/w3c/webappsec-permissions-policy/blob/master/features.md#sensor-features @ https://landing.ninetheme.com/wp-content/themes/awam/js/plugins/tilt/tilt.jquery.min.js?ver=6.9.1:0
[    3033ms] [ERROR] Permissions policy violation: accelerometer is not allowed in this document. @ https://landing.ninetheme.com/wp-content/themes/awam/js/plugins/tilt/tilt.jquery.min.js?ver=6.9.1:0
[    3033ms] [WARNING] The deviceorientation events are blocked by permissions policy. See https://github.com/w3c/webappsec-permissions-policy/blob/master/features.md#sensor-features @ https://landing.ninetheme.com/wp-content/themes/awam/js/plugins/tilt/tilt.jquery.min.js?ver=6.9.1:0
[    3033ms] [ERROR] Permissions policy violation: accelerometer is not allowed in this document. @ https://landing.ninetheme.com/wp-content/themes/awam/js/plugins/tilt/tilt.jquery.min.js?ver=6.9.1:0
[    3033ms] [WARNING] The deviceorientation events are blocked by permissions policy. See https://github.com/w3c/webappsec-permissions-policy/blob/master/features.md#sensor-features @ https://landing.ninetheme.com/wp-content/themes/awam/js/plugins/tilt/tilt.jquery.min.js?ver=6.9.1:0
[    3033ms] [ERROR] Permissions policy violation: accelerometer is not allowed in this document. @ https://landing.ninetheme.com/wp-content/themes/awam/js/plugins/tilt/tilt.jquery.min.js?ver=6.9.1:0
[    3033ms] [WARNING] The deviceorientation events are blocked by permissions policy. See https://github.com/w3c/webappsec-permissions-policy/blob/master/features.md#sensor-features @ https://landing.ninetheme.com/wp-content/themes/awam/js/plugins/tilt/tilt.jquery.min.js?ver=6.9.1:0
[    3036ms] [ERROR] Permissions policy violation: accelerometer is not allowed in this document. @ https://landing.ninetheme.com/wp-content/themes/awam/js/plugins/tilt/tilt.jquery.min.js?ver=6.9.1:0
[    3036ms] [WARNING] The deviceorientation events are blocked by permissions policy. See https://github.com/w3c/webappsec-permissions-policy/blob/master/features.md#sensor-features @ https://landing.ninetheme.com/wp-content/themes/awam/js/plugins/tilt/tilt.jquery.min.js?ver=6.9.1:0
[    3036ms] [ERROR] Permissions policy violation: accelerometer is not allowed in this document. @ https://landing.ninetheme.com/wp-content/themes/awam/js/plugins/tilt/tilt.jquery.min.js?ver=6.9.1:0
[    3036ms] [WARNING] The deviceorientation events are blocked by permissions policy. See https://github.com/w3c/webappsec-permissions-policy/blob/master/features.md#sensor-features @ https://landing.ninetheme.com/wp-content/themes/awam/js/plugins/tilt/tilt.jquery.min.js?ver=6.9.1:0
[    3038ms] [ERROR] Permissions policy violation: accelerometer is not allowed in this document. @ https://landing.ninetheme.com/wp-content/themes/awam/js/plugins/tilt/tilt.jquery.min.js?ver=6.9.1:0
[    3038ms] [WARNING] The deviceorientation events are blocked by permissions policy. See https://github.com/w3c/webappsec-permissions-policy/blob/master/features.md#sensor-features @ https://landing.ninetheme.com/wp-content/themes/awam/js/plugins/tilt/tilt.jquery.min.js?ver=6.9.1:0
[    3039ms] [ERROR] Permissions policy violation: accelerometer is not allowed in this document. @ https://landing.ninetheme.com/wp-content/themes/awam/js/plugins/tilt/tilt.jquery.min.js?ver=6.9.1:0
[    3039ms] [WARNING] The deviceorientation events are blocked by permissions policy. See https://github.com/w3c/webappsec-permissions-policy/blob/master/features.md#sensor-features @ https://landing.ninetheme.com/wp-content/themes/awam/js/plugins/tilt/tilt.jquery.min.js?ver=6.9.1:0
[    3039ms] [ERROR] Permissions policy violation: accelerometer is not allowed in this document. @ https://landing.ninetheme.com/wp-content/themes/awam/js/plugins/tilt/tilt.jquery.min.js?ver=6.9.1:0
[    3039ms] [WARNING] The deviceorientation events are blocked by permissions policy. See https://github.com/w3c/webappsec-permissions-policy/blob/master/features.md#sensor-features @ https://landing.ninetheme.com/wp-content/themes/awam/js/plugins/tilt/tilt.jquery.min.js?ver=6.9.1:0
[    3039ms] [ERROR] Permissions policy violation: accelerometer is not allowed in this document. @ https://landing.ninetheme.com/wp-content/themes/awam/js/plugins/tilt/tilt.jquery.min.js?ver=6.9.1:0
[    3039ms] [WARNING] The deviceorientation events are blocked by permissions policy. See https://github.com/w3c/webappsec-permissions-policy/blob/master/features.md#sensor-features @ https://landing.ninetheme.com/wp-content/themes/awam/js/plugins/tilt/tilt.jquery.min.js?ver=6.9.1:0
[    3039ms] [ERROR] Permissions policy violation: accelerometer is not allowed in this document. @ https://landing.ninetheme.com/wp-content/themes/awam/js/plugins/tilt/tilt.jquery.min.js?ver=6.9.1:0
[    3039ms] [WARNING] The deviceorientation events are blocked by permissions policy. See https://github.com/w3c/webappsec-permissions-policy/blob/master/features.md#sensor-features @ https://landing.ninetheme.com/wp-content/themes/awam/js/plugins/tilt/tilt.jquery.min.js?ver=6.9.1:0
[    3039ms] [ERROR] Permissions policy violation: accelerometer is not allowed in this document. @ https://landing.ninetheme.com/wp-content/themes/awam/js/plugins/tilt/tilt.jquery.min.js?ver=6.9.1:0
[    3040ms] [WARNING] The deviceorientation events are blocked by permissions policy. See https://github.com/w3c/webappsec-permissions-policy/blob/master/features.md#sensor-features @ https://landing.ninetheme.com/wp-content/themes/awam/js/plugins/tilt/tilt.jquery.min.js?ver=6.9.1:0
[    3040ms] [ERROR] Permissions policy violation: accelerometer is not allowed in this document. @ https://landing.ninetheme.com/wp-content/themes/awam/js/plugins/tilt/tilt.jquery.min.js?ver=6.9.1:0
[    3040ms] [WARNING] The deviceorientation events are blocked by permissions policy. See https://github.com/w3c/webappsec-permissions-policy/blob/master/features.md#sensor-features @ https://landing.ninetheme.com/wp-content/themes/awam/js/plugins/tilt/tilt.jquery.min.js?ver=6.9.1:0
[    3040ms] [ERROR] Permissions policy violation: accelerometer is not allowed in this document. @ https://landing.ninetheme.com/wp-content/themes/awam/js/plugins/tilt/tilt.jquery.min.js?ver=6.9.1:0
[    3040ms] [WARNING] The deviceorientation events are blocked by permissions policy. See https://github.com/w3c/webappsec-permissions-policy/blob/master/features.md#sensor-features @ https://landing.ninetheme.com/wp-content/themes/awam/js/plugins/tilt/tilt.jquery.min.js?ver=6.9.1:0
[    3040ms] [ERROR] Permissions policy violation: accelerometer is not allowed in this document. @ https://landing.ninetheme.com/wp-content/themes/awam/js/plugins/tilt/tilt.jquery.min.js?ver=6.9.1:0
[    3040ms] [WARNING] The deviceorientation events are blocked by permissions policy. See https://github.com/w3c/webappsec-permissions-policy/blob/master/features.md#sensor-features @ https://landing.ninetheme.com/wp-content/themes/awam/js/plugins/tilt/tilt.jquery.min.js?ver=6.9.1:0
[    3040ms] [ERROR] Permissions policy violation: accelerometer is not allowed in this document. @ https://landing.ninetheme.com/wp-content/themes/awam/js/plugins/tilt/tilt.jquery.min.js?ver=6.9.1:0
[    3040ms] [WARNING] The deviceorientation events are blocked by permissions policy. See https://github.com/w3c/webappsec-permissions-policy/blob/master/features.md#sensor-features @ https://landing.ninetheme.com/wp-content/themes/awam/js/plugins/tilt/tilt.jquery.min.js?ver=6.9.1:0
[    3041ms] [ERROR] Permissions policy violation: accelerometer is not allowed in this document. @ https://landing.ninetheme.com/wp-content/themes/awam/js/plugins/tilt/tilt.jquery.min.js?ver=6.9.1:0
[    3041ms] [WARNING] The deviceorientation events are blocked by permissions policy. See https://github.com/w3c/webappsec-permissions-policy/blob/master/features.md#sensor-features @ https://landing.ninetheme.com/wp-content/themes/awam/js/plugins/tilt/tilt.jquery.min.js?ver=6.9.1:0
[    4129ms] [WARNING] Failed to execute 'postMessage' on 'DOMWindow': The target origin provided ('https://www.youtube.com') does not match the recipient window's origin ('https://landing.ninetheme.com'). @ https://www.youtube.com/s/player/ace4b2f8/www-widgetapi.vflset/www-widgetapi.js:209
[   10659ms] [WARNING] The resource https://public-assets.envato-static.com/assets/generated_sprites/logos-20f56d7ae7a08da2c6698db678490c591ce302aedb1fcd05d3ad1e1484d3caf9.png was preloaded using link preload but not used within a few seconds from the window's load event. Please make sure it has an appropriate `as` value and it is preloaded intentionally. @ https://preview.themeforest.net/item/wooma-modern-elementor-woocommerce-theme/full_screen_preview/41885521:0
[   10659ms] [WARNING] The resource https://public-assets.envato-static.com/assets/generated_sprites/common-5af54247f3a645893af51456ee4c483f6530608e9c15ca4a8ac5a6e994d9a340.png was preloaded using link preload but not used within a few seconds from the window's load event. Please make sure it has an appropriate `as` value and it is preloaded intentionally. @ https://preview.themeforest.net/item/wooma-modern-elementor-woocommerce-theme/full_screen_preview/41885521:0
