[     852ms] [LOG] JQMIGRATE: Migrate is installed, version 3.4.1 @ http://localhost/sklentr/snazzy-floret/wp-includes/js/jquery/jquery-migrate.min.js:1
[   20358ms] [ERROR] Failed to load resource: the server responded with a status of 400 () @ https://a.klaviyo.com/client/profiles/?company_id=:0
[   20361ms] [ERROR] Failed to load resource: the server responded with a status of 400 () @ https://a.klaviyo.com/client/profiles/?company_id=:0
[   20364ms] [ERROR] Failed to load resource: the server responded with a status of 400 () @ https://a.klaviyo.com/client/profiles/?company_id=:0
[   20372ms] [ERROR] Failed to load resource: the server responded with a status of 400 () @ https://a.klaviyo.com/client/events/?company_id=:0
[  140065ms] [ERROR] NotFoundError: Failed to execute 'removeChild' on 'Node': The node to be removed is not a child of this node.
    at $r (http://localhost/sklentr/snazzy-floret/wp-includes/js/dist/vendor/react-dom.min.js:10:74972)
    at jr (http://localhost/sklentr/snazzy-floret/wp-includes/js/dist/vendor/react-dom.min.js:10:74657)
    at $r (http://localhost/sklentr/snazzy-floret/wp-includes/js/dist/vendor/react-dom.min.js:10:75404)
    at jr (http://localhost/sklentr/snazzy-floret/wp-includes/js/dist/vendor/react-dom.min.js:10:74657)
    at $r (http://localhost/sklentr/snazzy-floret/wp-includes/js/dist/vendor/react-dom.min.js:10:75404)
    at jr (http://localhost/sklentr/snazzy-floret/wp-includes/js/dist/vendor/react-dom.min.js:10:74657)
    at $r (http://localhost/sklentr/snazzy-floret/wp-includes/js/dist/vendor/react-dom.min.js:10:75404)
    at jr (http://localhost/sklentr/snazzy-floret/wp-includes/js/dist/vendor/react-dom.min.js:10:74657)
    at $r (http://localhost/sklentr/snazzy-floret/wp-includes/js/dist/vendor/react-dom.min.js:10:75404)
    at Kr (http://localhost/sklentr/snazzy-floret/wp-includes/js/dist/vendor/react-dom.min.js:10:76214) @ http://localhost/sklentr/snazzy-floret/wp-includes/js/dist/vendor/react-dom.min.js:9
[  140988ms] [LOG] JQMIGRATE: Migrate is installed, version 3.4.1 @ http://localhost/sklentr/snazzy-floret/wp-includes/js/jquery/jquery-migrate.min.js:1
[  141028ms] ReferenceError: rdt is not defined
    at reddit_tracking-js-after:5:1
[  141349ms] [WARNING] EndCheckoutTracker: Missing required configuration {enabled: , hasClientId: false, hasSessionId: true, hasOrderTotal: true, hasOrderCurrency: true} @ http://localhost/sklentr/snazzy-floret/wp-content/plugins/woocommerce-paypal-payments/assets/ppcp-axo-js-Insights-EndCheckoutTracker.js:0
