[     912ms] [LOG] JQMIGRATE: Migrate is installed, version 3.4.1 @ http://localhost/sklentr/snazzy-floret/wp-includes/js/jquery/jquery-migrate.min.js:1
[   30035ms] [LOG] JQMIGRATE: Migrate is installed, version 3.4.1 @ http://localhost/sklentr/snazzy-floret/wp-includes/js/jquery/jquery-migrate.min.js:1
[   47814ms] [LOG] JQMIGRATE: Migrate is installed, version 3.4.1 @ http://localhost/sklentr/snazzy-floret/wp-includes/js/jquery/jquery-migrate.min.js:1
[   66563ms] [LOG] JQMIGRATE: Migrate is installed, version 3.4.1 @ http://localhost/sklentr/snazzy-floret/wp-includes/js/jquery/jquery-migrate.min.js:1
[  169311ms] [LOG] JQMIGRATE: Migrate is installed, version 3.4.1 @ http://localhost/sklentr/snazzy-floret/wp-includes/js/jquery/jquery-migrate.min.js:1
[  270823ms] [LOG] JQMIGRATE: Migrate is installed, version 3.4.1 @ http://localhost/sklentr/snazzy-floret/wp-includes/js/jquery/jquery-migrate.min.js:1
[ 1467381ms] [LOG] JQMIGRATE: Migrate is installed, version 3.4.1 @ http://localhost/sklentr/snazzy-floret/wp-includes/js/jquery/jquery-migrate.min.js:1
[ 2284857ms] [LOG] JQMIGRATE: Migrate is installed, version 3.4.1 @ http://localhost/sklentr/snazzy-floret/wp-includes/js/jquery/jquery-migrate.min.js:1
[ 2353531ms] [LOG] JQMIGRATE: Migrate is installed, version 3.4.1 @ http://localhost/sklentr/snazzy-floret/wp-includes/js/jquery/jquery-migrate.min.js:1
[ 2543679ms] [LOG] JQMIGRATE: Migrate is installed, version 3.4.1 @ http://localhost/sklentr/snazzy-floret/wp-includes/js/jquery/jquery-migrate.min.js:1
[ 2623688ms] [LOG] JQMIGRATE: Migrate is installed, version 3.4.1 @ http://localhost/sklentr/snazzy-floret/wp-includes/js/jquery/jquery-migrate.min.js:1
[ 2706857ms] [LOG] JQMIGRATE: Migrate is installed, version 3.4.1 @ http://localhost/sklentr/snazzy-floret/wp-includes/js/jquery/jquery-migrate.min.js:1
[ 2842516ms] [LOG] JQMIGRATE: Migrate is installed, version 3.4.1 @ http://localhost/sklentr/snazzy-floret/wp-includes/js/jquery/jquery-migrate.min.js:1
[ 3286858ms] [LOG] JQMIGRATE: Migrate is installed, version 3.4.1 @ http://localhost/sklentr/snazzy-floret/wp-includes/js/jquery/jquery-migrate.min.js:1
[ 3513770ms] [LOG] JQMIGRATE: Migrate is installed, version 3.4.1 @ http://localhost/sklentr/snazzy-floret/wp-includes/js/jquery/jquery-migrate.min.js:1
[ 3561536ms] [LOG] JQMIGRATE: Migrate is installed, version 3.4.1 @ http://localhost/sklentr/snazzy-floret/wp-includes/js/jquery/jquery-migrate.min.js:1
[ 3582548ms] [LOG] JQMIGRATE: Migrate is installed, version 3.4.1 @ http://localhost/sklentr/snazzy-floret/wp-includes/js/jquery/jquery-migrate.min.js:1
[ 3678697ms] [LOG] JQMIGRATE: Migrate is installed, version 3.4.1 @ http://localhost/sklentr/snazzy-floret/wp-includes/js/jquery/jquery-migrate.min.js:1
[ 3947688ms] [LOG] JQMIGRATE: Migrate is installed, version 3.4.1 @ http://localhost/sklentr/snazzy-floret/wp-includes/js/jquery/jquery-migrate.min.js:1
[ 5189007ms] [LOG] JQMIGRATE: Migrate is installed, version 3.4.1 @ http://localhost/sklentr/snazzy-floret/wp-includes/js/jquery/jquery-migrate.min.js:1
[ 5225446ms] [LOG] JQMIGRATE: Migrate is installed, version 3.4.1 @ http://localhost/sklentr/snazzy-floret/wp-includes/js/jquery/jquery-migrate.min.js:1
[ 5286628ms] [LOG] JQMIGRATE: Migrate is installed, version 3.4.1 @ http://localhost/sklentr/snazzy-floret/wp-includes/js/jquery/jquery-migrate.min.js:1
[ 5306238ms] [LOG] JQMIGRATE: Migrate is installed, version 3.4.1 @ http://localhost/sklentr/snazzy-floret/wp-includes/js/jquery/jquery-migrate.min.js:1
[ 5453758ms] [LOG] JQMIGRATE: Migrate is installed, version 3.4.1 @ http://localhost/sklentr/snazzy-floret/wp-includes/js/jquery/jquery-migrate.min.js:1
[ 5603795ms] [LOG] JQMIGRATE: Migrate is installed, version 3.4.1 @ http://localhost/sklentr/snazzy-floret/wp-includes/js/jquery/jquery-migrate.min.js:1
[ 5798571ms] [LOG] JQMIGRATE: Migrate is installed, version 3.4.1 @ http://localhost/sklentr/snazzy-floret/wp-includes/js/jquery/jquery-migrate.min.js:1
[ 5857261ms] [LOG] JQMIGRATE: Migrate is installed, version 3.4.1 @ http://localhost/sklentr/snazzy-floret/wp-includes/js/jquery/jquery-migrate.min.js:1
[ 5893879ms] [LOG] JQMIGRATE: Migrate is installed, version 3.4.1 @ http://localhost/sklentr/snazzy-floret/wp-includes/js/jquery/jquery-migrate.min.js:1
[ 5940111ms] [LOG] JQMIGRATE: Migrate is installed, version 3.4.1 @ http://localhost/sklentr/snazzy-floret/wp-includes/js/jquery/jquery-migrate.min.js:1
[ 5975339ms] [LOG] JQMIGRATE: Migrate is installed, version 3.4.1 @ http://localhost/sklentr/snazzy-floret/wp-includes/js/jquery/jquery-migrate.min.js:1
[ 6047756ms] [LOG] JQMIGRATE: Migrate is installed, version 3.4.1 @ http://localhost/sklentr/snazzy-floret/wp-includes/js/jquery/jquery-migrate.min.js:1
[10997050ms] [LOG] JQMIGRATE: Migrate is installed, version 3.4.1 @ http://localhost/sklentr/snazzy-floret/wp-includes/js/jquery/jquery-migrate.min.js:1
[11034539ms] [LOG] JQMIGRATE: Migrate is installed, version 3.4.1 @ http://localhost/sklentr/snazzy-floret/wp-includes/js/jquery/jquery-migrate.min.js:1
[11035141ms] Error: Function rdt not implemented.
    at t (http://localhost/sklentr/snazzy-floret/wp-content/plugins/reddit-for-woocommerce/js/build/tracking.js:1:216)
    at http://localhost/sklentr/snazzy-floret/wp-content/plugins/reddit-for-woocommerce/js/build/tracking.js:1:3209
    at HTMLDocument.<anonymous> (http://localhost/sklentr/snazzy-floret/wp-content/plugins/reddit-for-woocommerce/js/build/tracking.js:1:3270)
[11043008ms] [LOG] JQMIGRATE: Migrate is installed, version 3.4.1 @ http://localhost/sklentr/snazzy-floret/wp-includes/js/jquery/jquery-migrate.min.js:1
[11043154ms] Error: Function rdt not implemented.
    at t (http://localhost/sklentr/snazzy-floret/wp-content/plugins/reddit-for-woocommerce/js/build/tracking.js:1:216)
    at http://localhost/sklentr/snazzy-floret/wp-content/plugins/reddit-for-woocommerce/js/build/tracking.js:1:2957
    at HTMLDocument.<anonymous> (http://localhost/sklentr/snazzy-floret/wp-content/plugins/reddit-for-woocommerce/js/build/tracking.js:1:3109)
[11058706ms] [LOG] JQMIGRATE: Migrate is installed, version 3.4.1 @ http://localhost/sklentr/snazzy-floret/wp-includes/js/jquery/jquery-migrate.min.js:1
[11058806ms] Error: Function rdt not implemented.
    at t (http://localhost/sklentr/snazzy-floret/wp-content/plugins/reddit-for-woocommerce/js/build/tracking.js:1:216)
    at http://localhost/sklentr/snazzy-floret/wp-content/plugins/reddit-for-woocommerce/js/build/tracking.js:1:3209
    at HTMLDocument.<anonymous> (http://localhost/sklentr/snazzy-floret/wp-content/plugins/reddit-for-woocommerce/js/build/tracking.js:1:3270)
[11088163ms] [LOG] JQMIGRATE: Migrate is installed, version 3.4.1 @ http://localhost/sklentr/snazzy-floret/wp-includes/js/jquery/jquery-migrate.min.js:1
[11088738ms] Error: Function rdt not implemented.
    at t (http://localhost/sklentr/snazzy-floret/wp-content/plugins/reddit-for-woocommerce/js/build/tracking.js:1:216)
    at http://localhost/sklentr/snazzy-floret/wp-content/plugins/reddit-for-woocommerce/js/build/tracking.js:1:3209
    at HTMLDocument.<anonymous> (http://localhost/sklentr/snazzy-floret/wp-content/plugins/reddit-for-woocommerce/js/build/tracking.js:1:3270)
[11089410ms] [LOG] JQMIGRATE: Migrate is installed, version 3.4.1 @ http://localhost/sklentr/snazzy-floret/wp-includes/js/jquery/jquery-migrate.min.js:1
[11089458ms] Error: Function rdt not implemented.
    at t (http://localhost/sklentr/snazzy-floret/wp-content/plugins/reddit-for-woocommerce/js/build/tracking.js:1:216)
    at http://localhost/sklentr/snazzy-floret/wp-content/plugins/reddit-for-woocommerce/js/build/tracking.js:1:2957
    at HTMLDocument.<anonymous> (http://localhost/sklentr/snazzy-floret/wp-content/plugins/reddit-for-woocommerce/js/build/tracking.js:1:3109)
[11093747ms] [LOG] JQMIGRATE: Migrate is installed, version 3.4.1 @ http://localhost/sklentr/snazzy-floret/wp-includes/js/jquery/jquery-migrate.min.js:1
[11093775ms] Error: Function rdt not implemented.
    at t (http://localhost/sklentr/snazzy-floret/wp-content/plugins/reddit-for-woocommerce/js/build/tracking.js:1:216)
    at http://localhost/sklentr/snazzy-floret/wp-content/plugins/reddit-for-woocommerce/js/build/tracking.js:1:3209
    at HTMLDocument.<anonymous> (http://localhost/sklentr/snazzy-floret/wp-content/plugins/reddit-for-woocommerce/js/build/tracking.js:1:3270)
[11095203ms] [LOG] JQMIGRATE: Migrate is installed, version 3.4.1 @ http://localhost/sklentr/snazzy-floret/wp-includes/js/jquery/jquery-migrate.min.js:1
[11095296ms] Error: Function rdt not implemented.
    at t (http://localhost/sklentr/snazzy-floret/wp-content/plugins/reddit-for-woocommerce/js/build/tracking.js:1:216)
    at http://localhost/sklentr/snazzy-floret/wp-content/plugins/reddit-for-woocommerce/js/build/tracking.js:1:2957
    at HTMLDocument.<anonymous> (http://localhost/sklentr/snazzy-floret/wp-content/plugins/reddit-for-woocommerce/js/build/tracking.js:1:3109)
[11111779ms] [LOG] JQMIGRATE: Migrate is installed, version 3.4.1 @ http://localhost/sklentr/snazzy-floret/wp-includes/js/jquery/jquery-migrate.min.js:1
[11111913ms] Error: Function rdt not implemented.
    at t (http://localhost/sklentr/snazzy-floret/wp-content/plugins/reddit-for-woocommerce/js/build/tracking.js:1:216)
    at http://localhost/sklentr/snazzy-floret/wp-content/plugins/reddit-for-woocommerce/js/build/tracking.js:1:3209
    at HTMLDocument.<anonymous> (http://localhost/sklentr/snazzy-floret/wp-content/plugins/reddit-for-woocommerce/js/build/tracking.js:1:3270)
[11240036ms] [LOG] JQMIGRATE: Migrate is installed, version 3.4.1 @ http://localhost/sklentr/snazzy-floret/wp-includes/js/jquery/jquery-migrate.min.js:1
[11259886ms] [LOG] JQMIGRATE: Migrate is installed, version 3.4.1 @ http://localhost/sklentr/snazzy-floret/wp-includes/js/jquery/jquery-migrate.min.js:1
[11260146ms] Error: Function rdt not implemented.
    at t (http://localhost/sklentr/snazzy-floret/wp-content/plugins/reddit-for-woocommerce/js/build/tracking.js:1:216)
    at http://localhost/sklentr/snazzy-floret/wp-content/plugins/reddit-for-woocommerce/js/build/tracking.js:1:3209
    at HTMLDocument.<anonymous> (http://localhost/sklentr/snazzy-floret/wp-content/plugins/reddit-for-woocommerce/js/build/tracking.js:1:3270)
[11275206ms] [LOG] JQMIGRATE: Migrate is installed, version 3.4.1 @ http://localhost/sklentr/snazzy-floret/wp-includes/js/jquery/jquery-migrate.min.js:1
[11326997ms] [LOG] JQMIGRATE: Migrate is installed, version 3.4.1 @ http://localhost/sklentr/snazzy-floret/wp-includes/js/jquery/jquery-migrate.min.js:1
[11327165ms] Error: Function rdt not implemented.
    at t (http://localhost/sklentr/snazzy-floret/wp-content/plugins/reddit-for-woocommerce/js/build/tracking.js:1:216)
    at http://localhost/sklentr/snazzy-floret/wp-content/plugins/reddit-for-woocommerce/js/build/tracking.js:1:3209
    at HTMLDocument.<anonymous> (http://localhost/sklentr/snazzy-floret/wp-content/plugins/reddit-for-woocommerce/js/build/tracking.js:1:3270)
[11357523ms] [LOG] JQMIGRATE: Migrate is installed, version 3.4.1 @ http://localhost/sklentr/snazzy-floret/wp-includes/js/jquery/jquery-migrate.min.js:1
[11443561ms] [LOG] JQMIGRATE: Migrate is installed, version 3.4.1 @ http://localhost/sklentr/snazzy-floret/wp-includes/js/jquery/jquery-migrate.min.js:1
[11443778ms] Error: Function rdt not implemented.
    at t (http://localhost/sklentr/snazzy-floret/wp-content/plugins/reddit-for-woocommerce/js/build/tracking.js:1:216)
    at http://localhost/sklentr/snazzy-floret/wp-content/plugins/reddit-for-woocommerce/js/build/tracking.js:1:3209
    at HTMLDocument.<anonymous> (http://localhost/sklentr/snazzy-floret/wp-content/plugins/reddit-for-woocommerce/js/build/tracking.js:1:3270)
[12553253ms] [LOG] JQMIGRATE: Migrate is installed, version 3.4.1 @ http://localhost/sklentr/snazzy-floret/wp-includes/js/jquery/jquery-migrate.min.js:1
