[    1162ms] [LOG] JQMIGRATE: Migrate is installed, version 3.4.1 @ http://localhost/sklentr/snazzy-floret/wp-includes/js/jquery/jquery-migrate.min.js:1
[    1785ms] [WARNING] You may test your Stripe.js integration over HTTP. However, live Stripe.js integrations must use HTTPS. @ https://js.stripe.com/clover/stripe.js:0
[    1791ms] [WARNING] You may test your Stripe.js integration over HTTP. However, live Stripe.js integrations must use HTTPS. @ https://js.stripe.com/clover/stripe.js:0
[    1914ms] [WARNING] You may test your Stripe.js integration over HTTP. However, live Stripe.js integrations must use HTTPS. @ https://js.stripe.com/clover/stripe.js:0
[    2665ms] [WARNING] [Stripe.js] You have not registered or verified the domain, so the following payment methods are not enabled in the Express Checkout Element: 

- apple_pay

Please follow https://stripe.com/docs/payments/payment-methods/pmd-registration to register and verify the domain. @ https://js.stripe.com/v3/fingerprinted/js/controller-with-preconnect-d81380a1d26d9a6d3a64dab05699db07.js:0
[    3041ms] [ERROR] Access to XMLHttpRequest at 'https://a.klaviyo.com/client/events/?company_id=' from origin 'http://localhost' has been blocked by CORS policy: No 'Access-Control-Allow-Origin' header is present on the requested resource. @ http://localhost/sklentr/snazzy-floret/checkout/:0
[    3041ms] [ERROR] Failed to load resource: net::ERR_FAILED @ https://a.klaviyo.com/client/events/?company_id=:0
[    3042ms] [ERROR] Access to XMLHttpRequest at 'https://a.klaviyo.com/client/profiles/?company_id=' from origin 'http://localhost' has been blocked by CORS policy: No 'Access-Control-Allow-Origin' header is present on the requested resource. @ http://localhost/sklentr/snazzy-floret/checkout/:0
[    3042ms] [ERROR] Failed to load resource: net::ERR_FAILED @ https://a.klaviyo.com/client/profiles/?company_id=:0
[    3439ms] [WARNING] [Stripe.js] You are testing over HTTP, so Google Pay will not appear. You must use HTTPS in order to use Google Pay. @ https://js.stripe.com/v3/fingerprinted/js/controller-with-preconnect-d81380a1d26d9a6d3a64dab05699db07.js:0
[    3973ms] [WARNING] [Stripe.js] The following payment method types are not activated:

- link

They will be displayed in test mode, but hidden in live mode. Please activate the payment method types in your dashboard (https://dashboard.stripe.com/settings/payment_methods) and ensure your account is enabled for any preview features that you are trying to use. @ https://js.stripe.com/v3/fingerprinted/js/controller-with-preconnect-d81380a1d26d9a6d3a64dab05699db07.js:0
[    4625ms] [WARNING] [Stripe.js] The following payment method types are not activated:

- link

They will be displayed in test mode, but hidden in live mode. Please activate the payment method types in your dashboard (https://dashboard.stripe.com/settings/payment_methods) and ensure your account is enabled for any preview features that you are trying to use. @ https://js.stripe.com/v3/fingerprinted/js/controller-with-preconnect-d81380a1d26d9a6d3a64dab05699db07.js:0
[    5127ms] [WARNING] [Stripe.js] The following payment method types are not activated:

- link

They will be displayed in test mode, but hidden in live mode. Please activate the payment method types in your dashboard (https://dashboard.stripe.com/settings/payment_methods) and ensure your account is enabled for any preview features that you are trying to use. @ https://js.stripe.com/v3/fingerprinted/js/controller-with-preconnect-d81380a1d26d9a6d3a64dab05699db07.js:0
[   28848ms] [WARNING] [Stripe.js] The following payment method types are not activated:

- link

They will be displayed in test mode, but hidden in live mode. Please activate the payment method types in your dashboard (https://dashboard.stripe.com/settings/payment_methods) and ensure your account is enabled for any preview features that you are trying to use. @ https://js.stripe.com/v3/fingerprinted/js/controller-with-preconnect-d81380a1d26d9a6d3a64dab05699db07.js:0
[   30427ms] [WARNING] [Stripe.js] The following payment method types are not activated:

- link

They will be displayed in test mode, but hidden in live mode. Please activate the payment method types in your dashboard (https://dashboard.stripe.com/settings/payment_methods) and ensure your account is enabled for any preview features that you are trying to use. @ https://js.stripe.com/v3/fingerprinted/js/controller-with-preconnect-d81380a1d26d9a6d3a64dab05699db07.js:0
