[    1093ms] [LOG] JQMIGRATE: Migrate is installed, version 3.4.1 @ http://localhost/sklentr/snazzy-floret/wp-includes/js/jquery/jquery-migrate.min.js:1
[    1766ms] [WARNING] You may test your Stripe.js integration over HTTP. However, live Stripe.js integrations must use HTTPS. @ https://js.stripe.com/clover/stripe.js:0
[    1771ms] [WARNING] You may test your Stripe.js integration over HTTP. However, live Stripe.js integrations must use HTTPS. @ https://js.stripe.com/clover/stripe.js:0
[    1859ms] [WARNING] You may test your Stripe.js integration over HTTP. However, live Stripe.js integrations must use HTTPS. @ https://js.stripe.com/clover/stripe.js:0
[    2482ms] [WARNING] [Stripe.js] You have not registered or verified the domain, so the following payment methods are not enabled in the Express Checkout Element: 

- apple_pay

Please follow https://stripe.com/docs/payments/payment-methods/pmd-registration to register and verify the domain. @ https://js.stripe.com/v3/fingerprinted/js/controller-with-preconnect-e-3cd241abae747a26eb89e6bf69f811ae.js:0
[    2817ms] [ERROR] Access to XMLHttpRequest at 'https://a.klaviyo.com/client/profiles/?company_id=' from origin 'http://localhost' has been blocked by CORS policy: No 'Access-Control-Allow-Origin' header is present on the requested resource. @ http://localhost/sklentr/snazzy-floret/checkout/:0
[    2818ms] [ERROR] Failed to load resource: net::ERR_FAILED @ https://a.klaviyo.com/client/profiles/?company_id=:0
[    2818ms] [ERROR] Access to XMLHttpRequest at 'https://a.klaviyo.com/client/events/?company_id=' from origin 'http://localhost' has been blocked by CORS policy: No 'Access-Control-Allow-Origin' header is present on the requested resource. @ http://localhost/sklentr/snazzy-floret/checkout/:0
[    2818ms] [ERROR] Failed to load resource: net::ERR_FAILED @ https://a.klaviyo.com/client/events/?company_id=:0
[    3139ms] [WARNING] [Stripe.js] You are testing over HTTP, so Google Pay will not appear. You must use HTTPS in order to use Google Pay. @ https://js.stripe.com/v3/fingerprinted/js/controller-with-preconnect-e-3cd241abae747a26eb89e6bf69f811ae.js:0
[    3712ms] [WARNING] [Stripe.js] The following payment method types are not activated:

- link

They will be displayed in test mode, but hidden in live mode. Please activate the payment method types in your dashboard (https://dashboard.stripe.com/settings/payment_methods) and ensure your account is enabled for any preview features that you are trying to use. @ https://js.stripe.com/v3/fingerprinted/js/controller-with-preconnect-e-3cd241abae747a26eb89e6bf69f811ae.js:0
[    4312ms] [WARNING] [Stripe.js] The following payment method types are not activated:

- link

They will be displayed in test mode, but hidden in live mode. Please activate the payment method types in your dashboard (https://dashboard.stripe.com/settings/payment_methods) and ensure your account is enabled for any preview features that you are trying to use. @ https://js.stripe.com/v3/fingerprinted/js/controller-with-preconnect-e-3cd241abae747a26eb89e6bf69f811ae.js:0
[   32394ms] [WARNING] [Stripe.js] The following payment method types are not activated:

- link

They will be displayed in test mode, but hidden in live mode. Please activate the payment method types in your dashboard (https://dashboard.stripe.com/settings/payment_methods) and ensure your account is enabled for any preview features that you are trying to use. @ https://js.stripe.com/v3/fingerprinted/js/controller-with-preconnect-e-3cd241abae747a26eb89e6bf69f811ae.js:0
[   34833ms] [WARNING] [Stripe.js] The following payment method types are not activated:

- link

They will be displayed in test mode, but hidden in live mode. Please activate the payment method types in your dashboard (https://dashboard.stripe.com/settings/payment_methods) and ensure your account is enabled for any preview features that you are trying to use. @ https://js.stripe.com/v3/fingerprinted/js/controller-with-preconnect-e-3cd241abae747a26eb89e6bf69f811ae.js:0
[   80935ms] [WARNING] [Stripe.js] The following payment method types are not activated:

- link

They will be displayed in test mode, but hidden in live mode. Please activate the payment method types in your dashboard (https://dashboard.stripe.com/settings/payment_methods) and ensure your account is enabled for any preview features that you are trying to use. @ https://js.stripe.com/v3/fingerprinted/js/controller-with-preconnect-e-3cd241abae747a26eb89e6bf69f811ae.js:0
[  105057ms] [LOG] JQMIGRATE: Migrate is installed, version 3.4.1 @ http://localhost/sklentr/snazzy-floret/wp-includes/js/jquery/jquery-migrate.min.js:1
[  105378ms] [WARNING] You may test your Stripe.js integration over HTTP. However, live Stripe.js integrations must use HTTPS. @ https://js.stripe.com/clover/stripe.js:0
[  105382ms] [WARNING] You may test your Stripe.js integration over HTTP. However, live Stripe.js integrations must use HTTPS. @ https://js.stripe.com/clover/stripe.js:0
[  105454ms] [WARNING] You may test your Stripe.js integration over HTTP. However, live Stripe.js integrations must use HTTPS. @ https://js.stripe.com/clover/stripe.js:0
[  105723ms] [ERROR] Access to XMLHttpRequest at 'https://a.klaviyo.com/client/profiles/?company_id=' from origin 'http://localhost' has been blocked by CORS policy: No 'Access-Control-Allow-Origin' header is present on the requested resource. @ http://localhost/sklentr/snazzy-floret/checkout/:0
[  105724ms] [ERROR] Failed to load resource: net::ERR_FAILED @ https://a.klaviyo.com/client/profiles/?company_id=:0
[  106065ms] [WARNING] [Stripe.js] You have not registered or verified the domain, so the following payment methods are not enabled in the Express Checkout Element: 

- apple_pay

Please follow https://stripe.com/docs/payments/payment-methods/pmd-registration to register and verify the domain. @ https://js.stripe.com/v3/fingerprinted/js/controller-with-preconnect-e-3cd241abae747a26eb89e6bf69f811ae.js:0
[  106385ms] [ERROR] Access to XMLHttpRequest at 'https://a.klaviyo.com/client/events/?company_id=' from origin 'http://localhost' has been blocked by CORS policy: No 'Access-Control-Allow-Origin' header is present on the requested resource. @ http://localhost/sklentr/snazzy-floret/checkout/:0
[  106385ms] [ERROR] Failed to load resource: net::ERR_FAILED @ https://a.klaviyo.com/client/events/?company_id=:0
[  106638ms] [WARNING] [Stripe.js] You are testing over HTTP, so Google Pay will not appear. You must use HTTPS in order to use Google Pay. @ https://js.stripe.com/v3/fingerprinted/js/controller-with-preconnect-e-3cd241abae747a26eb89e6bf69f811ae.js:0
[  107252ms] [WARNING] [Stripe.js] The following payment method types are not activated:

- link

They will be displayed in test mode, but hidden in live mode. Please activate the payment method types in your dashboard (https://dashboard.stripe.com/settings/payment_methods) and ensure your account is enabled for any preview features that you are trying to use. @ https://js.stripe.com/v3/fingerprinted/js/controller-with-preconnect-e-3cd241abae747a26eb89e6bf69f811ae.js:0
[  107832ms] [WARNING] [Stripe.js] The following payment method types are not activated:

- link

They will be displayed in test mode, but hidden in live mode. Please activate the payment method types in your dashboard (https://dashboard.stripe.com/settings/payment_methods) and ensure your account is enabled for any preview features that you are trying to use. @ https://js.stripe.com/v3/fingerprinted/js/controller-with-preconnect-e-3cd241abae747a26eb89e6bf69f811ae.js:0
[  108333ms] [WARNING] [Stripe.js] The following payment method types are not activated:

- link

They will be displayed in test mode, but hidden in live mode. Please activate the payment method types in your dashboard (https://dashboard.stripe.com/settings/payment_methods) and ensure your account is enabled for any preview features that you are trying to use. @ https://js.stripe.com/v3/fingerprinted/js/controller-with-preconnect-e-3cd241abae747a26eb89e6bf69f811ae.js:0
[  363052ms] [LOG] JQMIGRATE: Migrate is installed, version 3.4.1 @ http://localhost/sklentr/snazzy-floret/wp-includes/js/jquery/jquery-migrate.min.js:1
[  363804ms] [WARNING] You may test your Stripe.js integration over HTTP. However, live Stripe.js integrations must use HTTPS. @ https://js.stripe.com/clover/stripe.js:0
[  363808ms] [WARNING] You may test your Stripe.js integration over HTTP. However, live Stripe.js integrations must use HTTPS. @ https://js.stripe.com/clover/stripe.js:0
[  363899ms] [WARNING] You may test your Stripe.js integration over HTTP. However, live Stripe.js integrations must use HTTPS. @ https://js.stripe.com/clover/stripe.js:0
[  365084ms] [WARNING] [Stripe.js] You have not registered or verified the domain, so the following payment methods are not enabled in the Express Checkout Element: 

- apple_pay

Please follow https://stripe.com/docs/payments/payment-methods/pmd-registration to register and verify the domain. @ https://js.stripe.com/v3/fingerprinted/js/controller-with-preconnect-d81380a1d26d9a6d3a64dab05699db07.js:0
[  365741ms] [WARNING] [Stripe.js] You are testing over HTTP, so Google Pay will not appear. You must use HTTPS in order to use Google Pay. @ https://js.stripe.com/v3/fingerprinted/js/controller-with-preconnect-d81380a1d26d9a6d3a64dab05699db07.js:0
[  365954ms] [ERROR] Failed to load resource: the server responded with a status of 400 () @ https://a.klaviyo.com/client/profiles/?company_id=:0
[  365955ms] [ERROR] Failed to load resource: the server responded with a status of 400 () @ https://a.klaviyo.com/client/events/?company_id=:0
[  366292ms] [WARNING] [Stripe.js] The following payment method types are not activated:

- link

They will be displayed in test mode, but hidden in live mode. Please activate the payment method types in your dashboard (https://dashboard.stripe.com/settings/payment_methods) and ensure your account is enabled for any preview features that you are trying to use. @ https://js.stripe.com/v3/fingerprinted/js/controller-with-preconnect-d81380a1d26d9a6d3a64dab05699db07.js:0
[  366949ms] [WARNING] [Stripe.js] The following payment method types are not activated:

- link

They will be displayed in test mode, but hidden in live mode. Please activate the payment method types in your dashboard (https://dashboard.stripe.com/settings/payment_methods) and ensure your account is enabled for any preview features that you are trying to use. @ https://js.stripe.com/v3/fingerprinted/js/controller-with-preconnect-d81380a1d26d9a6d3a64dab05699db07.js:0
[  369585ms] [WARNING] [Stripe.js] The following payment method types are not activated:

- link

They will be displayed in test mode, but hidden in live mode. Please activate the payment method types in your dashboard (https://dashboard.stripe.com/settings/payment_methods) and ensure your account is enabled for any preview features that you are trying to use. @ https://js.stripe.com/v3/fingerprinted/js/controller-with-preconnect-d81380a1d26d9a6d3a64dab05699db07.js:0
[  406722ms] [LOG] JQMIGRATE: Migrate is installed, version 3.4.1 @ http://localhost/sklentr/snazzy-floret/wp-includes/js/jquery/jquery-migrate.min.js:1
[  407329ms] [WARNING] You may test your Stripe.js integration over HTTP. However, live Stripe.js integrations must use HTTPS. @ https://js.stripe.com/clover/stripe.js:0
[  407333ms] [WARNING] You may test your Stripe.js integration over HTTP. However, live Stripe.js integrations must use HTTPS. @ https://js.stripe.com/clover/stripe.js:0
[  407446ms] [WARNING] You may test your Stripe.js integration over HTTP. However, live Stripe.js integrations must use HTTPS. @ https://js.stripe.com/clover/stripe.js:0
[  408194ms] [ERROR] Failed to load resource: the server responded with a status of 400 () @ https://a.klaviyo.com/client/events/?company_id=:0
[  408240ms] [ERROR] Failed to load resource: the server responded with a status of 400 () @ https://a.klaviyo.com/client/profiles/?company_id=:0
[  408273ms] [WARNING] [Stripe.js] You have not registered or verified the domain, so the following payment methods are not enabled in the Express Checkout Element: 

- apple_pay

Please follow https://stripe.com/docs/payments/payment-methods/pmd-registration to register and verify the domain. @ https://js.stripe.com/v3/fingerprinted/js/controller-with-preconnect-d81380a1d26d9a6d3a64dab05699db07.js:0
[  408997ms] [WARNING] [Stripe.js] You are testing over HTTP, so Google Pay will not appear. You must use HTTPS in order to use Google Pay. @ https://js.stripe.com/v3/fingerprinted/js/controller-with-preconnect-d81380a1d26d9a6d3a64dab05699db07.js:0
[  409713ms] [WARNING] [Stripe.js] The following payment method types are not activated:

- link

They will be displayed in test mode, but hidden in live mode. Please activate the payment method types in your dashboard (https://dashboard.stripe.com/settings/payment_methods) and ensure your account is enabled for any preview features that you are trying to use. @ https://js.stripe.com/v3/fingerprinted/js/controller-with-preconnect-d81380a1d26d9a6d3a64dab05699db07.js:0
[  410386ms] [WARNING] [Stripe.js] The following payment method types are not activated:

- link

They will be displayed in test mode, but hidden in live mode. Please activate the payment method types in your dashboard (https://dashboard.stripe.com/settings/payment_methods) and ensure your account is enabled for any preview features that you are trying to use. @ https://js.stripe.com/v3/fingerprinted/js/controller-with-preconnect-d81380a1d26d9a6d3a64dab05699db07.js:0
[  410908ms] [WARNING] [Stripe.js] The following payment method types are not activated:

- link

They will be displayed in test mode, but hidden in live mode. Please activate the payment method types in your dashboard (https://dashboard.stripe.com/settings/payment_methods) and ensure your account is enabled for any preview features that you are trying to use. @ https://js.stripe.com/v3/fingerprinted/js/controller-with-preconnect-d81380a1d26d9a6d3a64dab05699db07.js:0
[  478437ms] [LOG] JQMIGRATE: Migrate is installed, version 3.4.1 @ http://localhost/sklentr/snazzy-floret/wp-includes/js/jquery/jquery-migrate.min.js:1
[  479299ms] [WARNING] You may test your Stripe.js integration over HTTP. However, live Stripe.js integrations must use HTTPS. @ https://js.stripe.com/clover/stripe.js:0
[  479303ms] [WARNING] You may test your Stripe.js integration over HTTP. However, live Stripe.js integrations must use HTTPS. @ https://js.stripe.com/clover/stripe.js:0
[  479396ms] [WARNING] You may test your Stripe.js integration over HTTP. However, live Stripe.js integrations must use HTTPS. @ https://js.stripe.com/clover/stripe.js:0
[  480441ms] [WARNING] [Stripe.js] You have not registered or verified the domain, so the following payment methods are not enabled in the Express Checkout Element: 

- apple_pay

Please follow https://stripe.com/docs/payments/payment-methods/pmd-registration to register and verify the domain. @ https://js.stripe.com/v3/fingerprinted/js/controller-with-preconnect-d81380a1d26d9a6d3a64dab05699db07.js:0
[  481090ms] [ERROR] Failed to load resource: the server responded with a status of 400 () @ https://a.klaviyo.com/client/profiles/?company_id=:0
[  481091ms] [ERROR] Failed to load resource: the server responded with a status of 400 () @ https://a.klaviyo.com/client/events/?company_id=:0
[  481119ms] [WARNING] [Stripe.js] You are testing over HTTP, so Google Pay will not appear. You must use HTTPS in order to use Google Pay. @ https://js.stripe.com/v3/fingerprinted/js/controller-with-preconnect-d81380a1d26d9a6d3a64dab05699db07.js:0
[  481762ms] [WARNING] [Stripe.js] The following payment method types are not activated:

- link

They will be displayed in test mode, but hidden in live mode. Please activate the payment method types in your dashboard (https://dashboard.stripe.com/settings/payment_methods) and ensure your account is enabled for any preview features that you are trying to use. @ https://js.stripe.com/v3/fingerprinted/js/controller-with-preconnect-d81380a1d26d9a6d3a64dab05699db07.js:0
[  482387ms] [WARNING] [Stripe.js] The following payment method types are not activated:

- link

They will be displayed in test mode, but hidden in live mode. Please activate the payment method types in your dashboard (https://dashboard.stripe.com/settings/payment_methods) and ensure your account is enabled for any preview features that you are trying to use. @ https://js.stripe.com/v3/fingerprinted/js/controller-with-preconnect-d81380a1d26d9a6d3a64dab05699db07.js:0
[  482844ms] [WARNING] [Stripe.js] The following payment method types are not activated:

- link

They will be displayed in test mode, but hidden in live mode. Please activate the payment method types in your dashboard (https://dashboard.stripe.com/settings/payment_methods) and ensure your account is enabled for any preview features that you are trying to use. @ https://js.stripe.com/v3/fingerprinted/js/controller-with-preconnect-d81380a1d26d9a6d3a64dab05699db07.js:0
[  529847ms] [LOG] JQMIGRATE: Migrate is installed, version 3.4.1 @ http://localhost/sklentr/snazzy-floret/wp-includes/js/jquery/jquery-migrate.min.js:1
[  530510ms] [WARNING] You may test your Stripe.js integration over HTTP. However, live Stripe.js integrations must use HTTPS. @ https://js.stripe.com/clover/stripe.js:0
[  530515ms] [WARNING] You may test your Stripe.js integration over HTTP. However, live Stripe.js integrations must use HTTPS. @ https://js.stripe.com/clover/stripe.js:0
[  530634ms] [WARNING] You may test your Stripe.js integration over HTTP. However, live Stripe.js integrations must use HTTPS. @ https://js.stripe.com/clover/stripe.js:0
[  531599ms] [WARNING] [Stripe.js] You have not registered or verified the domain, so the following payment methods are not enabled in the Express Checkout Element: 

- apple_pay

Please follow https://stripe.com/docs/payments/payment-methods/pmd-registration to register and verify the domain. @ https://js.stripe.com/v3/fingerprinted/js/controller-with-preconnect-e-3cd241abae747a26eb89e6bf69f811ae.js:0
[  532222ms] [ERROR] Failed to load resource: the server responded with a status of 400 () @ https://a.klaviyo.com/client/profiles/?company_id=:0
[  532224ms] [ERROR] Failed to load resource: the server responded with a status of 400 () @ https://a.klaviyo.com/client/events/?company_id=:0
[  532314ms] [WARNING] [Stripe.js] You are testing over HTTP, so Google Pay will not appear. You must use HTTPS in order to use Google Pay. @ https://js.stripe.com/v3/fingerprinted/js/controller-with-preconnect-e-3cd241abae747a26eb89e6bf69f811ae.js:0
[  532919ms] [WARNING] [Stripe.js] The following payment method types are not activated:

- link

They will be displayed in test mode, but hidden in live mode. Please activate the payment method types in your dashboard (https://dashboard.stripe.com/settings/payment_methods) and ensure your account is enabled for any preview features that you are trying to use. @ https://js.stripe.com/v3/fingerprinted/js/controller-with-preconnect-e-3cd241abae747a26eb89e6bf69f811ae.js:0
[  533528ms] [WARNING] [Stripe.js] The following payment method types are not activated:

- link

They will be displayed in test mode, but hidden in live mode. Please activate the payment method types in your dashboard (https://dashboard.stripe.com/settings/payment_methods) and ensure your account is enabled for any preview features that you are trying to use. @ https://js.stripe.com/v3/fingerprinted/js/controller-with-preconnect-e-3cd241abae747a26eb89e6bf69f811ae.js:0
[  534039ms] [WARNING] [Stripe.js] The following payment method types are not activated:

- link

They will be displayed in test mode, but hidden in live mode. Please activate the payment method types in your dashboard (https://dashboard.stripe.com/settings/payment_methods) and ensure your account is enabled for any preview features that you are trying to use. @ https://js.stripe.com/v3/fingerprinted/js/controller-with-preconnect-e-3cd241abae747a26eb89e6bf69f811ae.js:0
[  539787ms] [LOG] JQMIGRATE: Migrate is installed, version 3.4.1 @ http://localhost/sklentr/snazzy-floret/wp-includes/js/jquery/jquery-migrate.min.js:1
[  540406ms] [WARNING] You may test your Stripe.js integration over HTTP. However, live Stripe.js integrations must use HTTPS. @ https://js.stripe.com/clover/stripe.js:0
[  540410ms] [WARNING] You may test your Stripe.js integration over HTTP. However, live Stripe.js integrations must use HTTPS. @ https://js.stripe.com/clover/stripe.js:0
[  540527ms] [WARNING] You may test your Stripe.js integration over HTTP. However, live Stripe.js integrations must use HTTPS. @ https://js.stripe.com/clover/stripe.js:0
[  541519ms] [WARNING] [Stripe.js] You have not registered or verified the domain, so the following payment methods are not enabled in the Express Checkout Element: 

- apple_pay

Please follow https://stripe.com/docs/payments/payment-methods/pmd-registration to register and verify the domain. @ https://js.stripe.com/v3/fingerprinted/js/controller-with-preconnect-d81380a1d26d9a6d3a64dab05699db07.js:0
[  542240ms] [WARNING] [Stripe.js] You are testing over HTTP, so Google Pay will not appear. You must use HTTPS in order to use Google Pay. @ https://js.stripe.com/v3/fingerprinted/js/controller-with-preconnect-d81380a1d26d9a6d3a64dab05699db07.js:0
[  543089ms] [WARNING] [Stripe.js] The following payment method types are not activated:

- link

They will be displayed in test mode, but hidden in live mode. Please activate the payment method types in your dashboard (https://dashboard.stripe.com/settings/payment_methods) and ensure your account is enabled for any preview features that you are trying to use. @ https://js.stripe.com/v3/fingerprinted/js/controller-with-preconnect-d81380a1d26d9a6d3a64dab05699db07.js:0
[  543566ms] [ERROR] Failed to load resource: the server responded with a status of 400 () @ https://a.klaviyo.com/client/profiles/?company_id=:0
[  543706ms] [WARNING] [Stripe.js] The following payment method types are not activated:

- link

They will be displayed in test mode, but hidden in live mode. Please activate the payment method types in your dashboard (https://dashboard.stripe.com/settings/payment_methods) and ensure your account is enabled for any preview features that you are trying to use. @ https://js.stripe.com/v3/fingerprinted/js/controller-with-preconnect-d81380a1d26d9a6d3a64dab05699db07.js:0
[  544252ms] [WARNING] [Stripe.js] The following payment method types are not activated:

- link

They will be displayed in test mode, but hidden in live mode. Please activate the payment method types in your dashboard (https://dashboard.stripe.com/settings/payment_methods) and ensure your account is enabled for any preview features that you are trying to use. @ https://js.stripe.com/v3/fingerprinted/js/controller-with-preconnect-d81380a1d26d9a6d3a64dab05699db07.js:0
[  594294ms] [LOG] JQMIGRATE: Migrate is installed, version 3.4.1 @ http://localhost/sklentr/snazzy-floret/wp-includes/js/jquery/jquery-migrate.min.js:1
[  594973ms] [WARNING] You may test your Stripe.js integration over HTTP. However, live Stripe.js integrations must use HTTPS. @ https://js.stripe.com/clover/stripe.js:0
[  594977ms] [WARNING] You may test your Stripe.js integration over HTTP. However, live Stripe.js integrations must use HTTPS. @ https://js.stripe.com/clover/stripe.js:0
[  595139ms] [WARNING] You may test your Stripe.js integration over HTTP. However, live Stripe.js integrations must use HTTPS. @ https://js.stripe.com/clover/stripe.js:0
[  596223ms] [WARNING] [Stripe.js] You have not registered or verified the domain, so the following payment methods are not enabled in the Express Checkout Element: 

- apple_pay

Please follow https://stripe.com/docs/payments/payment-methods/pmd-registration to register and verify the domain. @ https://js.stripe.com/v3/fingerprinted/js/controller-with-preconnect-e-3cd241abae747a26eb89e6bf69f811ae.js:0
[  596848ms] [WARNING] [Stripe.js] You are testing over HTTP, so Google Pay will not appear. You must use HTTPS in order to use Google Pay. @ https://js.stripe.com/v3/fingerprinted/js/controller-with-preconnect-e-3cd241abae747a26eb89e6bf69f811ae.js:0
[  597403ms] [WARNING] [Stripe.js] The following payment method types are not activated:

- link

They will be displayed in test mode, but hidden in live mode. Please activate the payment method types in your dashboard (https://dashboard.stripe.com/settings/payment_methods) and ensure your account is enabled for any preview features that you are trying to use. @ https://js.stripe.com/v3/fingerprinted/js/controller-with-preconnect-e-3cd241abae747a26eb89e6bf69f811ae.js:0
[  598041ms] [WARNING] [Stripe.js] The following payment method types are not activated:

- link

They will be displayed in test mode, but hidden in live mode. Please activate the payment method types in your dashboard (https://dashboard.stripe.com/settings/payment_methods) and ensure your account is enabled for any preview features that you are trying to use. @ https://js.stripe.com/v3/fingerprinted/js/controller-with-preconnect-e-3cd241abae747a26eb89e6bf69f811ae.js:0
[  598524ms] [WARNING] [Stripe.js] The following payment method types are not activated:

- link

They will be displayed in test mode, but hidden in live mode. Please activate the payment method types in your dashboard (https://dashboard.stripe.com/settings/payment_methods) and ensure your account is enabled for any preview features that you are trying to use. @ https://js.stripe.com/v3/fingerprinted/js/controller-with-preconnect-e-3cd241abae747a26eb89e6bf69f811ae.js:0
[  607133ms] [ERROR] Failed to load resource: the server responded with a status of 400 () @ https://a.klaviyo.com/client/profiles/?company_id=:0
[  607393ms] [ERROR] Failed to load resource: the server responded with a status of 400 () @ https://a.klaviyo.com/client/events/?company_id=:0
[  684145ms] [LOG] JQMIGRATE: Migrate is installed, version 3.4.1 @ http://localhost/sklentr/snazzy-floret/wp-includes/js/jquery/jquery-migrate.min.js:1
[  684926ms] [WARNING] You may test your Stripe.js integration over HTTP. However, live Stripe.js integrations must use HTTPS. @ https://js.stripe.com/clover/stripe.js:0
[  684930ms] [WARNING] You may test your Stripe.js integration over HTTP. However, live Stripe.js integrations must use HTTPS. @ https://js.stripe.com/clover/stripe.js:0
[  685053ms] [WARNING] You may test your Stripe.js integration over HTTP. However, live Stripe.js integrations must use HTTPS. @ https://js.stripe.com/clover/stripe.js:0
[  685968ms] [WARNING] [Stripe.js] You have not registered or verified the domain, so the following payment methods are not enabled in the Express Checkout Element: 

- apple_pay

Please follow https://stripe.com/docs/payments/payment-methods/pmd-registration to register and verify the domain. @ https://js.stripe.com/v3/fingerprinted/js/controller-with-preconnect-e-3cd241abae747a26eb89e6bf69f811ae.js:0
[  686678ms] [WARNING] [Stripe.js] You are testing over HTTP, so Google Pay will not appear. You must use HTTPS in order to use Google Pay. @ https://js.stripe.com/v3/fingerprinted/js/controller-with-preconnect-e-3cd241abae747a26eb89e6bf69f811ae.js:0
[  686703ms] [ERROR] Failed to load resource: the server responded with a status of 400 () @ https://a.klaviyo.com/client/profiles/?company_id=:0
[  686715ms] [ERROR] Failed to load resource: the server responded with a status of 400 () @ https://a.klaviyo.com/client/events/?company_id=:0
[  687240ms] [WARNING] [Stripe.js] The following payment method types are not activated:

- link

They will be displayed in test mode, but hidden in live mode. Please activate the payment method types in your dashboard (https://dashboard.stripe.com/settings/payment_methods) and ensure your account is enabled for any preview features that you are trying to use. @ https://js.stripe.com/v3/fingerprinted/js/controller-with-preconnect-e-3cd241abae747a26eb89e6bf69f811ae.js:0
[  687825ms] [WARNING] [Stripe.js] The following payment method types are not activated:

- link

They will be displayed in test mode, but hidden in live mode. Please activate the payment method types in your dashboard (https://dashboard.stripe.com/settings/payment_methods) and ensure your account is enabled for any preview features that you are trying to use. @ https://js.stripe.com/v3/fingerprinted/js/controller-with-preconnect-e-3cd241abae747a26eb89e6bf69f811ae.js:0
[  688259ms] [WARNING] [Stripe.js] The following payment method types are not activated:

- link

They will be displayed in test mode, but hidden in live mode. Please activate the payment method types in your dashboard (https://dashboard.stripe.com/settings/payment_methods) and ensure your account is enabled for any preview features that you are trying to use. @ https://js.stripe.com/v3/fingerprinted/js/controller-with-preconnect-e-3cd241abae747a26eb89e6bf69f811ae.js:0
[  790997ms] [LOG] JQMIGRATE: Migrate is installed, version 3.4.1 @ http://localhost/sklentr/snazzy-floret/wp-includes/js/jquery/jquery-migrate.min.js:1
[  791553ms] [WARNING] You may test your Stripe.js integration over HTTP. However, live Stripe.js integrations must use HTTPS. @ https://js.stripe.com/clover/stripe.js:0
[  791557ms] [WARNING] You may test your Stripe.js integration over HTTP. However, live Stripe.js integrations must use HTTPS. @ https://js.stripe.com/clover/stripe.js:0
[  791666ms] [WARNING] You may test your Stripe.js integration over HTTP. However, live Stripe.js integrations must use HTTPS. @ https://js.stripe.com/clover/stripe.js:0
[  792640ms] [WARNING] [Stripe.js] You have not registered or verified the domain, so the following payment methods are not enabled in the Express Checkout Element: 

- apple_pay

Please follow https://stripe.com/docs/payments/payment-methods/pmd-registration to register and verify the domain. @ https://js.stripe.com/v3/fingerprinted/js/controller-with-preconnect-e-3cd241abae747a26eb89e6bf69f811ae.js:0
[  792693ms] [ERROR] Failed to load resource: the server responded with a status of 400 () @ https://a.klaviyo.com/client/profiles/?company_id=:0
[  792703ms] [ERROR] Failed to load resource: the server responded with a status of 400 () @ https://a.klaviyo.com/client/events/?company_id=:0
[  793275ms] [WARNING] [Stripe.js] You are testing over HTTP, so Google Pay will not appear. You must use HTTPS in order to use Google Pay. @ https://js.stripe.com/v3/fingerprinted/js/controller-with-preconnect-e-3cd241abae747a26eb89e6bf69f811ae.js:0
[  793929ms] [WARNING] [Stripe.js] The following payment method types are not activated:

- link

They will be displayed in test mode, but hidden in live mode. Please activate the payment method types in your dashboard (https://dashboard.stripe.com/settings/payment_methods) and ensure your account is enabled for any preview features that you are trying to use. @ https://js.stripe.com/v3/fingerprinted/js/controller-with-preconnect-e-3cd241abae747a26eb89e6bf69f811ae.js:0
[  794547ms] [WARNING] [Stripe.js] The following payment method types are not activated:

- link

They will be displayed in test mode, but hidden in live mode. Please activate the payment method types in your dashboard (https://dashboard.stripe.com/settings/payment_methods) and ensure your account is enabled for any preview features that you are trying to use. @ https://js.stripe.com/v3/fingerprinted/js/controller-with-preconnect-e-3cd241abae747a26eb89e6bf69f811ae.js:0
[  795034ms] [WARNING] [Stripe.js] The following payment method types are not activated:

- link

They will be displayed in test mode, but hidden in live mode. Please activate the payment method types in your dashboard (https://dashboard.stripe.com/settings/payment_methods) and ensure your account is enabled for any preview features that you are trying to use. @ https://js.stripe.com/v3/fingerprinted/js/controller-with-preconnect-e-3cd241abae747a26eb89e6bf69f811ae.js:0
[  922094ms] [LOG] JQMIGRATE: Migrate is installed, version 3.4.1 @ http://localhost/sklentr/snazzy-floret/wp-includes/js/jquery/jquery-migrate.min.js:1
[  922519ms] [WARNING] You may test your Stripe.js integration over HTTP. However, live Stripe.js integrations must use HTTPS. @ https://js.stripe.com/clover/stripe.js:0
[  922525ms] [WARNING] You may test your Stripe.js integration over HTTP. However, live Stripe.js integrations must use HTTPS. @ https://js.stripe.com/clover/stripe.js:0
[  922641ms] [WARNING] You may test your Stripe.js integration over HTTP. However, live Stripe.js integrations must use HTTPS. @ https://js.stripe.com/clover/stripe.js:0
[  923365ms] [WARNING] [Stripe.js] You have not registered or verified the domain, so the following payment methods are not enabled in the Express Checkout Element: 

- apple_pay

Please follow https://stripe.com/docs/payments/payment-methods/pmd-registration to register and verify the domain. @ https://js.stripe.com/v3/fingerprinted/js/controller-with-preconnect-e-3cd241abae747a26eb89e6bf69f811ae.js:0
[  923637ms] [ERROR] Failed to load resource: the server responded with a status of 400 () @ https://a.klaviyo.com/client/profiles/?company_id=:0
[  923683ms] [ERROR] Failed to load resource: the server responded with a status of 400 () @ https://a.klaviyo.com/client/events/?company_id=:0
[  924037ms] [WARNING] [Stripe.js] You are testing over HTTP, so Google Pay will not appear. You must use HTTPS in order to use Google Pay. @ https://js.stripe.com/v3/fingerprinted/js/controller-with-preconnect-e-3cd241abae747a26eb89e6bf69f811ae.js:0
[  924609ms] [WARNING] [Stripe.js] The following payment method types are not activated:

- link

They will be displayed in test mode, but hidden in live mode. Please activate the payment method types in your dashboard (https://dashboard.stripe.com/settings/payment_methods) and ensure your account is enabled for any preview features that you are trying to use. @ https://js.stripe.com/v3/fingerprinted/js/controller-with-preconnect-e-3cd241abae747a26eb89e6bf69f811ae.js:0
[  925244ms] [WARNING] [Stripe.js] The following payment method types are not activated:

- link

They will be displayed in test mode, but hidden in live mode. Please activate the payment method types in your dashboard (https://dashboard.stripe.com/settings/payment_methods) and ensure your account is enabled for any preview features that you are trying to use. @ https://js.stripe.com/v3/fingerprinted/js/controller-with-preconnect-e-3cd241abae747a26eb89e6bf69f811ae.js:0
[  925751ms] [WARNING] [Stripe.js] The following payment method types are not activated:

- link

They will be displayed in test mode, but hidden in live mode. Please activate the payment method types in your dashboard (https://dashboard.stripe.com/settings/payment_methods) and ensure your account is enabled for any preview features that you are trying to use. @ https://js.stripe.com/v3/fingerprinted/js/controller-with-preconnect-e-3cd241abae747a26eb89e6bf69f811ae.js:0
[  990462ms] [LOG] JQMIGRATE: Migrate is installed, version 3.4.1 @ http://localhost/sklentr/snazzy-floret/wp-includes/js/jquery/jquery-migrate.min.js:1
[  990759ms] [WARNING] You may test your Stripe.js integration over HTTP. However, live Stripe.js integrations must use HTTPS. @ https://js.stripe.com/clover/stripe.js:0
[  990763ms] [WARNING] You may test your Stripe.js integration over HTTP. However, live Stripe.js integrations must use HTTPS. @ https://js.stripe.com/clover/stripe.js:0
[  990857ms] [WARNING] You may test your Stripe.js integration over HTTP. However, live Stripe.js integrations must use HTTPS. @ https://js.stripe.com/clover/stripe.js:0
[  991492ms] [WARNING] [Stripe.js] You have not registered or verified the domain, so the following payment methods are not enabled in the Express Checkout Element: 

- apple_pay

Please follow https://stripe.com/docs/payments/payment-methods/pmd-registration to register and verify the domain. @ https://js.stripe.com/v3/fingerprinted/js/controller-with-preconnect-e-3cd241abae747a26eb89e6bf69f811ae.js:0
[  991547ms] [ERROR] Failed to load resource: the server responded with a status of 400 () @ https://a.klaviyo.com/client/profiles/?company_id=:0
[  992223ms] [ERROR] Failed to load resource: the server responded with a status of 400 () @ https://a.klaviyo.com/client/events/?company_id=:0
[  992253ms] [WARNING] [Stripe.js] You are testing over HTTP, so Google Pay will not appear. You must use HTTPS in order to use Google Pay. @ https://js.stripe.com/v3/fingerprinted/js/controller-with-preconnect-e-3cd241abae747a26eb89e6bf69f811ae.js:0
[  992790ms] [WARNING] [Stripe.js] The following payment method types are not activated:

- link

They will be displayed in test mode, but hidden in live mode. Please activate the payment method types in your dashboard (https://dashboard.stripe.com/settings/payment_methods) and ensure your account is enabled for any preview features that you are trying to use. @ https://js.stripe.com/v3/fingerprinted/js/controller-with-preconnect-e-3cd241abae747a26eb89e6bf69f811ae.js:0
[  993401ms] [WARNING] [Stripe.js] The following payment method types are not activated:

- link

They will be displayed in test mode, but hidden in live mode. Please activate the payment method types in your dashboard (https://dashboard.stripe.com/settings/payment_methods) and ensure your account is enabled for any preview features that you are trying to use. @ https://js.stripe.com/v3/fingerprinted/js/controller-with-preconnect-e-3cd241abae747a26eb89e6bf69f811ae.js:0
[  993916ms] [WARNING] [Stripe.js] The following payment method types are not activated:

- link

They will be displayed in test mode, but hidden in live mode. Please activate the payment method types in your dashboard (https://dashboard.stripe.com/settings/payment_methods) and ensure your account is enabled for any preview features that you are trying to use. @ https://js.stripe.com/v3/fingerprinted/js/controller-with-preconnect-e-3cd241abae747a26eb89e6bf69f811ae.js:0
[ 1024543ms] [LOG] JQMIGRATE: Migrate is installed, version 3.4.1 @ http://localhost/sklentr/snazzy-floret/wp-includes/js/jquery/jquery-migrate.min.js:1
[ 1024965ms] [WARNING] You may test your Stripe.js integration over HTTP. However, live Stripe.js integrations must use HTTPS. @ https://js.stripe.com/clover/stripe.js:0
[ 1024970ms] [WARNING] You may test your Stripe.js integration over HTTP. However, live Stripe.js integrations must use HTTPS. @ https://js.stripe.com/clover/stripe.js:0
[ 1025120ms] [WARNING] You may test your Stripe.js integration over HTTP. However, live Stripe.js integrations must use HTTPS. @ https://js.stripe.com/clover/stripe.js:0
[ 1026024ms] [WARNING] [Stripe.js] You have not registered or verified the domain, so the following payment methods are not enabled in the Express Checkout Element: 

- apple_pay

Please follow https://stripe.com/docs/payments/payment-methods/pmd-registration to register and verify the domain. @ https://js.stripe.com/v3/fingerprinted/js/controller-with-preconnect-d81380a1d26d9a6d3a64dab05699db07.js:0
[ 1026711ms] [WARNING] [Stripe.js] You are testing over HTTP, so Google Pay will not appear. You must use HTTPS in order to use Google Pay. @ https://js.stripe.com/v3/fingerprinted/js/controller-with-preconnect-d81380a1d26d9a6d3a64dab05699db07.js:0
[ 1026744ms] [ERROR] Failed to load resource: the server responded with a status of 400 () @ https://a.klaviyo.com/client/profiles/?company_id=:0
[ 1026748ms] [ERROR] Failed to load resource: the server responded with a status of 400 () @ https://a.klaviyo.com/client/events/?company_id=:0
[ 1027309ms] [WARNING] [Stripe.js] The following payment method types are not activated:

- link

They will be displayed in test mode, but hidden in live mode. Please activate the payment method types in your dashboard (https://dashboard.stripe.com/settings/payment_methods) and ensure your account is enabled for any preview features that you are trying to use. @ https://js.stripe.com/v3/fingerprinted/js/controller-with-preconnect-d81380a1d26d9a6d3a64dab05699db07.js:0
[ 1027892ms] [WARNING] [Stripe.js] The following payment method types are not activated:

- link

They will be displayed in test mode, but hidden in live mode. Please activate the payment method types in your dashboard (https://dashboard.stripe.com/settings/payment_methods) and ensure your account is enabled for any preview features that you are trying to use. @ https://js.stripe.com/v3/fingerprinted/js/controller-with-preconnect-d81380a1d26d9a6d3a64dab05699db07.js:0
[ 1028384ms] [WARNING] [Stripe.js] The following payment method types are not activated:

- link

They will be displayed in test mode, but hidden in live mode. Please activate the payment method types in your dashboard (https://dashboard.stripe.com/settings/payment_methods) and ensure your account is enabled for any preview features that you are trying to use. @ https://js.stripe.com/v3/fingerprinted/js/controller-with-preconnect-d81380a1d26d9a6d3a64dab05699db07.js:0
[ 1056580ms] [WARNING] [Stripe.js] The following payment method types are not activated:

- link

They will be displayed in test mode, but hidden in live mode. Please activate the payment method types in your dashboard (https://dashboard.stripe.com/settings/payment_methods) and ensure your account is enabled for any preview features that you are trying to use. @ https://js.stripe.com/v3/fingerprinted/js/controller-with-preconnect-d81380a1d26d9a6d3a64dab05699db07.js:0
[ 1113144ms] [LOG] JQMIGRATE: Migrate is installed, version 3.4.1 @ http://localhost/sklentr/snazzy-floret/wp-includes/js/jquery/jquery-migrate.min.js:1
[ 1113524ms] [WARNING] You may test your Stripe.js integration over HTTP. However, live Stripe.js integrations must use HTTPS. @ https://js.stripe.com/clover/stripe.js:0
[ 1113529ms] [WARNING] You may test your Stripe.js integration over HTTP. However, live Stripe.js integrations must use HTTPS. @ https://js.stripe.com/clover/stripe.js:0
[ 1113687ms] [WARNING] You may test your Stripe.js integration over HTTP. However, live Stripe.js integrations must use HTTPS. @ https://js.stripe.com/clover/stripe.js:0
[ 1114451ms] [WARNING] [Stripe.js] You have not registered or verified the domain, so the following payment methods are not enabled in the Express Checkout Element: 

- apple_pay

Please follow https://stripe.com/docs/payments/payment-methods/pmd-registration to register and verify the domain. @ https://js.stripe.com/v3/fingerprinted/js/controller-with-preconnect-d81380a1d26d9a6d3a64dab05699db07.js:0
[ 1114508ms] [ERROR] Failed to load resource: the server responded with a status of 400 () @ https://a.klaviyo.com/client/events/?company_id=:0
[ 1114552ms] [ERROR] Failed to load resource: the server responded with a status of 400 () @ https://a.klaviyo.com/client/profiles/?company_id=:0
[ 1115085ms] [WARNING] [Stripe.js] You are testing over HTTP, so Google Pay will not appear. You must use HTTPS in order to use Google Pay. @ https://js.stripe.com/v3/fingerprinted/js/controller-with-preconnect-d81380a1d26d9a6d3a64dab05699db07.js:0
[ 1115676ms] [WARNING] [Stripe.js] The following payment method types are not activated:

- link

They will be displayed in test mode, but hidden in live mode. Please activate the payment method types in your dashboard (https://dashboard.stripe.com/settings/payment_methods) and ensure your account is enabled for any preview features that you are trying to use. @ https://js.stripe.com/v3/fingerprinted/js/controller-with-preconnect-d81380a1d26d9a6d3a64dab05699db07.js:0
[ 1116249ms] [WARNING] [Stripe.js] The following payment method types are not activated:

- link

They will be displayed in test mode, but hidden in live mode. Please activate the payment method types in your dashboard (https://dashboard.stripe.com/settings/payment_methods) and ensure your account is enabled for any preview features that you are trying to use. @ https://js.stripe.com/v3/fingerprinted/js/controller-with-preconnect-d81380a1d26d9a6d3a64dab05699db07.js:0
[ 1174090ms] [WARNING] [Stripe.js] The following payment method types are not activated:

- link

They will be displayed in test mode, but hidden in live mode. Please activate the payment method types in your dashboard (https://dashboard.stripe.com/settings/payment_methods) and ensure your account is enabled for any preview features that you are trying to use. @ https://js.stripe.com/v3/fingerprinted/js/controller-with-preconnect-d81380a1d26d9a6d3a64dab05699db07.js:0
[ 1203342ms] [LOG] JQMIGRATE: Migrate is installed, version 3.4.1 @ http://localhost/sklentr/snazzy-floret/wp-includes/js/jquery/jquery-migrate.min.js:1
[ 1204055ms] [WARNING] You may test your Stripe.js integration over HTTP. However, live Stripe.js integrations must use HTTPS. @ https://js.stripe.com/clover/stripe.js:0
[ 1204060ms] [WARNING] You may test your Stripe.js integration over HTTP. However, live Stripe.js integrations must use HTTPS. @ https://js.stripe.com/clover/stripe.js:0
[ 1204179ms] [WARNING] You may test your Stripe.js integration over HTTP. However, live Stripe.js integrations must use HTTPS. @ https://js.stripe.com/clover/stripe.js:0
[ 1205148ms] [WARNING] [Stripe.js] You have not registered or verified the domain, so the following payment methods are not enabled in the Express Checkout Element: 

- apple_pay

Please follow https://stripe.com/docs/payments/payment-methods/pmd-registration to register and verify the domain. @ https://js.stripe.com/v3/fingerprinted/js/controller-with-preconnect-e-3cd241abae747a26eb89e6bf69f811ae.js:0
[ 1205672ms] [ERROR] Failed to load resource: the server responded with a status of 400 () @ https://a.klaviyo.com/client/profiles/?company_id=:0
[ 1205707ms] [ERROR] Failed to load resource: the server responded with a status of 400 () @ https://a.klaviyo.com/client/events/?company_id=:0
[ 1205817ms] [WARNING] [Stripe.js] You are testing over HTTP, so Google Pay will not appear. You must use HTTPS in order to use Google Pay. @ https://js.stripe.com/v3/fingerprinted/js/controller-with-preconnect-e-3cd241abae747a26eb89e6bf69f811ae.js:0
[ 1206423ms] [WARNING] [Stripe.js] The following payment method types are not activated:

- link

They will be displayed in test mode, but hidden in live mode. Please activate the payment method types in your dashboard (https://dashboard.stripe.com/settings/payment_methods) and ensure your account is enabled for any preview features that you are trying to use. @ https://js.stripe.com/v3/fingerprinted/js/controller-with-preconnect-e-3cd241abae747a26eb89e6bf69f811ae.js:0
[ 1207051ms] [WARNING] [Stripe.js] The following payment method types are not activated:

- link

They will be displayed in test mode, but hidden in live mode. Please activate the payment method types in your dashboard (https://dashboard.stripe.com/settings/payment_methods) and ensure your account is enabled for any preview features that you are trying to use. @ https://js.stripe.com/v3/fingerprinted/js/controller-with-preconnect-e-3cd241abae747a26eb89e6bf69f811ae.js:0
[ 1208918ms] [WARNING] [Stripe.js] The following payment method types are not activated:

- link

They will be displayed in test mode, but hidden in live mode. Please activate the payment method types in your dashboard (https://dashboard.stripe.com/settings/payment_methods) and ensure your account is enabled for any preview features that you are trying to use. @ https://js.stripe.com/v3/fingerprinted/js/controller-with-preconnect-e-3cd241abae747a26eb89e6bf69f811ae.js:0
[ 1233367ms] [LOG] JQMIGRATE: Migrate is installed, version 3.4.1 @ http://localhost/sklentr/snazzy-floret/wp-includes/js/jquery/jquery-migrate.min.js:1
[ 1233999ms] [WARNING] You may test your Stripe.js integration over HTTP. However, live Stripe.js integrations must use HTTPS. @ https://js.stripe.com/clover/stripe.js:0
[ 1234006ms] [WARNING] You may test your Stripe.js integration over HTTP. However, live Stripe.js integrations must use HTTPS. @ https://js.stripe.com/clover/stripe.js:0
[ 1234182ms] [WARNING] You may test your Stripe.js integration over HTTP. However, live Stripe.js integrations must use HTTPS. @ https://js.stripe.com/clover/stripe.js:0
[ 1235095ms] [WARNING] [Stripe.js] You have not registered or verified the domain, so the following payment methods are not enabled in the Express Checkout Element: 

- apple_pay

Please follow https://stripe.com/docs/payments/payment-methods/pmd-registration to register and verify the domain. @ https://js.stripe.com/v3/fingerprinted/js/controller-with-preconnect-e-3cd241abae747a26eb89e6bf69f811ae.js:0
[ 1235833ms] [ERROR] Failed to load resource: the server responded with a status of 400 () @ https://a.klaviyo.com/client/profiles/?company_id=:0
[ 1235842ms] [WARNING] [Stripe.js] You are testing over HTTP, so Google Pay will not appear. You must use HTTPS in order to use Google Pay. @ https://js.stripe.com/v3/fingerprinted/js/controller-with-preconnect-e-3cd241abae747a26eb89e6bf69f811ae.js:0
[ 1236396ms] [WARNING] [Stripe.js] The following payment method types are not activated:

- link

They will be displayed in test mode, but hidden in live mode. Please activate the payment method types in your dashboard (https://dashboard.stripe.com/settings/payment_methods) and ensure your account is enabled for any preview features that you are trying to use. @ https://js.stripe.com/v3/fingerprinted/js/controller-with-preconnect-e-3cd241abae747a26eb89e6bf69f811ae.js:0
[ 1236505ms] [ERROR] Failed to load resource: the server responded with a status of 400 () @ https://a.klaviyo.com/client/events/?company_id=:0
[ 1237019ms] [WARNING] [Stripe.js] The following payment method types are not activated:

- link

They will be displayed in test mode, but hidden in live mode. Please activate the payment method types in your dashboard (https://dashboard.stripe.com/settings/payment_methods) and ensure your account is enabled for any preview features that you are trying to use. @ https://js.stripe.com/v3/fingerprinted/js/controller-with-preconnect-e-3cd241abae747a26eb89e6bf69f811ae.js:0
[ 1238280ms] [WARNING] [Stripe.js] The following payment method types are not activated:

- link

They will be displayed in test mode, but hidden in live mode. Please activate the payment method types in your dashboard (https://dashboard.stripe.com/settings/payment_methods) and ensure your account is enabled for any preview features that you are trying to use. @ https://js.stripe.com/v3/fingerprinted/js/controller-with-preconnect-e-3cd241abae747a26eb89e6bf69f811ae.js:0
[ 1256757ms] [WARNING] [Stripe.js] The following payment method types are not activated:

- link

They will be displayed in test mode, but hidden in live mode. Please activate the payment method types in your dashboard (https://dashboard.stripe.com/settings/payment_methods) and ensure your account is enabled for any preview features that you are trying to use. @ https://js.stripe.com/v3/fingerprinted/js/controller-with-preconnect-e-3cd241abae747a26eb89e6bf69f811ae.js:0
[ 1287715ms] [WARNING] [Stripe.js] The following payment method types are not activated:

- link

They will be displayed in test mode, but hidden in live mode. Please activate the payment method types in your dashboard (https://dashboard.stripe.com/settings/payment_methods) and ensure your account is enabled for any preview features that you are trying to use. @ https://js.stripe.com/v3/fingerprinted/js/controller-with-preconnect-e-3cd241abae747a26eb89e6bf69f811ae.js:0
[ 1353509ms] [LOG] JQMIGRATE: Migrate is installed, version 3.4.1 @ http://localhost/sklentr/snazzy-floret/wp-includes/js/jquery/jquery-migrate.min.js:1
[ 1353963ms] Error: Function rdt not implemented.
    at t (http://localhost/sklentr/snazzy-floret/wp-content/plugins/reddit-for-woocommerce/js/build/tracking.js:1:216)
    at http://localhost/sklentr/snazzy-floret/wp-content/plugins/reddit-for-woocommerce/js/build/tracking.js:1:3209
    at HTMLDocument.<anonymous> (http://localhost/sklentr/snazzy-floret/wp-content/plugins/reddit-for-woocommerce/js/build/tracking.js:1:3270)
[ 1361248ms] [LOG] JQMIGRATE: Migrate is installed, version 3.4.1 @ http://localhost/sklentr/snazzy-floret/wp-includes/js/jquery/jquery-migrate.min.js:1
[ 1361276ms] Error: Function rdt not implemented.
    at t (http://localhost/sklentr/snazzy-floret/wp-content/plugins/reddit-for-woocommerce/js/build/tracking.js:1:216)
    at http://localhost/sklentr/snazzy-floret/wp-content/plugins/reddit-for-woocommerce/js/build/tracking.js:1:3209
    at HTMLDocument.<anonymous> (http://localhost/sklentr/snazzy-floret/wp-content/plugins/reddit-for-woocommerce/js/build/tracking.js:1:3270)
[ 1363950ms] [LOG] JQMIGRATE: Migrate is installed, version 3.4.1 @ http://localhost/sklentr/snazzy-floret/wp-includes/js/jquery/jquery-migrate.min.js:1
[ 1363975ms] Error: Function rdt not implemented.
    at t (http://localhost/sklentr/snazzy-floret/wp-content/plugins/reddit-for-woocommerce/js/build/tracking.js:1:216)
    at http://localhost/sklentr/snazzy-floret/wp-content/plugins/reddit-for-woocommerce/js/build/tracking.js:1:3209
    at HTMLDocument.<anonymous> (http://localhost/sklentr/snazzy-floret/wp-content/plugins/reddit-for-woocommerce/js/build/tracking.js:1:3270)
[ 1368883ms] [LOG] JQMIGRATE: Migrate is installed, version 3.4.1 @ http://localhost/sklentr/snazzy-floret/wp-includes/js/jquery/jquery-migrate.min.js:1
[ 1368912ms] Error: Function rdt not implemented.
    at t (http://localhost/sklentr/snazzy-floret/wp-content/plugins/reddit-for-woocommerce/js/build/tracking.js:1:216)
    at http://localhost/sklentr/snazzy-floret/wp-content/plugins/reddit-for-woocommerce/js/build/tracking.js:1:3209
    at HTMLDocument.<anonymous> (http://localhost/sklentr/snazzy-floret/wp-content/plugins/reddit-for-woocommerce/js/build/tracking.js:1:3270)
[ 1373496ms] [LOG] JQMIGRATE: Migrate is installed, version 3.4.1 @ http://localhost/sklentr/snazzy-floret/wp-includes/js/jquery/jquery-migrate.min.js:1
[ 1373526ms] Error: Function rdt not implemented.
    at t (http://localhost/sklentr/snazzy-floret/wp-content/plugins/reddit-for-woocommerce/js/build/tracking.js:1:216)
    at http://localhost/sklentr/snazzy-floret/wp-content/plugins/reddit-for-woocommerce/js/build/tracking.js:1:3209
    at HTMLDocument.<anonymous> (http://localhost/sklentr/snazzy-floret/wp-content/plugins/reddit-for-woocommerce/js/build/tracking.js:1:3270)
[ 1377165ms] [LOG] JQMIGRATE: Migrate is installed, version 3.4.1 @ http://localhost/sklentr/snazzy-floret/wp-includes/js/jquery/jquery-migrate.min.js:1
[ 1377192ms] Error: Function rdt not implemented.
    at t (http://localhost/sklentr/snazzy-floret/wp-content/plugins/reddit-for-woocommerce/js/build/tracking.js:1:216)
    at http://localhost/sklentr/snazzy-floret/wp-content/plugins/reddit-for-woocommerce/js/build/tracking.js:1:3209
    at HTMLDocument.<anonymous> (http://localhost/sklentr/snazzy-floret/wp-content/plugins/reddit-for-woocommerce/js/build/tracking.js:1:3270)
[ 1378965ms] [LOG] JQMIGRATE: Migrate is installed, version 3.4.1 @ http://localhost/sklentr/snazzy-floret/wp-includes/js/jquery/jquery-migrate.min.js:1
[ 1379074ms] Error: Function rdt not implemented.
    at t (http://localhost/sklentr/snazzy-floret/wp-content/plugins/reddit-for-woocommerce/js/build/tracking.js:1:216)
    at http://localhost/sklentr/snazzy-floret/wp-content/plugins/reddit-for-woocommerce/js/build/tracking.js:1:3209
    at HTMLDocument.<anonymous> (http://localhost/sklentr/snazzy-floret/wp-content/plugins/reddit-for-woocommerce/js/build/tracking.js:1:3270)
[ 1380492ms] [LOG] JQMIGRATE: Migrate is installed, version 3.4.1 @ http://localhost/sklentr/snazzy-floret/wp-includes/js/jquery/jquery-migrate.min.js:1
[ 1380527ms] Error: Function rdt not implemented.
    at t (http://localhost/sklentr/snazzy-floret/wp-content/plugins/reddit-for-woocommerce/js/build/tracking.js:1:216)
    at http://localhost/sklentr/snazzy-floret/wp-content/plugins/reddit-for-woocommerce/js/build/tracking.js:1:3209
    at HTMLDocument.<anonymous> (http://localhost/sklentr/snazzy-floret/wp-content/plugins/reddit-for-woocommerce/js/build/tracking.js:1:3270)
[ 1382372ms] [LOG] JQMIGRATE: Migrate is installed, version 3.4.1 @ http://localhost/sklentr/snazzy-floret/wp-includes/js/jquery/jquery-migrate.min.js:1
[ 1382498ms] Error: Function rdt not implemented.
    at t (http://localhost/sklentr/snazzy-floret/wp-content/plugins/reddit-for-woocommerce/js/build/tracking.js:1:216)
    at http://localhost/sklentr/snazzy-floret/wp-content/plugins/reddit-for-woocommerce/js/build/tracking.js:1:3209
    at HTMLDocument.<anonymous> (http://localhost/sklentr/snazzy-floret/wp-content/plugins/reddit-for-woocommerce/js/build/tracking.js:1:3270)
[ 1384430ms] [LOG] JQMIGRATE: Migrate is installed, version 3.4.1 @ http://localhost/sklentr/snazzy-floret/wp-includes/js/jquery/jquery-migrate.min.js:1
[ 1384458ms] Error: Function rdt not implemented.
    at t (http://localhost/sklentr/snazzy-floret/wp-content/plugins/reddit-for-woocommerce/js/build/tracking.js:1:216)
    at http://localhost/sklentr/snazzy-floret/wp-content/plugins/reddit-for-woocommerce/js/build/tracking.js:1:3209
    at HTMLDocument.<anonymous> (http://localhost/sklentr/snazzy-floret/wp-content/plugins/reddit-for-woocommerce/js/build/tracking.js:1:3270)
[ 1811204ms] [LOG] JQMIGRATE: Migrate is installed, version 3.4.1 @ http://localhost/sklentr/snazzy-floret/wp-includes/js/jquery/jquery-migrate.min.js:1
[ 1811634ms] Error: Function rdt not implemented.
    at t (http://localhost/sklentr/snazzy-floret/wp-content/plugins/reddit-for-woocommerce/js/build/tracking.js:1:216)
    at http://localhost/sklentr/snazzy-floret/wp-content/plugins/reddit-for-woocommerce/js/build/tracking.js:1:3209
    at HTMLDocument.<anonymous> (http://localhost/sklentr/snazzy-floret/wp-content/plugins/reddit-for-woocommerce/js/build/tracking.js:1:3270)
[ 1814805ms] [LOG] JQMIGRATE: Migrate is installed, version 3.4.1 @ http://localhost/sklentr/snazzy-floret/wp-includes/js/jquery/jquery-migrate.min.js:1
[ 1814826ms] Error: Function rdt not implemented.
    at t (http://localhost/sklentr/snazzy-floret/wp-content/plugins/reddit-for-woocommerce/js/build/tracking.js:1:216)
    at http://localhost/sklentr/snazzy-floret/wp-content/plugins/reddit-for-woocommerce/js/build/tracking.js:1:3209
    at HTMLDocument.<anonymous> (http://localhost/sklentr/snazzy-floret/wp-content/plugins/reddit-for-woocommerce/js/build/tracking.js:1:3270)
[ 1817977ms] [LOG] JQMIGRATE: Migrate is installed, version 3.4.1 @ http://localhost/sklentr/snazzy-floret/wp-includes/js/jquery/jquery-migrate.min.js:1
[ 1818013ms] Error: Function rdt not implemented.
    at t (http://localhost/sklentr/snazzy-floret/wp-content/plugins/reddit-for-woocommerce/js/build/tracking.js:1:216)
    at http://localhost/sklentr/snazzy-floret/wp-content/plugins/reddit-for-woocommerce/js/build/tracking.js:1:3209
    at HTMLDocument.<anonymous> (http://localhost/sklentr/snazzy-floret/wp-content/plugins/reddit-for-woocommerce/js/build/tracking.js:1:3270)
[ 1829271ms] [LOG] JQMIGRATE: Migrate is installed, version 3.4.1 @ http://localhost/sklentr/snazzy-floret/wp-includes/js/jquery/jquery-migrate.min.js:1
[ 1829704ms] Error: Function rdt not implemented.
    at t (http://localhost/sklentr/snazzy-floret/wp-content/plugins/reddit-for-woocommerce/js/build/tracking.js:1:216)
    at http://localhost/sklentr/snazzy-floret/wp-content/plugins/reddit-for-woocommerce/js/build/tracking.js:1:3209
    at HTMLDocument.<anonymous> (http://localhost/sklentr/snazzy-floret/wp-content/plugins/reddit-for-woocommerce/js/build/tracking.js:1:3270)
[ 1832069ms] [LOG] JQMIGRATE: Migrate is installed, version 3.4.1 @ http://localhost/sklentr/snazzy-floret/wp-includes/js/jquery/jquery-migrate.min.js:1
[ 1832520ms] Error: Function rdt not implemented.
    at t (http://localhost/sklentr/snazzy-floret/wp-content/plugins/reddit-for-woocommerce/js/build/tracking.js:1:216)
    at http://localhost/sklentr/snazzy-floret/wp-content/plugins/reddit-for-woocommerce/js/build/tracking.js:1:3209
    at HTMLDocument.<anonymous> (http://localhost/sklentr/snazzy-floret/wp-content/plugins/reddit-for-woocommerce/js/build/tracking.js:1:3270)
[ 1833811ms] [LOG] JQMIGRATE: Migrate is installed, version 3.4.1 @ http://localhost/sklentr/snazzy-floret/wp-includes/js/jquery/jquery-migrate.min.js:1
[ 1833838ms] Error: Function rdt not implemented.
    at t (http://localhost/sklentr/snazzy-floret/wp-content/plugins/reddit-for-woocommerce/js/build/tracking.js:1:216)
    at http://localhost/sklentr/snazzy-floret/wp-content/plugins/reddit-for-woocommerce/js/build/tracking.js:1:3209
    at HTMLDocument.<anonymous> (http://localhost/sklentr/snazzy-floret/wp-content/plugins/reddit-for-woocommerce/js/build/tracking.js:1:3270)
[ 1862734ms] [LOG] JQMIGRATE: Migrate is installed, version 3.4.1 @ http://localhost/sklentr/snazzy-floret/wp-includes/js/jquery/jquery-migrate.min.js:1
[ 8467405ms] [LOG] JQMIGRATE: Migrate is installed, version 3.4.1 @ http://localhost/sklentr/snazzy-floret/wp-includes/js/jquery/jquery-migrate.min.js:1
[ 8504382ms] [LOG] JQMIGRATE: Migrate is installed, version 3.4.1 @ http://localhost/sklentr/snazzy-floret/wp-includes/js/jquery/jquery-migrate.min.js:1
[ 8525236ms] [LOG] JQMIGRATE: Migrate is installed, version 3.4.1 @ http://localhost/sklentr/snazzy-floret/wp-includes/js/jquery/jquery-migrate.min.js:1
[ 8656845ms] [LOG] JQMIGRATE: Migrate is installed, version 3.4.1 @ http://localhost/sklentr/snazzy-floret/wp-includes/js/jquery/jquery-migrate.min.js:1
[ 8662579ms] [LOG] JQMIGRATE: Migrate is installed, version 3.4.1 @ http://localhost/sklentr/snazzy-floret/wp-includes/js/jquery/jquery-migrate.min.js:1
[ 8741880ms] [LOG] JQMIGRATE: Migrate is installed, version 3.4.1 @ http://localhost/sklentr/snazzy-floret/wp-includes/js/jquery/jquery-migrate.min.js:1
[ 8755564ms] [LOG] JQMIGRATE: Migrate is installed, version 3.4.1 @ http://localhost/sklentr/snazzy-floret/wp-includes/js/jquery/jquery-migrate.min.js:1
[ 8823709ms] [LOG] JQMIGRATE: Migrate is installed, version 3.4.1 @ http://localhost/sklentr/snazzy-floret/wp-includes/js/jquery/jquery-migrate.min.js:1
[ 8824212ms] Error: Function rdt not implemented.
    at t (http://localhost/sklentr/snazzy-floret/wp-content/plugins/reddit-for-woocommerce/js/build/tracking.js:1:216)
    at http://localhost/sklentr/snazzy-floret/wp-content/plugins/reddit-for-woocommerce/js/build/tracking.js:1:3209
    at HTMLDocument.<anonymous> (http://localhost/sklentr/snazzy-floret/wp-content/plugins/reddit-for-woocommerce/js/build/tracking.js:1:3270)
[ 8841229ms] [LOG] JQMIGRATE: Migrate is installed, version 3.4.1 @ http://localhost/sklentr/snazzy-floret/wp-includes/js/jquery/jquery-migrate.min.js:1
[ 8841727ms] Error: Function rdt not implemented.
    at t (http://localhost/sklentr/snazzy-floret/wp-content/plugins/reddit-for-woocommerce/js/build/tracking.js:1:216)
    at http://localhost/sklentr/snazzy-floret/wp-content/plugins/reddit-for-woocommerce/js/build/tracking.js:1:3209
    at HTMLDocument.<anonymous> (http://localhost/sklentr/snazzy-floret/wp-content/plugins/reddit-for-woocommerce/js/build/tracking.js:1:3270)
[ 8854782ms] [LOG] JQMIGRATE: Migrate is installed, version 3.4.1 @ http://localhost/sklentr/snazzy-floret/wp-includes/js/jquery/jquery-migrate.min.js:1
[ 8855318ms] Error: Function rdt not implemented.
    at t (http://localhost/sklentr/snazzy-floret/wp-content/plugins/reddit-for-woocommerce/js/build/tracking.js:1:216)
    at http://localhost/sklentr/snazzy-floret/wp-content/plugins/reddit-for-woocommerce/js/build/tracking.js:1:3209
    at HTMLDocument.<anonymous> (http://localhost/sklentr/snazzy-floret/wp-content/plugins/reddit-for-woocommerce/js/build/tracking.js:1:3270)
[ 8868255ms] [LOG] JQMIGRATE: Migrate is installed, version 3.4.1 @ http://localhost/sklentr/snazzy-floret/wp-includes/js/jquery/jquery-migrate.min.js:1
[ 8869478ms] Error: Function rdt not implemented.
    at t (http://localhost/sklentr/snazzy-floret/wp-content/plugins/reddit-for-woocommerce/js/build/tracking.js:1:216)
    at http://localhost/sklentr/snazzy-floret/wp-content/plugins/reddit-for-woocommerce/js/build/tracking.js:1:3209
    at HTMLDocument.<anonymous> (http://localhost/sklentr/snazzy-floret/wp-content/plugins/reddit-for-woocommerce/js/build/tracking.js:1:3270)
[ 8875423ms] [LOG] JQMIGRATE: Migrate is installed, version 3.4.1 @ http://localhost/sklentr/snazzy-floret/wp-includes/js/jquery/jquery-migrate.min.js:1
[ 8875512ms] Error: Function rdt not implemented.
    at t (http://localhost/sklentr/snazzy-floret/wp-content/plugins/reddit-for-woocommerce/js/build/tracking.js:1:216)
    at http://localhost/sklentr/snazzy-floret/wp-content/plugins/reddit-for-woocommerce/js/build/tracking.js:1:3209
    at HTMLDocument.<anonymous> (http://localhost/sklentr/snazzy-floret/wp-content/plugins/reddit-for-woocommerce/js/build/tracking.js:1:3270)
[ 9858590ms] [LOG] JQMIGRATE: Migrate is installed, version 3.4.1 @ http://localhost/sklentr/snazzy-floret/wp-includes/js/jquery/jquery-migrate.min.js:1
[ 9864321ms] [LOG] JQMIGRATE: Migrate is installed, version 3.4.1 @ http://localhost/sklentr/snazzy-floret/wp-includes/js/jquery/jquery-migrate.min.js:1
[ 9864351ms] Error: Function rdt not implemented.
    at t (http://localhost/sklentr/snazzy-floret/wp-content/plugins/reddit-for-woocommerce/js/build/tracking.js:1:216)
    at http://localhost/sklentr/snazzy-floret/wp-content/plugins/reddit-for-woocommerce/js/build/tracking.js:1:3209
    at HTMLDocument.<anonymous> (http://localhost/sklentr/snazzy-floret/wp-content/plugins/reddit-for-woocommerce/js/build/tracking.js:1:3270)
[ 9967995ms] [LOG] JQMIGRATE: Migrate is installed, version 3.4.1 @ http://localhost/sklentr/snazzy-floret/wp-includes/js/jquery/jquery-migrate.min.js:1
[10004226ms] [LOG] JQMIGRATE: Migrate is installed, version 3.4.1 @ http://localhost/sklentr/snazzy-floret/wp-includes/js/jquery/jquery-migrate.min.js:1
[10004645ms] Error: Function rdt not implemented.
    at t (http://localhost/sklentr/snazzy-floret/wp-content/plugins/reddit-for-woocommerce/js/build/tracking.js:1:216)
    at http://localhost/sklentr/snazzy-floret/wp-content/plugins/reddit-for-woocommerce/js/build/tracking.js:1:3209
    at HTMLDocument.<anonymous> (http://localhost/sklentr/snazzy-floret/wp-content/plugins/reddit-for-woocommerce/js/build/tracking.js:1:3270)
[10010933ms] [LOG] JQMIGRATE: Migrate is installed, version 3.4.1 @ http://localhost/sklentr/snazzy-floret/wp-includes/js/jquery/jquery-migrate.min.js:1
[10010967ms] Error: Function rdt not implemented.
    at t (http://localhost/sklentr/snazzy-floret/wp-content/plugins/reddit-for-woocommerce/js/build/tracking.js:1:216)
    at http://localhost/sklentr/snazzy-floret/wp-content/plugins/reddit-for-woocommerce/js/build/tracking.js:1:3209
    at HTMLDocument.<anonymous> (http://localhost/sklentr/snazzy-floret/wp-content/plugins/reddit-for-woocommerce/js/build/tracking.js:1:3270)
[10017774ms] [LOG] JQMIGRATE: Migrate is installed, version 3.4.1 @ http://localhost/sklentr/snazzy-floret/wp-includes/js/jquery/jquery-migrate.min.js:1
[10017803ms] Error: Function rdt not implemented.
    at t (http://localhost/sklentr/snazzy-floret/wp-content/plugins/reddit-for-woocommerce/js/build/tracking.js:1:216)
    at http://localhost/sklentr/snazzy-floret/wp-content/plugins/reddit-for-woocommerce/js/build/tracking.js:1:3209
    at HTMLDocument.<anonymous> (http://localhost/sklentr/snazzy-floret/wp-content/plugins/reddit-for-woocommerce/js/build/tracking.js:1:3270)
[10027296ms] [LOG] JQMIGRATE: Migrate is installed, version 3.4.1 @ http://localhost/sklentr/snazzy-floret/wp-includes/js/jquery/jquery-migrate.min.js:1
[10027491ms] Error: Function rdt not implemented.
    at t (http://localhost/sklentr/snazzy-floret/wp-content/plugins/reddit-for-woocommerce/js/build/tracking.js:1:216)
    at http://localhost/sklentr/snazzy-floret/wp-content/plugins/reddit-for-woocommerce/js/build/tracking.js:1:3209
    at HTMLDocument.<anonymous> (http://localhost/sklentr/snazzy-floret/wp-content/plugins/reddit-for-woocommerce/js/build/tracking.js:1:3270)
[10029882ms] [LOG] JQMIGRATE: Migrate is installed, version 3.4.1 @ http://localhost/sklentr/snazzy-floret/wp-includes/js/jquery/jquery-migrate.min.js:1
[10029930ms] Error: Function rdt not implemented.
    at t (http://localhost/sklentr/snazzy-floret/wp-content/plugins/reddit-for-woocommerce/js/build/tracking.js:1:216)
    at http://localhost/sklentr/snazzy-floret/wp-content/plugins/reddit-for-woocommerce/js/build/tracking.js:1:3209
    at HTMLDocument.<anonymous> (http://localhost/sklentr/snazzy-floret/wp-content/plugins/reddit-for-woocommerce/js/build/tracking.js:1:3270)
[10041779ms] [LOG] JQMIGRATE: Migrate is installed, version 3.4.1 @ http://localhost/sklentr/snazzy-floret/wp-includes/js/jquery/jquery-migrate.min.js:1
[10042186ms] Error: Function rdt not implemented.
    at t (http://localhost/sklentr/snazzy-floret/wp-content/plugins/reddit-for-woocommerce/js/build/tracking.js:1:216)
    at http://localhost/sklentr/snazzy-floret/wp-content/plugins/reddit-for-woocommerce/js/build/tracking.js:1:3209
    at HTMLDocument.<anonymous> (http://localhost/sklentr/snazzy-floret/wp-content/plugins/reddit-for-woocommerce/js/build/tracking.js:1:3270)
[10074877ms] [ERROR] Failed to load resource: the server responded with a status of 500 (Internal Server Error) @ http://localhost/sklentr/snazzy-floret/my-account/payment-methods/:0
[10074897ms] [LOG] JQMIGRATE: Migrate is installed, version 3.4.1 @ http://localhost/sklentr/snazzy-floret/wp-includes/js/jquery/jquery-migrate.min.js:1
[10080397ms] [LOG] JQMIGRATE: Migrate is installed, version 3.4.1 @ http://localhost/sklentr/snazzy-floret/wp-includes/js/jquery/jquery-migrate.min.js:1
[10080425ms] Error: Function rdt not implemented.
    at t (http://localhost/sklentr/snazzy-floret/wp-content/plugins/reddit-for-woocommerce/js/build/tracking.js:1:216)
    at http://localhost/sklentr/snazzy-floret/wp-content/plugins/reddit-for-woocommerce/js/build/tracking.js:1:3209
    at HTMLDocument.<anonymous> (http://localhost/sklentr/snazzy-floret/wp-content/plugins/reddit-for-woocommerce/js/build/tracking.js:1:3270)
[10087233ms] [LOG] JQMIGRATE: Migrate is installed, version 3.4.1 @ http://localhost/sklentr/snazzy-floret/wp-includes/js/jquery/jquery-migrate.min.js:1
[10087315ms] Error: Function rdt not implemented.
    at t (http://localhost/sklentr/snazzy-floret/wp-content/plugins/reddit-for-woocommerce/js/build/tracking.js:1:216)
    at http://localhost/sklentr/snazzy-floret/wp-content/plugins/reddit-for-woocommerce/js/build/tracking.js:1:3209
    at HTMLDocument.<anonymous> (http://localhost/sklentr/snazzy-floret/wp-content/plugins/reddit-for-woocommerce/js/build/tracking.js:1:3270)
[10091221ms] [ERROR] Failed to load resource: the server responded with a status of 500 (Internal Server Error) @ http://localhost/sklentr/snazzy-floret/my-account/payment-methods/:0
[10091242ms] [LOG] JQMIGRATE: Migrate is installed, version 3.4.1 @ http://localhost/sklentr/snazzy-floret/wp-includes/js/jquery/jquery-migrate.min.js:1
[10093868ms] [LOG] JQMIGRATE: Migrate is installed, version 3.4.1 @ http://localhost/sklentr/snazzy-floret/wp-includes/js/jquery/jquery-migrate.min.js:1
[10093896ms] Error: Function rdt not implemented.
    at t (http://localhost/sklentr/snazzy-floret/wp-content/plugins/reddit-for-woocommerce/js/build/tracking.js:1:216)
    at http://localhost/sklentr/snazzy-floret/wp-content/plugins/reddit-for-woocommerce/js/build/tracking.js:1:3209
    at HTMLDocument.<anonymous> (http://localhost/sklentr/snazzy-floret/wp-content/plugins/reddit-for-woocommerce/js/build/tracking.js:1:3270)
[10126896ms] [LOG] JQMIGRATE: Migrate is installed, version 3.4.1 @ http://localhost/sklentr/snazzy-floret/wp-includes/js/jquery/jquery-migrate.min.js:1
[10127331ms] Error: Function rdt not implemented.
    at t (http://localhost/sklentr/snazzy-floret/wp-content/plugins/reddit-for-woocommerce/js/build/tracking.js:1:216)
    at http://localhost/sklentr/snazzy-floret/wp-content/plugins/reddit-for-woocommerce/js/build/tracking.js:1:3209
    at HTMLDocument.<anonymous> (http://localhost/sklentr/snazzy-floret/wp-content/plugins/reddit-for-woocommerce/js/build/tracking.js:1:3270)
[10192410ms] [LOG] JQMIGRATE: Migrate is installed, version 3.4.1 @ http://localhost/sklentr/snazzy-floret/wp-includes/js/jquery/jquery-migrate.min.js:1
[10215747ms] [LOG] JQMIGRATE: Migrate is installed, version 3.4.1 @ http://localhost/sklentr/snazzy-floret/wp-includes/js/jquery/jquery-migrate.min.js:1
[10273750ms] [LOG] JQMIGRATE: Migrate is installed, version 3.4.1 @ http://localhost/sklentr/snazzy-floret/wp-includes/js/jquery/jquery-migrate.min.js:1
[10279031ms] [LOG] JQMIGRATE: Migrate is installed, version 3.4.1 @ http://localhost/sklentr/snazzy-floret/wp-includes/js/jquery/jquery-migrate.min.js:1
[10328686ms] [LOG] JQMIGRATE: Migrate is installed, version 3.4.1 @ http://localhost/sklentr/snazzy-floret/wp-includes/js/jquery/jquery-migrate.min.js:1
[10335322ms] [LOG] JQMIGRATE: Migrate is installed, version 3.4.1 @ http://localhost/sklentr/snazzy-floret/wp-includes/js/jquery/jquery-migrate.min.js:1
[10335793ms] Error: Function rdt not implemented.
    at t (http://localhost/sklentr/snazzy-floret/wp-content/plugins/reddit-for-woocommerce/js/build/tracking.js:1:216)
    at http://localhost/sklentr/snazzy-floret/wp-content/plugins/reddit-for-woocommerce/js/build/tracking.js:1:3209
    at HTMLDocument.<anonymous> (http://localhost/sklentr/snazzy-floret/wp-content/plugins/reddit-for-woocommerce/js/build/tracking.js:1:3270)
[10338219ms] [LOG] JQMIGRATE: Migrate is installed, version 3.4.1 @ http://localhost/sklentr/snazzy-floret/wp-includes/js/jquery/jquery-migrate.min.js:1
[10338304ms] Error: Function rdt not implemented.
    at t (http://localhost/sklentr/snazzy-floret/wp-content/plugins/reddit-for-woocommerce/js/build/tracking.js:1:216)
    at http://localhost/sklentr/snazzy-floret/wp-content/plugins/reddit-for-woocommerce/js/build/tracking.js:1:3209
    at HTMLDocument.<anonymous> (http://localhost/sklentr/snazzy-floret/wp-content/plugins/reddit-for-woocommerce/js/build/tracking.js:1:3270)
[10340834ms] [LOG] JQMIGRATE: Migrate is installed, version 3.4.1 @ http://localhost/sklentr/snazzy-floret/wp-includes/js/jquery/jquery-migrate.min.js:1
[10340855ms] Error: Function rdt not implemented.
    at t (http://localhost/sklentr/snazzy-floret/wp-content/plugins/reddit-for-woocommerce/js/build/tracking.js:1:216)
    at http://localhost/sklentr/snazzy-floret/wp-content/plugins/reddit-for-woocommerce/js/build/tracking.js:1:3209
    at HTMLDocument.<anonymous> (http://localhost/sklentr/snazzy-floret/wp-content/plugins/reddit-for-woocommerce/js/build/tracking.js:1:3270)
[10342908ms] [LOG] JQMIGRATE: Migrate is installed, version 3.4.1 @ http://localhost/sklentr/snazzy-floret/wp-includes/js/jquery/jquery-migrate.min.js:1
[10342979ms] Error: Function rdt not implemented.
    at t (http://localhost/sklentr/snazzy-floret/wp-content/plugins/reddit-for-woocommerce/js/build/tracking.js:1:216)
    at http://localhost/sklentr/snazzy-floret/wp-content/plugins/reddit-for-woocommerce/js/build/tracking.js:1:3209
    at HTMLDocument.<anonymous> (http://localhost/sklentr/snazzy-floret/wp-content/plugins/reddit-for-woocommerce/js/build/tracking.js:1:3270)
[10347632ms] [LOG] JQMIGRATE: Migrate is installed, version 3.4.1 @ http://localhost/sklentr/snazzy-floret/wp-includes/js/jquery/jquery-migrate.min.js:1
[10347661ms] Error: Function rdt not implemented.
    at t (http://localhost/sklentr/snazzy-floret/wp-content/plugins/reddit-for-woocommerce/js/build/tracking.js:1:216)
    at http://localhost/sklentr/snazzy-floret/wp-content/plugins/reddit-for-woocommerce/js/build/tracking.js:1:3209
    at HTMLDocument.<anonymous> (http://localhost/sklentr/snazzy-floret/wp-content/plugins/reddit-for-woocommerce/js/build/tracking.js:1:3270)
[10350786ms] [LOG] JQMIGRATE: Migrate is installed, version 3.4.1 @ http://localhost/sklentr/snazzy-floret/wp-includes/js/jquery/jquery-migrate.min.js:1
[10351240ms] Error: Function rdt not implemented.
    at t (http://localhost/sklentr/snazzy-floret/wp-content/plugins/reddit-for-woocommerce/js/build/tracking.js:1:216)
    at http://localhost/sklentr/snazzy-floret/wp-content/plugins/reddit-for-woocommerce/js/build/tracking.js:1:3209
    at HTMLDocument.<anonymous> (http://localhost/sklentr/snazzy-floret/wp-content/plugins/reddit-for-woocommerce/js/build/tracking.js:1:3270)
[10352248ms] [LOG] JQMIGRATE: Migrate is installed, version 3.4.1 @ http://localhost/sklentr/snazzy-floret/wp-includes/js/jquery/jquery-migrate.min.js:1
[10352272ms] Error: Function rdt not implemented.
    at t (http://localhost/sklentr/snazzy-floret/wp-content/plugins/reddit-for-woocommerce/js/build/tracking.js:1:216)
    at http://localhost/sklentr/snazzy-floret/wp-content/plugins/reddit-for-woocommerce/js/build/tracking.js:1:3209
    at HTMLDocument.<anonymous> (http://localhost/sklentr/snazzy-floret/wp-content/plugins/reddit-for-woocommerce/js/build/tracking.js:1:3270)
[10355244ms] [LOG] JQMIGRATE: Migrate is installed, version 3.4.1 @ http://localhost/sklentr/snazzy-floret/wp-includes/js/jquery/jquery-migrate.min.js:1
[10355274ms] Error: Function rdt not implemented.
    at t (http://localhost/sklentr/snazzy-floret/wp-content/plugins/reddit-for-woocommerce/js/build/tracking.js:1:216)
    at http://localhost/sklentr/snazzy-floret/wp-content/plugins/reddit-for-woocommerce/js/build/tracking.js:1:3209
    at HTMLDocument.<anonymous> (http://localhost/sklentr/snazzy-floret/wp-content/plugins/reddit-for-woocommerce/js/build/tracking.js:1:3270)
[10359251ms] [ERROR] Failed to load resource: the server responded with a status of 500 (Internal Server Error) @ http://localhost/sklentr/snazzy-floret/my-account/payment-methods/:0
[10359270ms] [LOG] JQMIGRATE: Migrate is installed, version 3.4.1 @ http://localhost/sklentr/snazzy-floret/wp-includes/js/jquery/jquery-migrate.min.js:1
[10365626ms] [LOG] JQMIGRATE: Migrate is installed, version 3.4.1 @ http://localhost/sklentr/snazzy-floret/wp-includes/js/jquery/jquery-migrate.min.js:1
[10365650ms] Error: Function rdt not implemented.
    at t (http://localhost/sklentr/snazzy-floret/wp-content/plugins/reddit-for-woocommerce/js/build/tracking.js:1:216)
    at http://localhost/sklentr/snazzy-floret/wp-content/plugins/reddit-for-woocommerce/js/build/tracking.js:1:3209
    at HTMLDocument.<anonymous> (http://localhost/sklentr/snazzy-floret/wp-content/plugins/reddit-for-woocommerce/js/build/tracking.js:1:3270)
[10368144ms] [LOG] JQMIGRATE: Migrate is installed, version 3.4.1 @ http://localhost/sklentr/snazzy-floret/wp-includes/js/jquery/jquery-migrate.min.js:1
[10368169ms] Error: Function rdt not implemented.
    at t (http://localhost/sklentr/snazzy-floret/wp-content/plugins/reddit-for-woocommerce/js/build/tracking.js:1:216)
    at http://localhost/sklentr/snazzy-floret/wp-content/plugins/reddit-for-woocommerce/js/build/tracking.js:1:3209
    at HTMLDocument.<anonymous> (http://localhost/sklentr/snazzy-floret/wp-content/plugins/reddit-for-woocommerce/js/build/tracking.js:1:3270)
[10394631ms] [LOG] JQMIGRATE: Migrate is installed, version 3.4.1 @ http://localhost/sklentr/snazzy-floret/wp-includes/js/jquery/jquery-migrate.min.js:1
[10394659ms] Error: Function rdt not implemented.
    at t (http://localhost/sklentr/snazzy-floret/wp-content/plugins/reddit-for-woocommerce/js/build/tracking.js:1:216)
    at http://localhost/sklentr/snazzy-floret/wp-content/plugins/reddit-for-woocommerce/js/build/tracking.js:1:3209
    at HTMLDocument.<anonymous> (http://localhost/sklentr/snazzy-floret/wp-content/plugins/reddit-for-woocommerce/js/build/tracking.js:1:3270)
[10396913ms] [LOG] JQMIGRATE: Migrate is installed, version 3.4.1 @ http://localhost/sklentr/snazzy-floret/wp-includes/js/jquery/jquery-migrate.min.js:1
[10396941ms] Error: Function rdt not implemented.
    at t (http://localhost/sklentr/snazzy-floret/wp-content/plugins/reddit-for-woocommerce/js/build/tracking.js:1:216)
    at http://localhost/sklentr/snazzy-floret/wp-content/plugins/reddit-for-woocommerce/js/build/tracking.js:1:3209
    at HTMLDocument.<anonymous> (http://localhost/sklentr/snazzy-floret/wp-content/plugins/reddit-for-woocommerce/js/build/tracking.js:1:3270)
[10403569ms] [LOG] JQMIGRATE: Migrate is installed, version 3.4.1 @ http://localhost/sklentr/snazzy-floret/wp-includes/js/jquery/jquery-migrate.min.js:1
[10403676ms] Error: Function rdt not implemented.
    at t (http://localhost/sklentr/snazzy-floret/wp-content/plugins/reddit-for-woocommerce/js/build/tracking.js:1:216)
    at http://localhost/sklentr/snazzy-floret/wp-content/plugins/reddit-for-woocommerce/js/build/tracking.js:1:3209
    at HTMLDocument.<anonymous> (http://localhost/sklentr/snazzy-floret/wp-content/plugins/reddit-for-woocommerce/js/build/tracking.js:1:3270)
[10409860ms] [LOG] JQMIGRATE: Migrate is installed, version 3.4.1 @ http://localhost/sklentr/snazzy-floret/wp-includes/js/jquery/jquery-migrate.min.js:1
[10410287ms] Error: Function rdt not implemented.
    at t (http://localhost/sklentr/snazzy-floret/wp-content/plugins/reddit-for-woocommerce/js/build/tracking.js:1:216)
    at http://localhost/sklentr/snazzy-floret/wp-content/plugins/reddit-for-woocommerce/js/build/tracking.js:1:3209
    at HTMLDocument.<anonymous> (http://localhost/sklentr/snazzy-floret/wp-content/plugins/reddit-for-woocommerce/js/build/tracking.js:1:3270)
[10416210ms] [ERROR] Failed to load resource: the server responded with a status of 500 (Internal Server Error) @ http://localhost/sklentr/snazzy-floret/my-account/payment-methods/:0
[10416229ms] [LOG] JQMIGRATE: Migrate is installed, version 3.4.1 @ http://localhost/sklentr/snazzy-floret/wp-includes/js/jquery/jquery-migrate.min.js:1
[10422093ms] [LOG] JQMIGRATE: Migrate is installed, version 3.4.1 @ http://localhost/sklentr/snazzy-floret/wp-includes/js/jquery/jquery-migrate.min.js:1
[10422126ms] Error: Function rdt not implemented.
    at t (http://localhost/sklentr/snazzy-floret/wp-content/plugins/reddit-for-woocommerce/js/build/tracking.js:1:216)
    at http://localhost/sklentr/snazzy-floret/wp-content/plugins/reddit-for-woocommerce/js/build/tracking.js:1:3209
    at HTMLDocument.<anonymous> (http://localhost/sklentr/snazzy-floret/wp-content/plugins/reddit-for-woocommerce/js/build/tracking.js:1:3270)
[10453496ms] [LOG] JQMIGRATE: Migrate is installed, version 3.4.1 @ http://localhost/sklentr/snazzy-floret/wp-includes/js/jquery/jquery-migrate.min.js:1
[10453524ms] Error: Function rdt not implemented.
    at t (http://localhost/sklentr/snazzy-floret/wp-content/plugins/reddit-for-woocommerce/js/build/tracking.js:1:216)
    at http://localhost/sklentr/snazzy-floret/wp-content/plugins/reddit-for-woocommerce/js/build/tracking.js:1:3209
    at HTMLDocument.<anonymous> (http://localhost/sklentr/snazzy-floret/wp-content/plugins/reddit-for-woocommerce/js/build/tracking.js:1:3270)
[10461437ms] [LOG] JQMIGRATE: Migrate is installed, version 3.4.1 @ http://localhost/sklentr/snazzy-floret/wp-includes/js/jquery/jquery-migrate.min.js:1
[10461467ms] Error: Function rdt not implemented.
    at t (http://localhost/sklentr/snazzy-floret/wp-content/plugins/reddit-for-woocommerce/js/build/tracking.js:1:216)
    at http://localhost/sklentr/snazzy-floret/wp-content/plugins/reddit-for-woocommerce/js/build/tracking.js:1:3209
    at HTMLDocument.<anonymous> (http://localhost/sklentr/snazzy-floret/wp-content/plugins/reddit-for-woocommerce/js/build/tracking.js:1:3270)
[10464477ms] [LOG] JQMIGRATE: Migrate is installed, version 3.4.1 @ http://localhost/sklentr/snazzy-floret/wp-includes/js/jquery/jquery-migrate.min.js:1
[10464517ms] Error: Function rdt not implemented.
    at t (http://localhost/sklentr/snazzy-floret/wp-content/plugins/reddit-for-woocommerce/js/build/tracking.js:1:216)
    at http://localhost/sklentr/snazzy-floret/wp-content/plugins/reddit-for-woocommerce/js/build/tracking.js:1:3209
    at HTMLDocument.<anonymous> (http://localhost/sklentr/snazzy-floret/wp-content/plugins/reddit-for-woocommerce/js/build/tracking.js:1:3270)
