[     916ms] [LOG] JQMIGRATE: Migrate is installed, version 3.4.1 @ http://localhost/sklentr/snazzy-floret/wp-includes/js/jquery/jquery-migrate.min.js:1
[     938ms] Error: Function rdt not implemented.
    at t (http://localhost/sklentr/snazzy-floret/wp-content/plugins/reddit-for-woocommerce/js/build/tracking.js:1:216)
    at http://localhost/sklentr/snazzy-floret/wp-content/plugins/reddit-for-woocommerce/js/build/tracking.js:1:3209
    at HTMLDocument.<anonymous> (http://localhost/sklentr/snazzy-floret/wp-content/plugins/reddit-for-woocommerce/js/build/tracking.js:1:3270)
[   91261ms] [LOG] JQMIGRATE: Migrate is installed, version 3.4.1 @ http://localhost/sklentr/snazzy-floret/wp-includes/js/jquery/jquery-migrate.min.js:1
[   91341ms] Error: Function rdt not implemented.
    at t (http://localhost/sklentr/snazzy-floret/wp-content/plugins/reddit-for-woocommerce/js/build/tracking.js:1:216)
    at http://localhost/sklentr/snazzy-floret/wp-content/plugins/reddit-for-woocommerce/js/build/tracking.js:1:3209
    at HTMLDocument.<anonymous> (http://localhost/sklentr/snazzy-floret/wp-content/plugins/reddit-for-woocommerce/js/build/tracking.js:1:3270)
[  106540ms] [LOG] JQMIGRATE: Migrate is installed, version 3.4.1 @ http://localhost/sklentr/snazzy-floret/wp-includes/js/jquery/jquery-migrate.min.js:1
[  106592ms] Error: Function rdt not implemented.
    at t (http://localhost/sklentr/snazzy-floret/wp-content/plugins/reddit-for-woocommerce/js/build/tracking.js:1:216)
    at http://localhost/sklentr/snazzy-floret/wp-content/plugins/reddit-for-woocommerce/js/build/tracking.js:1:3209
    at HTMLDocument.<anonymous> (http://localhost/sklentr/snazzy-floret/wp-content/plugins/reddit-for-woocommerce/js/build/tracking.js:1:3270)
[  112531ms] [LOG] JQMIGRATE: Migrate is installed, version 3.4.1 @ http://localhost/sklentr/snazzy-floret/wp-includes/js/jquery/jquery-migrate.min.js:1
[  112619ms] Error: Function rdt not implemented.
    at t (http://localhost/sklentr/snazzy-floret/wp-content/plugins/reddit-for-woocommerce/js/build/tracking.js:1:216)
    at http://localhost/sklentr/snazzy-floret/wp-content/plugins/reddit-for-woocommerce/js/build/tracking.js:1:3209
    at HTMLDocument.<anonymous> (http://localhost/sklentr/snazzy-floret/wp-content/plugins/reddit-for-woocommerce/js/build/tracking.js:1:3270)
[  116298ms] [LOG] JQMIGRATE: Migrate is installed, version 3.4.1 @ http://localhost/sklentr/snazzy-floret/wp-includes/js/jquery/jquery-migrate.min.js:1
[  116355ms] Error: Function rdt not implemented.
    at t (http://localhost/sklentr/snazzy-floret/wp-content/plugins/reddit-for-woocommerce/js/build/tracking.js:1:216)
    at http://localhost/sklentr/snazzy-floret/wp-content/plugins/reddit-for-woocommerce/js/build/tracking.js:1:3209
    at HTMLDocument.<anonymous> (http://localhost/sklentr/snazzy-floret/wp-content/plugins/reddit-for-woocommerce/js/build/tracking.js:1:3270)
[  123539ms] [LOG] JQMIGRATE: Migrate is installed, version 3.4.1 @ http://localhost/sklentr/snazzy-floret/wp-includes/js/jquery/jquery-migrate.min.js:1
[  123580ms] Error: Function rdt not implemented.
    at t (http://localhost/sklentr/snazzy-floret/wp-content/plugins/reddit-for-woocommerce/js/build/tracking.js:1:216)
    at http://localhost/sklentr/snazzy-floret/wp-content/plugins/reddit-for-woocommerce/js/build/tracking.js:1:3209
    at HTMLDocument.<anonymous> (http://localhost/sklentr/snazzy-floret/wp-content/plugins/reddit-for-woocommerce/js/build/tracking.js:1:3270)
[  127378ms] [LOG] JQMIGRATE: Migrate is installed, version 3.4.1 @ http://localhost/sklentr/snazzy-floret/wp-includes/js/jquery/jquery-migrate.min.js:1
[  127439ms] Error: Function rdt not implemented.
    at t (http://localhost/sklentr/snazzy-floret/wp-content/plugins/reddit-for-woocommerce/js/build/tracking.js:1:216)
    at http://localhost/sklentr/snazzy-floret/wp-content/plugins/reddit-for-woocommerce/js/build/tracking.js:1:3209
    at HTMLDocument.<anonymous> (http://localhost/sklentr/snazzy-floret/wp-content/plugins/reddit-for-woocommerce/js/build/tracking.js:1:3270)
[  131519ms] [LOG] JQMIGRATE: Migrate is installed, version 3.4.1 @ http://localhost/sklentr/snazzy-floret/wp-includes/js/jquery/jquery-migrate.min.js:1
[  131645ms] Error: Function rdt not implemented.
    at t (http://localhost/sklentr/snazzy-floret/wp-content/plugins/reddit-for-woocommerce/js/build/tracking.js:1:216)
    at http://localhost/sklentr/snazzy-floret/wp-content/plugins/reddit-for-woocommerce/js/build/tracking.js:1:3209
    at HTMLDocument.<anonymous> (http://localhost/sklentr/snazzy-floret/wp-content/plugins/reddit-for-woocommerce/js/build/tracking.js:1:3270)
[  134751ms] [LOG] JQMIGRATE: Migrate is installed, version 3.4.1 @ http://localhost/sklentr/snazzy-floret/wp-includes/js/jquery/jquery-migrate.min.js:1
[  134787ms] Error: Function rdt not implemented.
    at t (http://localhost/sklentr/snazzy-floret/wp-content/plugins/reddit-for-woocommerce/js/build/tracking.js:1:216)
    at http://localhost/sklentr/snazzy-floret/wp-content/plugins/reddit-for-woocommerce/js/build/tracking.js:1:3209
    at HTMLDocument.<anonymous> (http://localhost/sklentr/snazzy-floret/wp-content/plugins/reddit-for-woocommerce/js/build/tracking.js:1:3270)
[  156924ms] [LOG] JQMIGRATE: Migrate is installed, version 3.4.1 @ http://localhost/sklentr/snazzy-floret/wp-includes/js/jquery/jquery-migrate.min.js:1
[  157071ms] [WARNING] You may test your Stripe.js integration over HTTP. However, live Stripe.js integrations must use HTTPS. @ https://js.stripe.com/clover/stripe.js:0
[  157072ms] [WARNING] You may test your Stripe.js integration over HTTP. However, live Stripe.js integrations must use HTTPS. @ https://js.stripe.com/clover/stripe.js:0
[  157151ms] [WARNING] You may test your Stripe.js integration over HTTP. However, live Stripe.js integrations must use HTTPS. @ https://js.stripe.com/clover/stripe.js:0
[  157222ms] Error: Function rdt not implemented.
    at t (http://localhost/sklentr/snazzy-floret/wp-content/plugins/reddit-for-woocommerce/js/build/tracking.js:1:216)
    at http://localhost/sklentr/snazzy-floret/wp-content/plugins/reddit-for-woocommerce/js/build/tracking.js:1:3209
    at HTMLDocument.<anonymous> (http://localhost/sklentr/snazzy-floret/wp-content/plugins/reddit-for-woocommerce/js/build/tracking.js:1:3270)
[  157943ms] [WARNING] [Stripe.js] You have not registered or verified the domain, so the following payment methods are not enabled in the Express Checkout Element: 

- apple_pay

Please follow https://stripe.com/docs/payments/payment-methods/pmd-registration to register and verify the domain. @ https://js.stripe.com/v3/fingerprinted/js/controller-with-preconnect-d81380a1d26d9a6d3a64dab05699db07.js:0
[  158543ms] [WARNING] [Stripe.js] You are testing over HTTP, so Google Pay will not appear. You must use HTTPS in order to use Google Pay. @ https://js.stripe.com/v3/fingerprinted/js/controller-with-preconnect-d81380a1d26d9a6d3a64dab05699db07.js:0
[  159096ms] [WARNING] [Stripe.js] The following payment method types are not activated:

- link

They will be displayed in test mode, but hidden in live mode. Please activate the payment method types in your dashboard (https://dashboard.stripe.com/settings/payment_methods) and ensure your account is enabled for any preview features that you are trying to use. @ https://js.stripe.com/v3/fingerprinted/js/controller-with-preconnect-d81380a1d26d9a6d3a64dab05699db07.js:0
[  159662ms] [WARNING] [Stripe.js] The following payment method types are not activated:

- link

They will be displayed in test mode, but hidden in live mode. Please activate the payment method types in your dashboard (https://dashboard.stripe.com/settings/payment_methods) and ensure your account is enabled for any preview features that you are trying to use. @ https://js.stripe.com/v3/fingerprinted/js/controller-with-preconnect-d81380a1d26d9a6d3a64dab05699db07.js:0
[  170939ms] [LOG] JQMIGRATE: Migrate is installed, version 3.4.1 @ http://localhost/sklentr/snazzy-floret/wp-includes/js/jquery/jquery-migrate.min.js:1
[  171012ms] Error: Function rdt not implemented.
    at t (http://localhost/sklentr/snazzy-floret/wp-content/plugins/reddit-for-woocommerce/js/build/tracking.js:1:216)
    at http://localhost/sklentr/snazzy-floret/wp-content/plugins/reddit-for-woocommerce/js/build/tracking.js:1:3209
    at HTMLDocument.<anonymous> (http://localhost/sklentr/snazzy-floret/wp-content/plugins/reddit-for-woocommerce/js/build/tracking.js:1:3270)
[ 1172262ms] [LOG] JQMIGRATE: Migrate is installed, version 3.4.1 @ http://localhost/sklentr/snazzy-floret/wp-includes/js/jquery/jquery-migrate.min.js:1
[ 1172779ms] Error: Function rdt not implemented.
    at t (http://localhost/sklentr/snazzy-floret/wp-content/plugins/reddit-for-woocommerce/js/build/tracking.js:1:216)
    at http://localhost/sklentr/snazzy-floret/wp-content/plugins/reddit-for-woocommerce/js/build/tracking.js:1:3209
    at HTMLDocument.<anonymous> (http://localhost/sklentr/snazzy-floret/wp-content/plugins/reddit-for-woocommerce/js/build/tracking.js:1:3270)
[ 1178018ms] [LOG] JQMIGRATE: Migrate is installed, version 3.4.1 @ http://localhost/sklentr/snazzy-floret/wp-includes/js/jquery/jquery-migrate.min.js:1
[ 1179176ms] [WARNING] You may test your Stripe.js integration over HTTP. However, live Stripe.js integrations must use HTTPS. @ https://js.stripe.com/clover/stripe.js:0
[ 1179177ms] [WARNING] You may test your Stripe.js integration over HTTP. However, live Stripe.js integrations must use HTTPS. @ https://js.stripe.com/clover/stripe.js:0
[ 1179206ms] [WARNING] You may test your Stripe.js integration over HTTP. However, live Stripe.js integrations must use HTTPS. @ https://js.stripe.com/clover/stripe.js:0
[ 1179234ms] [WARNING] You may test your Stripe.js integration over HTTP. However, live Stripe.js integrations must use HTTPS. @ https://js.stripe.com/clover/stripe.js:0
[ 1179546ms] [WARNING] [Stripe.js] Unrecognized elements.create('payment') parameter: terms.link is not a recognized parameter. This may cause issues with your integration in the future. @ https://js.stripe.com/v3/fingerprinted/js/controller-with-preconnect-e-3cd241abae747a26eb89e6bf69f811ae.js:0
[ 1179876ms] [WARNING] You may test your Stripe.js integration over HTTP. However, live Stripe.js integrations must use HTTPS. @ https://js.stripe.com/clover/stripe.js:0
[ 1180021ms] [WARNING] [Stripe.js] You have not registered or verified the domain, so the following payment methods are not enabled in the Express Checkout Element: 

- apple_pay

Please follow https://stripe.com/docs/payments/payment-methods/pmd-registration to register and verify the domain. @ https://js.stripe.com/v3/fingerprinted/js/controller-with-preconnect-e-3cd241abae747a26eb89e6bf69f811ae.js:0
[ 1180110ms] [WARNING] [Stripe.js] You are testing over HTTP, so Google Pay will not appear. You must use HTTPS in order to use Google Pay. @ https://js.stripe.com/v3/fingerprinted/js/controller-with-preconnect-e-3cd241abae747a26eb89e6bf69f811ae.js:0
[ 1180124ms] [WARNING] [Stripe.js] The following payment method types are not activated:

- link

They will be displayed in test mode, but hidden in live mode. Please activate the payment method types in your dashboard (https://dashboard.stripe.com/settings/payment_methods) and ensure your account is enabled for any preview features that you are trying to use. @ https://js.stripe.com/v3/fingerprinted/js/controller-with-preconnect-e-3cd241abae747a26eb89e6bf69f811ae.js:0
[ 1180236ms] [ERROR] Failed to load resource: the server responded with a status of 400 () @ https://a.klaviyo.com/client/profiles/?company_id=:0
[ 1180244ms] [ERROR] Failed to load resource: the server responded with a status of 400 () @ https://a.klaviyo.com/client/events/?company_id=:0
[ 1180252ms] FetchError: Error fetching https://r.stripe.com/b: Failed to fetch
    at https://js.stripe.com/v3/fingerprinted/js/shared-e-12ed0495f5a2dd4e713eceb788b7ff33.js:1:243671
[ 1180404ms] [WARNING] [Stripe.js] The following payment method types are not activated:

- link

They will be displayed in test mode, but hidden in live mode. Please activate the payment method types in your dashboard (https://dashboard.stripe.com/settings/payment_methods) and ensure your account is enabled for any preview features that you are trying to use. @ https://js.stripe.com/v3/fingerprinted/js/controller-with-preconnect-e-3cd241abae747a26eb89e6bf69f811ae.js:0
[ 1180537ms] [WARNING] [Stripe.js] You have not registered or verified the domain, so the following payment methods are not enabled in the Express Checkout Element: 

- apple_pay

Please follow https://stripe.com/docs/payments/payment-methods/pmd-registration to register and verify the domain. @ https://js.stripe.com/v3/fingerprinted/js/controller-e-ffbdcf5f825d8aed08cd7325802e8e87.js:0
[ 1181294ms] [WARNING] [Stripe.js] You are testing over HTTP, so Google Pay will not appear. You must use HTTPS in order to use Google Pay. @ https://js.stripe.com/v3/fingerprinted/js/controller-e-ffbdcf5f825d8aed08cd7325802e8e87.js:0
[ 1182012ms] [WARNING] [Stripe.js] The following payment method types are not activated:

- link

They will be displayed in test mode, but hidden in live mode. Please activate the payment method types in your dashboard (https://dashboard.stripe.com/settings/payment_methods) and ensure your account is enabled for any preview features that you are trying to use. @ https://js.stripe.com/v3/fingerprinted/js/controller-e-ffbdcf5f825d8aed08cd7325802e8e87.js:0
