[     933ms] [LOG] JQMIGRATE: Migrate is installed, version 3.4.1 @ http://localhost/sklentr/snazzy-floret/wp-includes/js/jquery/jquery-migrate.min.js:1
[    1403ms] Error: Function rdt not implemented.
    at t (http://localhost/sklentr/snazzy-floret/wp-content/plugins/reddit-for-woocommerce/js/build/tracking.js:1:216)
    at http://localhost/sklentr/snazzy-floret/wp-content/plugins/reddit-for-woocommerce/js/build/tracking.js:1:3209
    at HTMLDocument.<anonymous> (http://localhost/sklentr/snazzy-floret/wp-content/plugins/reddit-for-woocommerce/js/build/tracking.js:1:3270)
[    2034ms] [WARNING] You may test your Stripe.js integration over HTTP. However, live Stripe.js integrations must use HTTPS. @ https://js.stripe.com/clover/stripe.js:0
[    2670ms] [WARNING] [Stripe.js] You have not registered or verified the domain, so the following payment methods are not enabled in the Express Checkout Element: 

- apple_pay

Please follow https://stripe.com/docs/payments/payment-methods/pmd-registration to register and verify the domain. @ https://js.stripe.com/v3/fingerprinted/js/controller-with-preconnect-e-20788883ad0254037315def49bcc9c69.js:0
[    2754ms] [WARNING] [Stripe.js] You are testing over HTTP, so Google Pay will not appear. You must use HTTPS in order to use Google Pay. @ https://js.stripe.com/v3/fingerprinted/js/controller-with-preconnect-e-20788883ad0254037315def49bcc9c69.js:0
[    2793ms] [WARNING] [Stripe.js] The following payment method types are not activated:

- link

They will be displayed in test mode, but hidden in live mode. Please activate the payment method types in your dashboard (https://dashboard.stripe.com/settings/payment_methods) and ensure your account is enabled for any preview features that you are trying to use. @ https://js.stripe.com/v3/fingerprinted/js/controller-with-preconnect-e-20788883ad0254037315def49bcc9c69.js:0
[   32946ms] [LOG] JQMIGRATE: Migrate is installed, version 3.4.1 @ http://localhost/sklentr/snazzy-floret/wp-includes/js/jquery/jquery-migrate.min.js:1
[   33647ms] [WARNING] You may test your Stripe.js integration over HTTP. However, live Stripe.js integrations must use HTTPS. @ https://js.stripe.com/clover/stripe.js:0
[   34257ms] [WARNING] [Stripe.js] The following payment method types are not activated:

- link

They will be displayed in test mode, but hidden in live mode. Please activate the payment method types in your dashboard (https://dashboard.stripe.com/settings/payment_methods) and ensure your account is enabled for any preview features that you are trying to use. @ https://js.stripe.com/v3/fingerprinted/js/controller-with-preconnect-e-20788883ad0254037315def49bcc9c69.js:0
[   34325ms] [WARNING] [Stripe.js] You have not registered or verified the domain, so the following payment methods are not enabled in the Express Checkout Element: 

- apple_pay

Please follow https://stripe.com/docs/payments/payment-methods/pmd-registration to register and verify the domain. @ https://js.stripe.com/v3/fingerprinted/js/controller-with-preconnect-e-20788883ad0254037315def49bcc9c69.js:0
[   34387ms] [WARNING] [Stripe.js] You are testing over HTTP, so Google Pay will not appear. You must use HTTPS in order to use Google Pay. @ https://js.stripe.com/v3/fingerprinted/js/controller-with-preconnect-e-20788883ad0254037315def49bcc9c69.js:0
[   39142ms] [LOG] JQMIGRATE: Migrate is installed, version 3.4.1 @ http://localhost/sklentr/snazzy-floret/wp-includes/js/jquery/jquery-migrate.min.js:1
[   39708ms] [WARNING] You may test your Stripe.js integration over HTTP. However, live Stripe.js integrations must use HTTPS. @ https://js.stripe.com/clover/stripe.js:0
[   40223ms] [WARNING] [Stripe.js] You have not registered or verified the domain, so the following payment methods are not enabled in the Express Checkout Element: 

- apple_pay

Please follow https://stripe.com/docs/payments/payment-methods/pmd-registration to register and verify the domain. @ https://js.stripe.com/v3/fingerprinted/js/controller-with-preconnect-3652a00ef2561318e64454088ae47e78.js:0
[   40294ms] [WARNING] [Stripe.js] You are testing over HTTP, so Google Pay will not appear. You must use HTTPS in order to use Google Pay. @ https://js.stripe.com/v3/fingerprinted/js/controller-with-preconnect-3652a00ef2561318e64454088ae47e78.js:0
[   40382ms] [WARNING] [Stripe.js] The following payment method types are not activated:

- link

They will be displayed in test mode, but hidden in live mode. Please activate the payment method types in your dashboard (https://dashboard.stripe.com/settings/payment_methods) and ensure your account is enabled for any preview features that you are trying to use. @ https://js.stripe.com/v3/fingerprinted/js/controller-with-preconnect-3652a00ef2561318e64454088ae47e78.js:0
[  128453ms] [LOG] JQMIGRATE: Migrate is installed, version 3.4.1 @ http://localhost/sklentr/snazzy-floret/wp-includes/js/jquery/jquery-migrate.min.js:1
