[     746ms] [LOG] JQMIGRATE: Migrate is installed, version 3.4.1 @ http://localhost/sklentr/snazzy-floret/wp-includes/js/jquery/jquery-migrate.min.js:1
[     829ms] Error: Function rdt not implemented.
    at t (http://localhost/sklentr/snazzy-floret/wp-content/plugins/reddit-for-woocommerce/js/build/tracking.js:1:216)
    at http://localhost/sklentr/snazzy-floret/wp-content/plugins/reddit-for-woocommerce/js/build/tracking.js:1:2957
    at HTMLDocument.<anonymous> (http://localhost/sklentr/snazzy-floret/wp-content/plugins/reddit-for-woocommerce/js/build/tracking.js:1:3109)
[  225051ms] [LOG] JQMIGRATE: Migrate is installed, version 3.4.1 @ http://localhost/sklentr/snazzy-floret/wp-includes/js/jquery/jquery-migrate.min.js:1
[  343522ms] [LOG] JQMIGRATE: Migrate is installed, version 3.4.1 @ http://localhost/sklentr/snazzy-floret/wp-includes/js/jquery/jquery-migrate.min.js:1
[  344269ms] Error: Function rdt not implemented.
    at t (http://localhost/sklentr/snazzy-floret/wp-content/plugins/reddit-for-woocommerce/js/build/tracking.js:1:216)
    at http://localhost/sklentr/snazzy-floret/wp-content/plugins/reddit-for-woocommerce/js/build/tracking.js:1:3209
    at HTMLDocument.<anonymous> (http://localhost/sklentr/snazzy-floret/wp-content/plugins/reddit-for-woocommerce/js/build/tracking.js:1:3270)
[  405291ms] [LOG] JQMIGRATE: Migrate is installed, version 3.4.1 @ http://localhost/sklentr/snazzy-floret/wp-includes/js/jquery/jquery-migrate.min.js:1
[  468626ms] [LOG] JQMIGRATE: Migrate is installed, version 3.4.1 @ http://localhost/sklentr/snazzy-floret/wp-includes/js/jquery/jquery-migrate.min.js:1
[  469131ms] Error: Function rdt not implemented.
    at t (http://localhost/sklentr/snazzy-floret/wp-content/plugins/reddit-for-woocommerce/js/build/tracking.js:1:216)
    at http://localhost/sklentr/snazzy-floret/wp-content/plugins/reddit-for-woocommerce/js/build/tracking.js:1:3209
    at HTMLDocument.<anonymous> (http://localhost/sklentr/snazzy-floret/wp-content/plugins/reddit-for-woocommerce/js/build/tracking.js:1:3270)
[  470072ms] [LOG] JQMIGRATE: Migrate is installed, version 3.4.1 @ http://localhost/sklentr/snazzy-floret/wp-includes/js/jquery/jquery-migrate.min.js:1
[  470212ms] Error: Function rdt not implemented.
    at t (http://localhost/sklentr/snazzy-floret/wp-content/plugins/reddit-for-woocommerce/js/build/tracking.js:1:216)
    at http://localhost/sklentr/snazzy-floret/wp-content/plugins/reddit-for-woocommerce/js/build/tracking.js:1:2957
    at HTMLDocument.<anonymous> (http://localhost/sklentr/snazzy-floret/wp-content/plugins/reddit-for-woocommerce/js/build/tracking.js:1:3109)
[  476449ms] [LOG] JQMIGRATE: Migrate is installed, version 3.4.1 @ http://localhost/sklentr/snazzy-floret/wp-includes/js/jquery/jquery-migrate.min.js:1
[  476541ms] Error: Function rdt not implemented.
    at t (http://localhost/sklentr/snazzy-floret/wp-content/plugins/reddit-for-woocommerce/js/build/tracking.js:1:216)
    at http://localhost/sklentr/snazzy-floret/wp-content/plugins/reddit-for-woocommerce/js/build/tracking.js:1:3209
    at HTMLDocument.<anonymous> (http://localhost/sklentr/snazzy-floret/wp-content/plugins/reddit-for-woocommerce/js/build/tracking.js:1:3270)
[  478185ms] [LOG] JQMIGRATE: Migrate is installed, version 3.4.1 @ http://localhost/sklentr/snazzy-floret/wp-includes/js/jquery/jquery-migrate.min.js:1
[  478285ms] Error: Function rdt not implemented.
    at t (http://localhost/sklentr/snazzy-floret/wp-content/plugins/reddit-for-woocommerce/js/build/tracking.js:1:216)
    at http://localhost/sklentr/snazzy-floret/wp-content/plugins/reddit-for-woocommerce/js/build/tracking.js:1:2957
    at HTMLDocument.<anonymous> (http://localhost/sklentr/snazzy-floret/wp-content/plugins/reddit-for-woocommerce/js/build/tracking.js:1:3109)
[  481557ms] [LOG] JQMIGRATE: Migrate is installed, version 3.4.1 @ http://localhost/sklentr/snazzy-floret/wp-includes/js/jquery/jquery-migrate.min.js:1
[  481676ms] Error: Function rdt not implemented.
    at t (http://localhost/sklentr/snazzy-floret/wp-content/plugins/reddit-for-woocommerce/js/build/tracking.js:1:216)
    at http://localhost/sklentr/snazzy-floret/wp-content/plugins/reddit-for-woocommerce/js/build/tracking.js:1:3209
    at HTMLDocument.<anonymous> (http://localhost/sklentr/snazzy-floret/wp-content/plugins/reddit-for-woocommerce/js/build/tracking.js:1:3270)
[  483832ms] [LOG] JQMIGRATE: Migrate is installed, version 3.4.1 @ http://localhost/sklentr/snazzy-floret/wp-includes/js/jquery/jquery-migrate.min.js:1
[  483936ms] Error: Function rdt not implemented.
    at t (http://localhost/sklentr/snazzy-floret/wp-content/plugins/reddit-for-woocommerce/js/build/tracking.js:1:216)
    at http://localhost/sklentr/snazzy-floret/wp-content/plugins/reddit-for-woocommerce/js/build/tracking.js:1:2957
    at HTMLDocument.<anonymous> (http://localhost/sklentr/snazzy-floret/wp-content/plugins/reddit-for-woocommerce/js/build/tracking.js:1:3109)
[  753227ms] [LOG] JQMIGRATE: Migrate is installed, version 3.4.1 @ http://localhost/sklentr/snazzy-floret/wp-includes/js/jquery/jquery-migrate.min.js:1
