[    1101ms] [LOG] JQMIGRATE: Migrate is installed, version 3.4.1 @ http://localhost/sklentr/snazzy-floret/wp-includes/js/jquery/jquery-migrate.min.js?ver=3.4.1:1
[   14055ms] [LOG] JQMIGRATE: Migrate is installed, version 3.4.1 @ http://localhost/sklentr/snazzy-floret/wp-includes/js/jquery/jquery-migrate.min.js?ver=3.4.1:1
[   14063ms] [VERBOSE] [DOM] Input elements should have autocomplete attributes (suggested: "username"): (More info: https://goo.gl/9p2vKq) %o @ http://localhost/sklentr/snazzy-floret/wp-admin/install.php?step=1:0
[   92935ms] [LOG] JQMIGRATE: Migrate is installed, version 3.4.1 @ http://localhost/sklentr/snazzy-floret/wp-includes/js/jquery/jquery-migrate.min.js?ver=3.4.1:1
[  109772ms] [LOG] JQMIGRATE: Migrate is installed, version 3.4.1 @ http://localhost/sklentr/snazzy-floret/wp-admin/load-scripts.php?c=0&load%5Bchunk_0%5D=clipboard,jquery-core,jquery-migrate,zxcvbn-async,wp-hooks&ver=6.9.4:6
[  115751ms] [LOG] JQMIGRATE: Migrate is installed, version 3.4.1 @ http://localhost/sklentr/snazzy-floret/wp-admin/load-scripts.php?c=0&load%5Bchunk_0%5D=jquery-core,jquery-migrate,utils&ver=6.9.4:4
[  134478ms] [LOG] JQMIGRATE: Migrate is installed, version 3.4.1 @ http://localhost/sklentr/snazzy-floret/wp-admin/load-scripts.php?c=1&load%5Bchunk_0%5D=jquery-core,jquery-migrate,utils&ver=6.9.4:4
[  139129ms] [LOG] JQMIGRATE: Migrate is installed, version 3.4.1 @ http://localhost/sklentr/snazzy-floret/wp-admin/load-scripts.php?c=1&load%5Bchunk_0%5D=jquery-core,jquery-migrate,utils&ver=6.9.4:4
[  277326ms] [LOG] JQMIGRATE: Migrate is installed, version 3.4.1 @ http://localhost/sklentr/snazzy-floret/wp-admin/load-scripts.php?c=1&load%5Bchunk_0%5D=jquery-core,jquery-migrate,utils&ver=6.9.4:4
[  295645ms] [WARNING] 36px default size for wp.components.TextControl is deprecated since version 6.8 and will be removed in version 7.1. Note: Set the `__next40pxDefaultSize` prop to true to start opting into the new default size, which will become the default in a future version. @ http://localhost/sklentr/snazzy-floret/wp-includes/js/dist/deprecated.min.js?ver=e1f84915c5e8ae38964c:1
[  387655ms] [LOG] JQMIGRATE: Migrate is installed, version 3.4.1 @ http://localhost/sklentr/snazzy-floret/wp-admin/load-scripts.php?c=1&load%5Bchunk_0%5D=wp-hooks,jquery-core,jquery-migrate,utils,underscore,backbone,wp-util&ver=6.9.4:6
[  388407ms] [WARNING] `position` prop in wp.components.tooltip is deprecated since version 6.4. Please use `placement` prop instead. @ http://localhost/sklentr/snazzy-floret/wp-includes/js/dist/deprecated.min.js?ver=e1f84915c5e8ae38964c:1
[  639169ms] [WARNING] List with items prop is deprecated is deprecated and will be removed in version 9.0.0. Note: See ExperimentalList / ExperimentalListItem for the new API that will replace this component in future versions. @ http://localhost/sklentr/snazzy-floret/wp-includes/js/dist/deprecated.min.js?ver=e1f84915c5e8ae38964c:1
[  648337ms] [LOG] JQMIGRATE: Migrate is installed, version 3.4.1 @ http://localhost/sklentr/snazzy-floret/wp-admin/load-scripts.php?c=1&load%5Bchunk_0%5D=wp-hooks,jquery-core,jquery-migrate,utils&ver=6.9.4:6
[  694475ms] [LOG] JQMIGRATE: Migrate is installed, version 3.4.1 @ http://localhost/sklentr/snazzy-floret/wp-admin/load-scripts.php?c=1&load%5Bchunk_0%5D=wp-hooks,jquery-core,jquery-migrate,utils,underscore,backbone,wp-util,jquery-ui-core,jquery-ui-mouse,jquery-ui-sortable&ver=6.9.4:6
[  694655ms] Error: Minified React error #299; visit https://reactjs.org/docs/error-decoder.html?invariant=299 for the full message or use the non-minified dev environment for full errors and additional helpful warnings.
    at e.createRoot (http://localhost/sklentr/snazzy-floret/wp-includes/js/dist/vendor/react-dom.min.js?ver=18.3.1.1:10:126806)
    at http://localhost/sklentr/snazzy-floret/wp-content/plugins/woocommerce-paypal-payments/assets/ppcp-settings-js-index.js?ver=39ceb26a4fb066de6995:18:46689
    at http://localhost/sklentr/snazzy-floret/wp-content/plugins/woocommerce-paypal-payments/assets/ppcp-settings-js-index.js?ver=39ceb26a4fb066de6995:18:46778
    at http://localhost/sklentr/snazzy-floret/wp-content/plugins/woocommerce-paypal-payments/assets/ppcp-settings-js-index.js?ver=39ceb26a4fb066de6995:18:46782
[  694899ms] [WARNING] List with items prop is deprecated is deprecated and will be removed in version 9.0.0. Note: See ExperimentalList / ExperimentalListItem for the new API that will replace this component in future versions. @ http://localhost/sklentr/snazzy-floret/wp-includes/js/dist/deprecated.min.js?ver=e1f84915c5e8ae38964c:1
[  704062ms] [LOG] JQMIGRATE: Migrate is installed, version 3.4.1 @ http://localhost/sklentr/snazzy-floret/wp-admin/load-scripts.php?c=1&load%5Bchunk_0%5D=wp-hooks,jquery-core,jquery-migrate,utils,underscore,backbone,wp-util,jquery-ui-core,jquery-ui-mouse,jquery-ui-sortable&ver=6.9.4:6
[  704141ms] Error: Minified React error #299; visit https://reactjs.org/docs/error-decoder.html?invariant=299 for the full message or use the non-minified dev environment for full errors and additional helpful warnings.
    at e.createRoot (http://localhost/sklentr/snazzy-floret/wp-includes/js/dist/vendor/react-dom.min.js?ver=18.3.1.1:10:126806)
    at http://localhost/sklentr/snazzy-floret/wp-content/plugins/woocommerce-paypal-payments/assets/ppcp-settings-js-index.js?ver=39ceb26a4fb066de6995:18:46689
    at http://localhost/sklentr/snazzy-floret/wp-content/plugins/woocommerce-paypal-payments/assets/ppcp-settings-js-index.js?ver=39ceb26a4fb066de6995:18:46778
    at http://localhost/sklentr/snazzy-floret/wp-content/plugins/woocommerce-paypal-payments/assets/ppcp-settings-js-index.js?ver=39ceb26a4fb066de6995:18:46782
[  709627ms] [LOG] JQMIGRATE: Migrate is installed, version 3.4.1 @ http://localhost/sklentr/snazzy-floret/wp-admin/load-scripts.php?c=1&load%5Bchunk_0%5D=wp-hooks,jquery-core,jquery-migrate,utils,underscore,backbone,wp-util&ver=6.9.4:6
[ 2413719ms] [LOG] JQMIGRATE: Migrate is installed, version 3.4.1 @ http://localhost/sklentr/snazzy-floret/wp-admin/load-scripts.php?c=1&load%5Bchunk_0%5D=wp-hooks,jquery-core,jquery-migrate,utils,underscore,backbone,wp-util,moxiejs,plupload&ver=6.9.4:6
[ 2414539ms] [WARNING] `position` prop in wp.components.tooltip is deprecated since version 6.4. Please use `placement` prop instead. @ http://localhost/sklentr/snazzy-floret/wp-includes/js/dist/deprecated.min.js?ver=e1f84915c5e8ae38964c:1
[ 2414810ms] [WARNING] wp.plugins.withPluginContext is deprecated since version 6.8.0. Please use wp.plugins.usePluginContext instead. @ http://localhost/sklentr/snazzy-floret/wp-includes/js/dist/deprecated.min.js?ver=e1f84915c5e8ae38964c:1
[ 2414814ms] [WARNING] Block with API version 2 or lower is deprecated since version 6.9. See: https://developer.wordpress.org/block-editor/reference-guides/block-api/block-api-versions/block-migration-for-iframe-editor-compatibility/ Note: The block "google-listings-and-ads/product-onboarding-prompt" is registered with API version 2. This means that the post editor may work as a non-iframe editor. Since all editors are planned to work as iframes in the future, set the `apiVersion` field to 3 and test the block inside the iframe editor. @ http://localhost/sklentr/snazzy-floret/wp-includes/js/dist/deprecated.min.js?ver=e1f84915c5e8ae38964c:1
[ 2414815ms] [WARNING] Block with API version 2 or lower is deprecated since version 6.9. See: https://developer.wordpress.org/block-editor/reference-guides/block-api/block-api-versions/block-migration-for-iframe-editor-compatibility/ Note: The block "google-listings-and-ads/product-channel-visibility" is registered with API version 2. This means that the post editor may work as a non-iframe editor. Since all editors are planned to work as iframes in the future, set the `apiVersion` field to 3 and test the block inside the iframe editor. @ http://localhost/sklentr/snazzy-floret/wp-includes/js/dist/deprecated.min.js?ver=e1f84915c5e8ae38964c:1
[ 2414816ms] [WARNING] Block with API version 2 or lower is deprecated since version 6.9. See: https://developer.wordpress.org/block-editor/reference-guides/block-api/block-api-versions/block-migration-for-iframe-editor-compatibility/ Note: The block "google-listings-and-ads/product-date-time-field" is registered with API version 2. This means that the post editor may work as a non-iframe editor. Since all editors are planned to work as iframes in the future, set the `apiVersion` field to 3 and test the block inside the iframe editor. @ http://localhost/sklentr/snazzy-floret/wp-includes/js/dist/deprecated.min.js?ver=e1f84915c5e8ae38964c:1
[ 2414817ms] [WARNING] Block with API version 2 or lower is deprecated since version 6.9. See: https://developer.wordpress.org/block-editor/reference-guides/block-api/block-api-versions/block-migration-for-iframe-editor-compatibility/ Note: The block "google-listings-and-ads/product-select-field" is registered with API version 2. This means that the post editor may work as a non-iframe editor. Since all editors are planned to work as iframes in the future, set the `apiVersion` field to 3 and test the block inside the iframe editor. @ http://localhost/sklentr/snazzy-floret/wp-includes/js/dist/deprecated.min.js?ver=e1f84915c5e8ae38964c:1
[ 2414817ms] [WARNING] Block with API version 2 or lower is deprecated since version 6.9. See: https://developer.wordpress.org/block-editor/reference-guides/block-api/block-api-versions/block-migration-for-iframe-editor-compatibility/ Note: The block "google-listings-and-ads/product-select-with-text-field" is registered with API version 2. This means that the post editor may work as a non-iframe editor. Since all editors are planned to work as iframes in the future, set the `apiVersion` field to 3 and test the block inside the iframe editor. @ http://localhost/sklentr/snazzy-floret/wp-includes/js/dist/deprecated.min.js?ver=e1f84915c5e8ae38964c:1
