2026-04-02T04:06:05+00:00 WARNING Product feed scheduling failed: Integration not configured. : {"flow_name":"product_feed","flow_step":"schedule_feed_generation"}
2026-04-02T04:06:05+00:00 WARNING Language override feed scheduling failed: Integration not configured. : {"flow_name":"language_override_feed","flow_step":"schedule_feed_generation"}
2026-04-02T04:06:05+00:00 ERROR Error persisting error logs: Cannot create the API instance because the access token is missing. : []
2026-04-02T04:09:18+00:00 ERROR Error persisting Meta logs: Cannot create the API instance because the access token is missing. : []
2026-04-02T04:10:41+00:00 NOTICE Unable to detect valid feed configuration: No catalog ID
2026-04-02T04:10:41+00:00 NOTICE There was an error trying to get product set data in a catalog: Cannot create the API instance because the access token is missing.
2026-04-02T04:10:41+00:00 ERROR ProductSetSync exception: exception_code : 0; exception_class : WooCommerce\Facebook\Framework\Api\Exception: exception_message : Cannot create the API instance because the access token is missing.; exception_trace : #0 E:\wampserver\www\sklentr\snazzy-floret\wp-content\plugins\facebook-for-woocommerce\includes\ProductSets\ProductSetSync.php(139): WC_Facebookcommerce->get_api()
#1 E:\wampserver\www\sklentr\snazzy-floret\wp-content\plugins\facebook-for-woocommerce\includes\ProductSets\ProductSetSync.php(226): WooCommerce\Facebook\ProductSets\ProductSetSync->get_fb_product_set_id(Object(WP_Term))
#2 E:\wampserver\www\sklentr\snazzy-floret\wp-content\plugins\facebook-for-woocommerce\includes\ProductSets\ProductSetSync.php(107): WooCommerce\Facebook\ProductSets\ProductSetSync->sync_all_wc_product_categories()
#3 E:\wampserver\www\sklentr\snazzy-floret\wp-includes\class-wp-hook.php(341): WooCommerce\Facebook\ProductSets\ProductSetSync->sync_all_product_sets()
#4 E:\wampserver\www\sklentr\snazzy-floret\wp-includes\class-wp-hook.php(365): WP_Hook->apply_filters(NULL, Array)
#5 E:\wampserver\www\sklentr\snazzy-floret\wp-includes\plugin.php(570): WP_Hook->do_action(Array)
#6 E:\wampserver\www\sklentr\snazzy-floret\wp-content\plugins\woocommerce\packages\action-scheduler\classes\actions\ActionScheduler_Action.php(86): do_action_ref_array('facebook_for_wo...', Array)
#7 E:\wampserver\www\sklentr\snazzy-floret\wp-content\plugins\woocommerce\packages\action-scheduler\classes\abstracts\ActionScheduler_Abstract_QueueRunner.php(103): ActionScheduler_Action->execute()
#8 E:\wampserver\www\sklentr\snazzy-floret\wp-content\plugins\woocommerce\packages\action-scheduler\classes\ActionScheduler_QueueRunner.php(188): ActionScheduler_Abstract_QueueRunner->process_action(217, 'WP Cron')
#9 E:\wampserver\www\sklentr\snazzy-floret\wp-content\plugins\woocommerce\packages\action-scheduler\classes\ActionScheduler_QueueRunner.php(158): ActionScheduler_QueueRunner->do_batch(25, 'WP Cron')
#10 E:\wampserver\www\sklentr\snazzy-floret\wp-includes\class-wp-hook.php(341): ActionScheduler_QueueRunner->run('WP Cron')
#11 E:\wampserver\www\sklentr\snazzy-floret\wp-includes\class-wp-hook.php(365): WP_Hook->apply_filters('', Array)
#12 E:\wampserver\www\sklentr\snazzy-floret\wp-includes\plugin.php(570): WP_Hook->do_action(Array)
#13 E:\wampserver\www\sklentr\snazzy-floret\wp-cron.php(191): do_action_ref_array('action_schedule...', Array)
#14 {main}
2026-04-02T04:10:41+00:00 NOTICE There was an error trying to get product set data in a catalog: Cannot create the API instance because the access token is missing.
2026-04-02T04:10:41+00:00 ERROR ProductSetSync exception: exception_code : 0; exception_class : WooCommerce\Facebook\Framework\Api\Exception: exception_message : Cannot create the API instance because the access token is missing.; exception_trace : #0 E:\wampserver\www\sklentr\snazzy-floret\wp-content\plugins\facebook-for-woocommerce\includes\ProductSets\ProductSetSync.php(139): WC_Facebookcommerce->get_api()
#1 E:\wampserver\www\sklentr\snazzy-floret\wp-content\plugins\facebook-for-woocommerce\includes\ProductSets\ProductSetSync.php(226): WooCommerce\Facebook\ProductSets\ProductSetSync->get_fb_product_set_id(Object(WP_Term))
#2 E:\wampserver\www\sklentr\snazzy-floret\wp-content\plugins\facebook-for-woocommerce\includes\ProductSets\ProductSetSync.php(107): WooCommerce\Facebook\ProductSets\ProductSetSync->sync_all_wc_product_categories()
#3 E:\wampserver\www\sklentr\snazzy-floret\wp-includes\class-wp-hook.php(341): WooCommerce\Facebook\ProductSets\ProductSetSync->sync_all_product_sets()
#4 E:\wampserver\www\sklentr\snazzy-floret\wp-includes\class-wp-hook.php(365): WP_Hook->apply_filters(NULL, Array)
#5 E:\wampserver\www\sklentr\snazzy-floret\wp-includes\plugin.php(570): WP_Hook->do_action(Array)
#6 E:\wampserver\www\sklentr\snazzy-floret\wp-content\plugins\woocommerce\packages\action-scheduler\classes\actions\ActionScheduler_Action.php(86): do_action_ref_array('facebook_for_wo...', Array)
#7 E:\wampserver\www\sklentr\snazzy-floret\wp-content\plugins\woocommerce\packages\action-scheduler\classes\abstracts\ActionScheduler_Abstract_QueueRunner.php(103): ActionScheduler_Action->execute()
#8 E:\wampserver\www\sklentr\snazzy-floret\wp-content\plugins\woocommerce\packages\action-scheduler\classes\ActionScheduler_QueueRunner.php(188): ActionScheduler_Abstract_QueueRunner->process_action(217, 'WP Cron')
#9 E:\wampserver\www\sklentr\snazzy-floret\wp-content\plugins\woocommerce\packages\action-scheduler\classes\ActionScheduler_QueueRunner.php(158): ActionScheduler_QueueRunner->do_batch(25, 'WP Cron')
#10 E:\wampserver\www\sklentr\snazzy-floret\wp-includes\class-wp-hook.php(341): ActionScheduler_QueueRunner->run('WP Cron')
#11 E:\wampserver\www\sklentr\snazzy-floret\wp-includes\class-wp-hook.php(365): WP_Hook->apply_filters('', Array)
#12 E:\wampserver\www\sklentr\snazzy-floret\wp-includes\plugin.php(570): WP_Hook->do_action(Array)
#13 E:\wampserver\www\sklentr\snazzy-floret\wp-cron.php(191): do_action_ref_array('action_schedule...', Array)
#14 {main}
2026-04-02T04:10:41+00:00 NOTICE There was an error trying to get product set data in a catalog: Cannot create the API instance because the access token is missing.
2026-04-02T04:10:41+00:00 ERROR ProductSetSync exception: exception_code : 0; exception_class : WooCommerce\Facebook\Framework\Api\Exception: exception_message : Cannot create the API instance because the access token is missing.; exception_trace : #0 E:\wampserver\www\sklentr\snazzy-floret\wp-content\plugins\facebook-for-woocommerce\includes\ProductSets\ProductSetSync.php(139): WC_Facebookcommerce->get_api()
#1 E:\wampserver\www\sklentr\snazzy-floret\wp-content\plugins\facebook-for-woocommerce\includes\ProductSets\ProductSetSync.php(226): WooCommerce\Facebook\ProductSets\ProductSetSync->get_fb_product_set_id(Object(WP_Term))
#2 E:\wampserver\www\sklentr\snazzy-floret\wp-content\plugins\facebook-for-woocommerce\includes\ProductSets\ProductSetSync.php(107): WooCommerce\Facebook\ProductSets\ProductSetSync->sync_all_wc_product_categories()
#3 E:\wampserver\www\sklentr\snazzy-floret\wp-includes\class-wp-hook.php(341): WooCommerce\Facebook\ProductSets\ProductSetSync->sync_all_product_sets()
#4 E:\wampserver\www\sklentr\snazzy-floret\wp-includes\class-wp-hook.php(365): WP_Hook->apply_filters(NULL, Array)
#5 E:\wampserver\www\sklentr\snazzy-floret\wp-includes\plugin.php(570): WP_Hook->do_action(Array)
#6 E:\wampserver\www\sklentr\snazzy-floret\wp-content\plugins\woocommerce\packages\action-scheduler\classes\actions\ActionScheduler_Action.php(86): do_action_ref_array('facebook_for_wo...', Array)
#7 E:\wampserver\www\sklentr\snazzy-floret\wp-content\plugins\woocommerce\packages\action-scheduler\classes\abstracts\ActionScheduler_Abstract_QueueRunner.php(103): ActionScheduler_Action->execute()
#8 E:\wampserver\www\sklentr\snazzy-floret\wp-content\plugins\woocommerce\packages\action-scheduler\classes\ActionScheduler_QueueRunner.php(188): ActionScheduler_Abstract_QueueRunner->process_action(217, 'WP Cron')
#9 E:\wampserver\www\sklentr\snazzy-floret\wp-content\plugins\woocommerce\packages\action-scheduler\classes\ActionScheduler_QueueRunner.php(158): ActionScheduler_QueueRunner->do_batch(25, 'WP Cron')
#10 E:\wampserver\www\sklentr\snazzy-floret\wp-includes\class-wp-hook.php(341): ActionScheduler_QueueRunner->run('WP Cron')
#11 E:\wampserver\www\sklentr\snazzy-floret\wp-includes\class-wp-hook.php(365): WP_Hook->apply_filters('', Array)
#12 E:\wampserver\www\sklentr\snazzy-floret\wp-includes\plugin.php(570): WP_Hook->do_action(Array)
#13 E:\wampserver\www\sklentr\snazzy-floret\wp-cron.php(191): do_action_ref_array('action_schedule...', Array)
#14 {main}
2026-04-02T04:10:41+00:00 NOTICE There was an error trying to get product set data in a catalog: Cannot create the API instance because the access token is missing.
2026-04-02T04:10:41+00:00 ERROR ProductSetSync exception: exception_code : 0; exception_class : WooCommerce\Facebook\Framework\Api\Exception: exception_message : Cannot create the API instance because the access token is missing.; exception_trace : #0 E:\wampserver\www\sklentr\snazzy-floret\wp-content\plugins\facebook-for-woocommerce\includes\ProductSets\ProductSetSync.php(139): WC_Facebookcommerce->get_api()
#1 E:\wampserver\www\sklentr\snazzy-floret\wp-content\plugins\facebook-for-woocommerce\includes\ProductSets\ProductSetSync.php(226): WooCommerce\Facebook\ProductSets\ProductSetSync->get_fb_product_set_id(Object(WP_Term))
#2 E:\wampserver\www\sklentr\snazzy-floret\wp-content\plugins\facebook-for-woocommerce\includes\ProductSets\ProductSetSync.php(107): WooCommerce\Facebook\ProductSets\ProductSetSync->sync_all_wc_product_categories()
#3 E:\wampserver\www\sklentr\snazzy-floret\wp-includes\class-wp-hook.php(341): WooCommerce\Facebook\ProductSets\ProductSetSync->sync_all_product_sets()
#4 E:\wampserver\www\sklentr\snazzy-floret\wp-includes\class-wp-hook.php(365): WP_Hook->apply_filters(NULL, Array)
#5 E:\wampserver\www\sklentr\snazzy-floret\wp-includes\plugin.php(570): WP_Hook->do_action(Array)
#6 E:\wampserver\www\sklentr\snazzy-floret\wp-content\plugins\woocommerce\packages\action-scheduler\classes\actions\ActionScheduler_Action.php(86): do_action_ref_array('facebook_for_wo...', Array)
#7 E:\wampserver\www\sklentr\snazzy-floret\wp-content\plugins\woocommerce\packages\action-scheduler\classes\abstracts\ActionScheduler_Abstract_QueueRunner.php(103): ActionScheduler_Action->execute()
#8 E:\wampserver\www\sklentr\snazzy-floret\wp-content\plugins\woocommerce\packages\action-scheduler\classes\ActionScheduler_QueueRunner.php(188): ActionScheduler_Abstract_QueueRunner->process_action(217, 'WP Cron')
#9 E:\wampserver\www\sklentr\snazzy-floret\wp-content\plugins\woocommerce\packages\action-scheduler\classes\ActionScheduler_QueueRunner.php(158): ActionScheduler_QueueRunner->do_batch(25, 'WP Cron')
#10 E:\wampserver\www\sklentr\snazzy-floret\wp-includes\class-wp-hook.php(341): ActionScheduler_QueueRunner->run('WP Cron')
#11 E:\wampserver\www\sklentr\snazzy-floret\wp-includes\class-wp-hook.php(365): WP_Hook->apply_filters('', Array)
#12 E:\wampserver\www\sklentr\snazzy-floret\wp-includes\plugin.php(570): WP_Hook->do_action(Array)
#13 E:\wampserver\www\sklentr\snazzy-floret\wp-cron.php(191): do_action_ref_array('action_schedule...', Array)
#14 {main}
2026-04-02T04:10:41+00:00 NOTICE There was an error trying to get product set data in a catalog: Cannot create the API instance because the access token is missing.
2026-04-02T04:10:41+00:00 ERROR ProductSetSync exception: exception_code : 0; exception_class : WooCommerce\Facebook\Framework\Api\Exception: exception_message : Cannot create the API instance because the access token is missing.; exception_trace : #0 E:\wampserver\www\sklentr\snazzy-floret\wp-content\plugins\facebook-for-woocommerce\includes\ProductSets\ProductSetSync.php(139): WC_Facebookcommerce->get_api()
#1 E:\wampserver\www\sklentr\snazzy-floret\wp-content\plugins\facebook-for-woocommerce\includes\ProductSets\ProductSetSync.php(226): WooCommerce\Facebook\ProductSets\ProductSetSync->get_fb_product_set_id(Object(WP_Term))
#2 E:\wampserver\www\sklentr\snazzy-floret\wp-content\plugins\facebook-for-woocommerce\includes\ProductSets\ProductSetSync.php(107): WooCommerce\Facebook\ProductSets\ProductSetSync->sync_all_wc_product_categories()
#3 E:\wampserver\www\sklentr\snazzy-floret\wp-includes\class-wp-hook.php(341): WooCommerce\Facebook\ProductSets\ProductSetSync->sync_all_product_sets()
#4 E:\wampserver\www\sklentr\snazzy-floret\wp-includes\class-wp-hook.php(365): WP_Hook->apply_filters(NULL, Array)
#5 E:\wampserver\www\sklentr\snazzy-floret\wp-includes\plugin.php(570): WP_Hook->do_action(Array)
#6 E:\wampserver\www\sklentr\snazzy-floret\wp-content\plugins\woocommerce\packages\action-scheduler\classes\actions\ActionScheduler_Action.php(86): do_action_ref_array('facebook_for_wo...', Array)
#7 E:\wampserver\www\sklentr\snazzy-floret\wp-content\plugins\woocommerce\packages\action-scheduler\classes\abstracts\ActionScheduler_Abstract_QueueRunner.php(103): ActionScheduler_Action->execute()
#8 E:\wampserver\www\sklentr\snazzy-floret\wp-content\plugins\woocommerce\packages\action-scheduler\classes\ActionScheduler_QueueRunner.php(188): ActionScheduler_Abstract_QueueRunner->process_action(217, 'WP Cron')
#9 E:\wampserver\www\sklentr\snazzy-floret\wp-content\plugins\woocommerce\packages\action-scheduler\classes\ActionScheduler_QueueRunner.php(158): ActionScheduler_QueueRunner->do_batch(25, 'WP Cron')
#10 E:\wampserver\www\sklentr\snazzy-floret\wp-includes\class-wp-hook.php(341): ActionScheduler_QueueRunner->run('WP Cron')
#11 E:\wampserver\www\sklentr\snazzy-floret\wp-includes\class-wp-hook.php(365): WP_Hook->apply_filters('', Array)
#12 E:\wampserver\www\sklentr\snazzy-floret\wp-includes\plugin.php(570): WP_Hook->do_action(Array)
#13 E:\wampserver\www\sklentr\snazzy-floret\wp-cron.php(191): do_action_ref_array('action_schedule...', Array)
#14 {main}
2026-04-02T04:10:41+00:00 NOTICE There was an error trying to get product set data in a catalog: Cannot create the API instance because the access token is missing.
2026-04-02T04:10:41+00:00 ERROR ProductSetSync exception: exception_code : 0; exception_class : WooCommerce\Facebook\Framework\Api\Exception: exception_message : Cannot create the API instance because the access token is missing.; exception_trace : #0 E:\wampserver\www\sklentr\snazzy-floret\wp-content\plugins\facebook-for-woocommerce\includes\ProductSets\ProductSetSync.php(139): WC_Facebookcommerce->get_api()
#1 E:\wampserver\www\sklentr\snazzy-floret\wp-content\plugins\facebook-for-woocommerce\includes\ProductSets\ProductSetSync.php(226): WooCommerce\Facebook\ProductSets\ProductSetSync->get_fb_product_set_id(Object(WP_Term))
#2 E:\wampserver\www\sklentr\snazzy-floret\wp-content\plugins\facebook-for-woocommerce\includes\ProductSets\ProductSetSync.php(107): WooCommerce\Facebook\ProductSets\ProductSetSync->sync_all_wc_product_categories()
#3 E:\wampserver\www\sklentr\snazzy-floret\wp-includes\class-wp-hook.php(341): WooCommerce\Facebook\ProductSets\ProductSetSync->sync_all_product_sets()
#4 E:\wampserver\www\sklentr\snazzy-floret\wp-includes\class-wp-hook.php(365): WP_Hook->apply_filters(NULL, Array)
#5 E:\wampserver\www\sklentr\snazzy-floret\wp-includes\plugin.php(570): WP_Hook->do_action(Array)
#6 E:\wampserver\www\sklentr\snazzy-floret\wp-content\plugins\woocommerce\packages\action-scheduler\classes\actions\ActionScheduler_Action.php(86): do_action_ref_array('facebook_for_wo...', Array)
#7 E:\wampserver\www\sklentr\snazzy-floret\wp-content\plugins\woocommerce\packages\action-scheduler\classes\abstracts\ActionScheduler_Abstract_QueueRunner.php(103): ActionScheduler_Action->execute()
#8 E:\wampserver\www\sklentr\snazzy-floret\wp-content\plugins\woocommerce\packages\action-scheduler\classes\ActionScheduler_QueueRunner.php(188): ActionScheduler_Abstract_QueueRunner->process_action(217, 'WP Cron')
#9 E:\wampserver\www\sklentr\snazzy-floret\wp-content\plugins\woocommerce\packages\action-scheduler\classes\ActionScheduler_QueueRunner.php(158): ActionScheduler_QueueRunner->do_batch(25, 'WP Cron')
#10 E:\wampserver\www\sklentr\snazzy-floret\wp-includes\class-wp-hook.php(341): ActionScheduler_QueueRunner->run('WP Cron')
#11 E:\wampserver\www\sklentr\snazzy-floret\wp-includes\class-wp-hook.php(365): WP_Hook->apply_filters('', Array)
#12 E:\wampserver\www\sklentr\snazzy-floret\wp-includes\plugin.php(570): WP_Hook->do_action(Array)
#13 E:\wampserver\www\sklentr\snazzy-floret\wp-cron.php(191): do_action_ref_array('action_schedule...', Array)
#14 {main}
2026-04-02T04:10:41+00:00 NOTICE There was an error trying to get product set data in a catalog: Cannot create the API instance because the access token is missing.
2026-04-02T04:10:41+00:00 ERROR ProductSetSync exception: exception_code : 0; exception_class : WooCommerce\Facebook\Framework\Api\Exception: exception_message : Cannot create the API instance because the access token is missing.; exception_trace : #0 E:\wampserver\www\sklentr\snazzy-floret\wp-content\plugins\facebook-for-woocommerce\includes\ProductSets\ProductSetSync.php(139): WC_Facebookcommerce->get_api()
#1 E:\wampserver\www\sklentr\snazzy-floret\wp-content\plugins\facebook-for-woocommerce\includes\ProductSets\ProductSetSync.php(226): WooCommerce\Facebook\ProductSets\ProductSetSync->get_fb_product_set_id(Object(WP_Term))
#2 E:\wampserver\www\sklentr\snazzy-floret\wp-content\plugins\facebook-for-woocommerce\includes\ProductSets\ProductSetSync.php(107): WooCommerce\Facebook\ProductSets\ProductSetSync->sync_all_wc_product_categories()
#3 E:\wampserver\www\sklentr\snazzy-floret\wp-includes\class-wp-hook.php(341): WooCommerce\Facebook\ProductSets\ProductSetSync->sync_all_product_sets()
#4 E:\wampserver\www\sklentr\snazzy-floret\wp-includes\class-wp-hook.php(365): WP_Hook->apply_filters(NULL, Array)
#5 E:\wampserver\www\sklentr\snazzy-floret\wp-includes\plugin.php(570): WP_Hook->do_action(Array)
#6 E:\wampserver\www\sklentr\snazzy-floret\wp-content\plugins\woocommerce\packages\action-scheduler\classes\actions\ActionScheduler_Action.php(86): do_action_ref_array('facebook_for_wo...', Array)
#7 E:\wampserver\www\sklentr\snazzy-floret\wp-content\plugins\woocommerce\packages\action-scheduler\classes\abstracts\ActionScheduler_Abstract_QueueRunner.php(103): ActionScheduler_Action->execute()
#8 E:\wampserver\www\sklentr\snazzy-floret\wp-content\plugins\woocommerce\packages\action-scheduler\classes\ActionScheduler_QueueRunner.php(188): ActionScheduler_Abstract_QueueRunner->process_action(217, 'WP Cron')
#9 E:\wampserver\www\sklentr\snazzy-floret\wp-content\plugins\woocommerce\packages\action-scheduler\classes\ActionScheduler_QueueRunner.php(158): ActionScheduler_QueueRunner->do_batch(25, 'WP Cron')
#10 E:\wampserver\www\sklentr\snazzy-floret\wp-includes\class-wp-hook.php(341): ActionScheduler_QueueRunner->run('WP Cron')
#11 E:\wampserver\www\sklentr\snazzy-floret\wp-includes\class-wp-hook.php(365): WP_Hook->apply_filters('', Array)
#12 E:\wampserver\www\sklentr\snazzy-floret\wp-includes\plugin.php(570): WP_Hook->do_action(Array)
#13 E:\wampserver\www\sklentr\snazzy-floret\wp-cron.php(191): do_action_ref_array('action_schedule...', Array)
#14 {main}
2026-04-02T04:10:41+00:00 NOTICE There was an error trying to get product set data in a catalog: Cannot create the API instance because the access token is missing.
2026-04-02T04:10:41+00:00 ERROR ProductSetSync exception: exception_code : 0; exception_class : WooCommerce\Facebook\Framework\Api\Exception: exception_message : Cannot create the API instance because the access token is missing.; exception_trace : #0 E:\wampserver\www\sklentr\snazzy-floret\wp-content\plugins\facebook-for-woocommerce\includes\ProductSets\ProductSetSync.php(139): WC_Facebookcommerce->get_api()
#1 E:\wampserver\www\sklentr\snazzy-floret\wp-content\plugins\facebook-for-woocommerce\includes\ProductSets\ProductSetSync.php(226): WooCommerce\Facebook\ProductSets\ProductSetSync->get_fb_product_set_id(Object(WP_Term))
#2 E:\wampserver\www\sklentr\snazzy-floret\wp-content\plugins\facebook-for-woocommerce\includes\ProductSets\ProductSetSync.php(107): WooCommerce\Facebook\ProductSets\ProductSetSync->sync_all_wc_product_categories()
#3 E:\wampserver\www\sklentr\snazzy-floret\wp-includes\class-wp-hook.php(341): WooCommerce\Facebook\ProductSets\ProductSetSync->sync_all_product_sets()
#4 E:\wampserver\www\sklentr\snazzy-floret\wp-includes\class-wp-hook.php(365): WP_Hook->apply_filters(NULL, Array)
#5 E:\wampserver\www\sklentr\snazzy-floret\wp-includes\plugin.php(570): WP_Hook->do_action(Array)
#6 E:\wampserver\www\sklentr\snazzy-floret\wp-content\plugins\woocommerce\packages\action-scheduler\classes\actions\ActionScheduler_Action.php(86): do_action_ref_array('facebook_for_wo...', Array)
#7 E:\wampserver\www\sklentr\snazzy-floret\wp-content\plugins\woocommerce\packages\action-scheduler\classes\abstracts\ActionScheduler_Abstract_QueueRunner.php(103): ActionScheduler_Action->execute()
#8 E:\wampserver\www\sklentr\snazzy-floret\wp-content\plugins\woocommerce\packages\action-scheduler\classes\ActionScheduler_QueueRunner.php(188): ActionScheduler_Abstract_QueueRunner->process_action(217, 'WP Cron')
#9 E:\wampserver\www\sklentr\snazzy-floret\wp-content\plugins\woocommerce\packages\action-scheduler\classes\ActionScheduler_QueueRunner.php(158): ActionScheduler_QueueRunner->do_batch(25, 'WP Cron')
#10 E:\wampserver\www\sklentr\snazzy-floret\wp-includes\class-wp-hook.php(341): ActionScheduler_QueueRunner->run('WP Cron')
#11 E:\wampserver\www\sklentr\snazzy-floret\wp-includes\class-wp-hook.php(365): WP_Hook->apply_filters('', Array)
#12 E:\wampserver\www\sklentr\snazzy-floret\wp-includes\plugin.php(570): WP_Hook->do_action(Array)
#13 E:\wampserver\www\sklentr\snazzy-floret\wp-cron.php(191): do_action_ref_array('action_schedule...', Array)
#14 {main}
2026-04-02T04:10:41+00:00 ERROR Error persisting Meta logs: Cannot create the API instance because the access token is missing. : []
2026-04-02T04:17:15+00:00 ERROR Error persisting Meta logs: Cannot create the API instance because the access token is missing. : []
2026-04-02T04:24:05+00:00 ERROR Error persisting Meta logs: Cannot create the API instance because the access token is missing. : []
2026-04-02T04:24:05+00:00 ERROR Error persisting Meta logs: Cannot create the API instance because the access token is missing. : []
2026-04-02T04:30:10+00:00 ERROR Error persisting Meta logs: Cannot create the API instance because the access token is missing. : []
2026-04-02T04:35:21+00:00 ERROR Error persisting Meta logs: Cannot create the API instance because the access token is missing. : []
2026-04-02T04:45:25+00:00 ERROR Error persisting Meta logs: Cannot create the API instance because the access token is missing. : []
2026-04-02T04:55:38+00:00 ERROR Error persisting Meta logs: Cannot create the API instance because the access token is missing. : []
2026-04-02T04:56:30+00:00 ERROR Error persisting Meta logs: Cannot create the API instance because the access token is missing. : []
2026-04-02T05:00:16+00:00 ERROR Error persisting Meta logs: Cannot create the API instance because the access token is missing. : []
2026-04-02T05:05:37+00:00 ERROR Error persisting Meta logs: Cannot create the API instance because the access token is missing. : []
2026-04-02T05:10:02+00:00 WARNING Product feed scheduling failed: Integration not configured. : {"flow_name":"product_feed","flow_step":"schedule_feed_generation"}
2026-04-02T05:10:02+00:00 WARNING Language override feed scheduling failed: Integration not configured. : {"flow_name":"language_override_feed","flow_step":"schedule_feed_generation"}
2026-04-02T05:10:02+00:00 ERROR Error persisting Meta logs: Cannot create the API instance because the access token is missing. : []
2026-04-02T05:21:00+00:00 ERROR Error persisting Meta logs: Cannot create the API instance because the access token is missing. : []
2026-04-02T05:25:31+00:00 ERROR Error persisting Meta logs: Cannot create the API instance because the access token is missing. : []
2026-04-02T05:32:01+00:00 ERROR Error persisting Meta logs: Cannot create the API instance because the access token is missing. : []
2026-04-02T05:43:59+00:00 ERROR Error persisting Meta logs: Cannot create the API instance because the access token is missing. : []
2026-04-02T05:47:02+00:00 ERROR Error persisting Meta logs: Cannot create the API instance because the access token is missing. : []
2026-04-02T05:49:07+00:00 ERROR Error persisting Meta logs: Cannot create the API instance because the access token is missing. : []
2026-04-02T05:54:30+00:00 ERROR Error persisting Meta logs: Cannot create the API instance because the access token is missing. : []
2026-04-02T06:00:22+00:00 ERROR Error persisting Meta logs: Cannot create the API instance because the access token is missing. : []
2026-04-02T06:04:17+00:00 ERROR Error persisting Meta logs: Cannot create the API instance because the access token is missing. : []
2026-04-02T06:11:31+00:00 WARNING Product feed scheduling failed: Integration not configured. : {"flow_name":"product_feed","flow_step":"schedule_feed_generation"}
2026-04-02T06:11:31+00:00 WARNING Language override feed scheduling failed: Integration not configured. : {"flow_name":"language_override_feed","flow_step":"schedule_feed_generation"}
2026-04-02T06:11:31+00:00 ERROR Error persisting Meta logs: Cannot create the API instance because the access token is missing. : []
2026-04-02T06:15:01+00:00 ERROR Error persisting Meta logs: Cannot create the API instance because the access token is missing. : []
2026-04-02T06:27:24+00:00 ERROR Error persisting Meta logs: Cannot create the API instance because the access token is missing. : []
2026-04-02T06:28:40+00:00 ERROR Error persisting Meta logs: Cannot create the API instance because the access token is missing. : []
2026-04-02T06:29:27+00:00 ERROR Error persisting Meta logs: Cannot create the API instance because the access token is missing. : []
2026-04-02T06:36:18+00:00 ERROR Error persisting Meta logs: Cannot create the API instance because the access token is missing. : []
2026-04-02T06:43:05+00:00 ERROR Error persisting Meta logs: Cannot create the API instance because the access token is missing. : []
2026-04-02T06:44:21+00:00 ERROR Error persisting Meta logs: Cannot create the API instance because the access token is missing. : []
2026-04-02T06:48:59+00:00 ERROR Error persisting Meta logs: Cannot create the API instance because the access token is missing. : []
2026-04-02T06:54:56+00:00 ERROR Error persisting Meta logs: Cannot create the API instance because the access token is missing. : []
2026-04-02T07:02:22+00:00 ERROR Error persisting Meta logs: Cannot create the API instance because the access token is missing. : []
2026-04-02T07:05:15+00:00 ERROR Error persisting Meta logs: Cannot create the API instance because the access token is missing. : []
2026-04-02T07:10:10+00:00 ERROR Error persisting error logs: Cannot create the API instance because the access token is missing. : []
2026-04-02T07:10:10+00:00 ERROR Error persisting Meta logs: Cannot create the API instance because the access token is missing. : []
2026-04-02T07:57:31+00:00 ERROR Error persisting Meta logs: Cannot create the API instance because the access token is missing. : []
2026-04-02T07:59:39+00:00 ERROR Error persisting Meta logs: Cannot create the API instance because the access token is missing. : []
2026-04-02T08:00:38+00:00 ERROR Error persisting Meta logs: Cannot create the API instance because the access token is missing. : []
2026-04-02T08:05:02+00:00 ERROR Error persisting Meta logs: Cannot create the API instance because the access token is missing. : []
2026-04-02T08:17:03+00:00 WARNING Product feed scheduling failed: Integration not configured. : {"flow_name":"product_feed","flow_step":"schedule_feed_generation"}
2026-04-02T08:17:03+00:00 WARNING Language override feed scheduling failed: Integration not configured. : {"flow_name":"language_override_feed","flow_step":"schedule_feed_generation"}
2026-04-02T08:17:03+00:00 ERROR Error persisting Meta logs: Cannot create the API instance because the access token is missing. : []
2026-04-02T08:21:07+00:00 ERROR Error persisting Meta logs: Cannot create the API instance because the access token is missing. : []
2026-04-02T08:30:05+00:00 ERROR Error persisting Meta logs: Cannot create the API instance because the access token is missing. : []
2026-04-02T08:30:05+00:00 ERROR Error persisting Meta logs: Cannot create the API instance because the access token is missing. : []
2026-04-02T08:42:45+00:00 ERROR Error persisting Meta logs: Cannot create the API instance because the access token is missing. : []
2026-04-02T08:44:03+00:00 ERROR Error persisting Meta logs: Cannot create the API instance because the access token is missing. : []
2026-04-02T08:51:11+00:00 ERROR Error persisting Meta logs: Cannot create the API instance because the access token is missing. : []
2026-04-02T08:54:14+00:00 ERROR Error persisting Meta logs: Cannot create the API instance because the access token is missing. : []
2026-04-02T08:59:02+00:00 ERROR Error persisting Meta logs: Cannot create the API instance because the access token is missing. : []
2026-04-02T10:05:01+00:00 WARNING Product feed scheduling failed: Integration not configured. : {"flow_name":"product_feed","flow_step":"schedule_feed_generation"}
2026-04-02T10:05:01+00:00 WARNING Language override feed scheduling failed: Integration not configured. : {"flow_name":"language_override_feed","flow_step":"schedule_feed_generation"}
2026-04-02T10:05:01+00:00 ERROR Error persisting Meta logs: Cannot create the API instance because the access token is missing. : []
2026-04-02T10:22:58+00:00 ERROR Error persisting error logs: Cannot create the API instance because the access token is missing. : []
2026-04-02T10:22:58+00:00 ERROR Error persisting Meta logs: Cannot create the API instance because the access token is missing. : []
2026-04-02T10:25:45+00:00 ERROR Error persisting Meta logs: Cannot create the API instance because the access token is missing. : []
2026-04-02T10:25:45+00:00 ERROR Error persisting Meta logs: Cannot create the API instance because the access token is missing. : []
2026-04-02T10:33:47+00:00 ERROR Error persisting Meta logs: Cannot create the API instance because the access token is missing. : []
2026-04-02T10:35:59+00:00 ERROR Error persisting Meta logs: Cannot create the API instance because the access token is missing. : []
2026-04-02T10:40:16+00:00 ERROR Error persisting Meta logs: Cannot create the API instance because the access token is missing. : []
2026-04-02T10:44:39+00:00 ERROR Error persisting Meta logs: Cannot create the API instance because the access token is missing. : []
2026-04-02T10:51:44+00:00 ERROR Error persisting Meta logs: Cannot create the API instance because the access token is missing. : []
2026-04-02T10:59:53+00:00 ERROR Error persisting Meta logs: Cannot create the API instance because the access token is missing. : []
2026-04-02T11:08:57+00:00 ERROR Error persisting Meta logs: Cannot create the API instance because the access token is missing. : []
2026-04-02T11:09:03+00:00 ERROR Error persisting Meta logs: Cannot create the API instance because the access token is missing. : []
2026-04-02T11:09:03+00:00 WARNING Product feed scheduling failed: Integration not configured. : {"flow_name":"product_feed","flow_step":"schedule_feed_generation"}
2026-04-02T11:09:03+00:00 WARNING Language override feed scheduling failed: Integration not configured. : {"flow_name":"language_override_feed","flow_step":"schedule_feed_generation"}
2026-04-02T11:15:08+00:00 ERROR Error persisting Meta logs: Cannot create the API instance because the access token is missing. : []
2026-04-02T11:19:09+00:00 ERROR Error persisting Meta logs: Cannot create the API instance because the access token is missing. : []
2026-04-02T11:27:37+00:00 ERROR Error persisting Meta logs: Cannot create the API instance because the access token is missing. : []
2026-04-02T11:29:57+00:00 ERROR Error persisting Meta logs: Cannot create the API instance because the access token is missing. : []
