2026-04-09T04:40:15+00:00 WARNING Product feed scheduling failed: Integration not configured. : {"flow_name":"product_feed","flow_step":"schedule_feed_generation"}
2026-04-09T04:40:15+00:00 WARNING Language override feed scheduling failed: Integration not configured. : {"flow_name":"language_override_feed","flow_step":"schedule_feed_generation"}
2026-04-09T04:40:15+00:00 ERROR Error persisting error logs: Cannot create the API instance because the access token is missing. : []
2026-04-09T04:42:41+00:00 ERROR Error persisting Meta logs: Cannot create the API instance because the access token is missing. : []
2026-04-09T04:42:41+00:00 NOTICE Unable to detect valid feed configuration: No catalog ID
2026-04-09T04:42:41+00:00 NOTICE There was an error trying to get product set data in a catalog: Cannot create the API instance because the access token is missing.
2026-04-09T04:42:41+00:00 ERROR ProductSetSync exception: exception_code : 0; exception_class : WooCommerce\Facebook\Framework\Api\Exception: exception_message : Cannot create the API instance because the access token is missing.; exception_trace : #0 E:\wampserver\www\sklentr\snazzy-floret\wp-content\plugins\facebook-for-woocommerce\includes\ProductSets\ProductSetSync.php(139): WC_Facebookcommerce->get_api()
#1 E:\wampserver\www\sklentr\snazzy-floret\wp-content\plugins\facebook-for-woocommerce\includes\ProductSets\ProductSetSync.php(226): WooCommerce\Facebook\ProductSets\ProductSetSync->get_fb_product_set_id(Object(WP_Term))
#2 E:\wampserver\www\sklentr\snazzy-floret\wp-content\plugins\facebook-for-woocommerce\includes\ProductSets\ProductSetSync.php(107): WooCommerce\Facebook\ProductSets\ProductSetSync->sync_all_wc_product_categories()
#3 E:\wampserver\www\sklentr\snazzy-floret\wp-includes\class-wp-hook.php(341): WooCommerce\Facebook\ProductSets\ProductSetSync->sync_all_product_sets()
#4 E:\wampserver\www\sklentr\snazzy-floret\wp-includes\class-wp-hook.php(365): WP_Hook->apply_filters(NULL, Array)
#5 E:\wampserver\www\sklentr\snazzy-floret\wp-includes\plugin.php(570): WP_Hook->do_action(Array)
#6 E:\wampserver\www\sklentr\snazzy-floret\wp-content\plugins\woocommerce\packages\action-scheduler\classes\actions\ActionScheduler_Action.php(86): do_action_ref_array('facebook_for_wo...', Array)
#7 E:\wampserver\www\sklentr\snazzy-floret\wp-content\plugins\woocommerce\packages\action-scheduler\classes\abstracts\ActionScheduler_Abstract_QueueRunner.php(103): ActionScheduler_Action->execute()
#8 E:\wampserver\www\sklentr\snazzy-floret\wp-content\plugins\woocommerce\packages\action-scheduler\classes\ActionScheduler_QueueRunner.php(188): ActionScheduler_Abstract_QueueRunner->process_action(778, 'WP Cron')
#9 E:\wampserver\www\sklentr\snazzy-floret\wp-content\plugins\woocommerce\packages\action-scheduler\classes\ActionScheduler_QueueRunner.php(158): ActionScheduler_QueueRunner->do_batch(25, 'WP Cron')
#10 E:\wampserver\www\sklentr\snazzy-floret\wp-includes\class-wp-hook.php(341): ActionScheduler_QueueRunner->run('WP Cron')
#11 E:\wampserver\www\sklentr\snazzy-floret\wp-includes\class-wp-hook.php(365): WP_Hook->apply_filters('', Array)
#12 E:\wampserver\www\sklentr\snazzy-floret\wp-includes\plugin.php(570): WP_Hook->do_action(Array)
#13 E:\wampserver\www\sklentr\snazzy-floret\wp-cron.php(191): do_action_ref_array('action_schedule...', Array)
#14 {main}
2026-04-09T04:42:41+00:00 NOTICE There was an error trying to get product set data in a catalog: Cannot create the API instance because the access token is missing.
2026-04-09T04:42:41+00:00 ERROR ProductSetSync exception: exception_code : 0; exception_class : WooCommerce\Facebook\Framework\Api\Exception: exception_message : Cannot create the API instance because the access token is missing.; exception_trace : #0 E:\wampserver\www\sklentr\snazzy-floret\wp-content\plugins\facebook-for-woocommerce\includes\ProductSets\ProductSetSync.php(139): WC_Facebookcommerce->get_api()
#1 E:\wampserver\www\sklentr\snazzy-floret\wp-content\plugins\facebook-for-woocommerce\includes\ProductSets\ProductSetSync.php(226): WooCommerce\Facebook\ProductSets\ProductSetSync->get_fb_product_set_id(Object(WP_Term))
#2 E:\wampserver\www\sklentr\snazzy-floret\wp-content\plugins\facebook-for-woocommerce\includes\ProductSets\ProductSetSync.php(107): WooCommerce\Facebook\ProductSets\ProductSetSync->sync_all_wc_product_categories()
#3 E:\wampserver\www\sklentr\snazzy-floret\wp-includes\class-wp-hook.php(341): WooCommerce\Facebook\ProductSets\ProductSetSync->sync_all_product_sets()
#4 E:\wampserver\www\sklentr\snazzy-floret\wp-includes\class-wp-hook.php(365): WP_Hook->apply_filters(NULL, Array)
#5 E:\wampserver\www\sklentr\snazzy-floret\wp-includes\plugin.php(570): WP_Hook->do_action(Array)
#6 E:\wampserver\www\sklentr\snazzy-floret\wp-content\plugins\woocommerce\packages\action-scheduler\classes\actions\ActionScheduler_Action.php(86): do_action_ref_array('facebook_for_wo...', Array)
#7 E:\wampserver\www\sklentr\snazzy-floret\wp-content\plugins\woocommerce\packages\action-scheduler\classes\abstracts\ActionScheduler_Abstract_QueueRunner.php(103): ActionScheduler_Action->execute()
#8 E:\wampserver\www\sklentr\snazzy-floret\wp-content\plugins\woocommerce\packages\action-scheduler\classes\ActionScheduler_QueueRunner.php(188): ActionScheduler_Abstract_QueueRunner->process_action(778, 'WP Cron')
#9 E:\wampserver\www\sklentr\snazzy-floret\wp-content\plugins\woocommerce\packages\action-scheduler\classes\ActionScheduler_QueueRunner.php(158): ActionScheduler_QueueRunner->do_batch(25, 'WP Cron')
#10 E:\wampserver\www\sklentr\snazzy-floret\wp-includes\class-wp-hook.php(341): ActionScheduler_QueueRunner->run('WP Cron')
#11 E:\wampserver\www\sklentr\snazzy-floret\wp-includes\class-wp-hook.php(365): WP_Hook->apply_filters('', Array)
#12 E:\wampserver\www\sklentr\snazzy-floret\wp-includes\plugin.php(570): WP_Hook->do_action(Array)
#13 E:\wampserver\www\sklentr\snazzy-floret\wp-cron.php(191): do_action_ref_array('action_schedule...', Array)
#14 {main}
2026-04-09T04:42:41+00:00 NOTICE There was an error trying to get product set data in a catalog: Cannot create the API instance because the access token is missing.
2026-04-09T04:42:41+00:00 ERROR ProductSetSync exception: exception_code : 0; exception_class : WooCommerce\Facebook\Framework\Api\Exception: exception_message : Cannot create the API instance because the access token is missing.; exception_trace : #0 E:\wampserver\www\sklentr\snazzy-floret\wp-content\plugins\facebook-for-woocommerce\includes\ProductSets\ProductSetSync.php(139): WC_Facebookcommerce->get_api()
#1 E:\wampserver\www\sklentr\snazzy-floret\wp-content\plugins\facebook-for-woocommerce\includes\ProductSets\ProductSetSync.php(226): WooCommerce\Facebook\ProductSets\ProductSetSync->get_fb_product_set_id(Object(WP_Term))
#2 E:\wampserver\www\sklentr\snazzy-floret\wp-content\plugins\facebook-for-woocommerce\includes\ProductSets\ProductSetSync.php(107): WooCommerce\Facebook\ProductSets\ProductSetSync->sync_all_wc_product_categories()
#3 E:\wampserver\www\sklentr\snazzy-floret\wp-includes\class-wp-hook.php(341): WooCommerce\Facebook\ProductSets\ProductSetSync->sync_all_product_sets()
#4 E:\wampserver\www\sklentr\snazzy-floret\wp-includes\class-wp-hook.php(365): WP_Hook->apply_filters(NULL, Array)
#5 E:\wampserver\www\sklentr\snazzy-floret\wp-includes\plugin.php(570): WP_Hook->do_action(Array)
#6 E:\wampserver\www\sklentr\snazzy-floret\wp-content\plugins\woocommerce\packages\action-scheduler\classes\actions\ActionScheduler_Action.php(86): do_action_ref_array('facebook_for_wo...', Array)
#7 E:\wampserver\www\sklentr\snazzy-floret\wp-content\plugins\woocommerce\packages\action-scheduler\classes\abstracts\ActionScheduler_Abstract_QueueRunner.php(103): ActionScheduler_Action->execute()
#8 E:\wampserver\www\sklentr\snazzy-floret\wp-content\plugins\woocommerce\packages\action-scheduler\classes\ActionScheduler_QueueRunner.php(188): ActionScheduler_Abstract_QueueRunner->process_action(778, 'WP Cron')
#9 E:\wampserver\www\sklentr\snazzy-floret\wp-content\plugins\woocommerce\packages\action-scheduler\classes\ActionScheduler_QueueRunner.php(158): ActionScheduler_QueueRunner->do_batch(25, 'WP Cron')
#10 E:\wampserver\www\sklentr\snazzy-floret\wp-includes\class-wp-hook.php(341): ActionScheduler_QueueRunner->run('WP Cron')
#11 E:\wampserver\www\sklentr\snazzy-floret\wp-includes\class-wp-hook.php(365): WP_Hook->apply_filters('', Array)
#12 E:\wampserver\www\sklentr\snazzy-floret\wp-includes\plugin.php(570): WP_Hook->do_action(Array)
#13 E:\wampserver\www\sklentr\snazzy-floret\wp-cron.php(191): do_action_ref_array('action_schedule...', Array)
#14 {main}
2026-04-09T04:42:41+00:00 NOTICE There was an error trying to get product set data in a catalog: Cannot create the API instance because the access token is missing.
2026-04-09T04:42:41+00:00 ERROR ProductSetSync exception: exception_code : 0; exception_class : WooCommerce\Facebook\Framework\Api\Exception: exception_message : Cannot create the API instance because the access token is missing.; exception_trace : #0 E:\wampserver\www\sklentr\snazzy-floret\wp-content\plugins\facebook-for-woocommerce\includes\ProductSets\ProductSetSync.php(139): WC_Facebookcommerce->get_api()
#1 E:\wampserver\www\sklentr\snazzy-floret\wp-content\plugins\facebook-for-woocommerce\includes\ProductSets\ProductSetSync.php(226): WooCommerce\Facebook\ProductSets\ProductSetSync->get_fb_product_set_id(Object(WP_Term))
#2 E:\wampserver\www\sklentr\snazzy-floret\wp-content\plugins\facebook-for-woocommerce\includes\ProductSets\ProductSetSync.php(107): WooCommerce\Facebook\ProductSets\ProductSetSync->sync_all_wc_product_categories()
#3 E:\wampserver\www\sklentr\snazzy-floret\wp-includes\class-wp-hook.php(341): WooCommerce\Facebook\ProductSets\ProductSetSync->sync_all_product_sets()
#4 E:\wampserver\www\sklentr\snazzy-floret\wp-includes\class-wp-hook.php(365): WP_Hook->apply_filters(NULL, Array)
#5 E:\wampserver\www\sklentr\snazzy-floret\wp-includes\plugin.php(570): WP_Hook->do_action(Array)
#6 E:\wampserver\www\sklentr\snazzy-floret\wp-content\plugins\woocommerce\packages\action-scheduler\classes\actions\ActionScheduler_Action.php(86): do_action_ref_array('facebook_for_wo...', Array)
#7 E:\wampserver\www\sklentr\snazzy-floret\wp-content\plugins\woocommerce\packages\action-scheduler\classes\abstracts\ActionScheduler_Abstract_QueueRunner.php(103): ActionScheduler_Action->execute()
#8 E:\wampserver\www\sklentr\snazzy-floret\wp-content\plugins\woocommerce\packages\action-scheduler\classes\ActionScheduler_QueueRunner.php(188): ActionScheduler_Abstract_QueueRunner->process_action(778, 'WP Cron')
#9 E:\wampserver\www\sklentr\snazzy-floret\wp-content\plugins\woocommerce\packages\action-scheduler\classes\ActionScheduler_QueueRunner.php(158): ActionScheduler_QueueRunner->do_batch(25, 'WP Cron')
#10 E:\wampserver\www\sklentr\snazzy-floret\wp-includes\class-wp-hook.php(341): ActionScheduler_QueueRunner->run('WP Cron')
#11 E:\wampserver\www\sklentr\snazzy-floret\wp-includes\class-wp-hook.php(365): WP_Hook->apply_filters('', Array)
#12 E:\wampserver\www\sklentr\snazzy-floret\wp-includes\plugin.php(570): WP_Hook->do_action(Array)
#13 E:\wampserver\www\sklentr\snazzy-floret\wp-cron.php(191): do_action_ref_array('action_schedule...', Array)
#14 {main}
2026-04-09T04:42:41+00:00 NOTICE There was an error trying to get product set data in a catalog: Cannot create the API instance because the access token is missing.
2026-04-09T04:42:41+00:00 ERROR ProductSetSync exception: exception_code : 0; exception_class : WooCommerce\Facebook\Framework\Api\Exception: exception_message : Cannot create the API instance because the access token is missing.; exception_trace : #0 E:\wampserver\www\sklentr\snazzy-floret\wp-content\plugins\facebook-for-woocommerce\includes\ProductSets\ProductSetSync.php(139): WC_Facebookcommerce->get_api()
#1 E:\wampserver\www\sklentr\snazzy-floret\wp-content\plugins\facebook-for-woocommerce\includes\ProductSets\ProductSetSync.php(226): WooCommerce\Facebook\ProductSets\ProductSetSync->get_fb_product_set_id(Object(WP_Term))
#2 E:\wampserver\www\sklentr\snazzy-floret\wp-content\plugins\facebook-for-woocommerce\includes\ProductSets\ProductSetSync.php(107): WooCommerce\Facebook\ProductSets\ProductSetSync->sync_all_wc_product_categories()
#3 E:\wampserver\www\sklentr\snazzy-floret\wp-includes\class-wp-hook.php(341): WooCommerce\Facebook\ProductSets\ProductSetSync->sync_all_product_sets()
#4 E:\wampserver\www\sklentr\snazzy-floret\wp-includes\class-wp-hook.php(365): WP_Hook->apply_filters(NULL, Array)
#5 E:\wampserver\www\sklentr\snazzy-floret\wp-includes\plugin.php(570): WP_Hook->do_action(Array)
#6 E:\wampserver\www\sklentr\snazzy-floret\wp-content\plugins\woocommerce\packages\action-scheduler\classes\actions\ActionScheduler_Action.php(86): do_action_ref_array('facebook_for_wo...', Array)
#7 E:\wampserver\www\sklentr\snazzy-floret\wp-content\plugins\woocommerce\packages\action-scheduler\classes\abstracts\ActionScheduler_Abstract_QueueRunner.php(103): ActionScheduler_Action->execute()
#8 E:\wampserver\www\sklentr\snazzy-floret\wp-content\plugins\woocommerce\packages\action-scheduler\classes\ActionScheduler_QueueRunner.php(188): ActionScheduler_Abstract_QueueRunner->process_action(778, 'WP Cron')
#9 E:\wampserver\www\sklentr\snazzy-floret\wp-content\plugins\woocommerce\packages\action-scheduler\classes\ActionScheduler_QueueRunner.php(158): ActionScheduler_QueueRunner->do_batch(25, 'WP Cron')
#10 E:\wampserver\www\sklentr\snazzy-floret\wp-includes\class-wp-hook.php(341): ActionScheduler_QueueRunner->run('WP Cron')
#11 E:\wampserver\www\sklentr\snazzy-floret\wp-includes\class-wp-hook.php(365): WP_Hook->apply_filters('', Array)
#12 E:\wampserver\www\sklentr\snazzy-floret\wp-includes\plugin.php(570): WP_Hook->do_action(Array)
#13 E:\wampserver\www\sklentr\snazzy-floret\wp-cron.php(191): do_action_ref_array('action_schedule...', Array)
#14 {main}
2026-04-09T04:42:41+00:00 NOTICE There was an error trying to get product set data in a catalog: Cannot create the API instance because the access token is missing.
2026-04-09T04:42:41+00:00 ERROR ProductSetSync exception: exception_code : 0; exception_class : WooCommerce\Facebook\Framework\Api\Exception: exception_message : Cannot create the API instance because the access token is missing.; exception_trace : #0 E:\wampserver\www\sklentr\snazzy-floret\wp-content\plugins\facebook-for-woocommerce\includes\ProductSets\ProductSetSync.php(139): WC_Facebookcommerce->get_api()
#1 E:\wampserver\www\sklentr\snazzy-floret\wp-content\plugins\facebook-for-woocommerce\includes\ProductSets\ProductSetSync.php(226): WooCommerce\Facebook\ProductSets\ProductSetSync->get_fb_product_set_id(Object(WP_Term))
#2 E:\wampserver\www\sklentr\snazzy-floret\wp-content\plugins\facebook-for-woocommerce\includes\ProductSets\ProductSetSync.php(107): WooCommerce\Facebook\ProductSets\ProductSetSync->sync_all_wc_product_categories()
#3 E:\wampserver\www\sklentr\snazzy-floret\wp-includes\class-wp-hook.php(341): WooCommerce\Facebook\ProductSets\ProductSetSync->sync_all_product_sets()
#4 E:\wampserver\www\sklentr\snazzy-floret\wp-includes\class-wp-hook.php(365): WP_Hook->apply_filters(NULL, Array)
#5 E:\wampserver\www\sklentr\snazzy-floret\wp-includes\plugin.php(570): WP_Hook->do_action(Array)
#6 E:\wampserver\www\sklentr\snazzy-floret\wp-content\plugins\woocommerce\packages\action-scheduler\classes\actions\ActionScheduler_Action.php(86): do_action_ref_array('facebook_for_wo...', Array)
#7 E:\wampserver\www\sklentr\snazzy-floret\wp-content\plugins\woocommerce\packages\action-scheduler\classes\abstracts\ActionScheduler_Abstract_QueueRunner.php(103): ActionScheduler_Action->execute()
#8 E:\wampserver\www\sklentr\snazzy-floret\wp-content\plugins\woocommerce\packages\action-scheduler\classes\ActionScheduler_QueueRunner.php(188): ActionScheduler_Abstract_QueueRunner->process_action(778, 'WP Cron')
#9 E:\wampserver\www\sklentr\snazzy-floret\wp-content\plugins\woocommerce\packages\action-scheduler\classes\ActionScheduler_QueueRunner.php(158): ActionScheduler_QueueRunner->do_batch(25, 'WP Cron')
#10 E:\wampserver\www\sklentr\snazzy-floret\wp-includes\class-wp-hook.php(341): ActionScheduler_QueueRunner->run('WP Cron')
#11 E:\wampserver\www\sklentr\snazzy-floret\wp-includes\class-wp-hook.php(365): WP_Hook->apply_filters('', Array)
#12 E:\wampserver\www\sklentr\snazzy-floret\wp-includes\plugin.php(570): WP_Hook->do_action(Array)
#13 E:\wampserver\www\sklentr\snazzy-floret\wp-cron.php(191): do_action_ref_array('action_schedule...', Array)
#14 {main}
2026-04-09T04:42:41+00:00 NOTICE There was an error trying to get product set data in a catalog: Cannot create the API instance because the access token is missing.
2026-04-09T04:42:41+00:00 ERROR ProductSetSync exception: exception_code : 0; exception_class : WooCommerce\Facebook\Framework\Api\Exception: exception_message : Cannot create the API instance because the access token is missing.; exception_trace : #0 E:\wampserver\www\sklentr\snazzy-floret\wp-content\plugins\facebook-for-woocommerce\includes\ProductSets\ProductSetSync.php(139): WC_Facebookcommerce->get_api()
#1 E:\wampserver\www\sklentr\snazzy-floret\wp-content\plugins\facebook-for-woocommerce\includes\ProductSets\ProductSetSync.php(226): WooCommerce\Facebook\ProductSets\ProductSetSync->get_fb_product_set_id(Object(WP_Term))
#2 E:\wampserver\www\sklentr\snazzy-floret\wp-content\plugins\facebook-for-woocommerce\includes\ProductSets\ProductSetSync.php(107): WooCommerce\Facebook\ProductSets\ProductSetSync->sync_all_wc_product_categories()
#3 E:\wampserver\www\sklentr\snazzy-floret\wp-includes\class-wp-hook.php(341): WooCommerce\Facebook\ProductSets\ProductSetSync->sync_all_product_sets()
#4 E:\wampserver\www\sklentr\snazzy-floret\wp-includes\class-wp-hook.php(365): WP_Hook->apply_filters(NULL, Array)
#5 E:\wampserver\www\sklentr\snazzy-floret\wp-includes\plugin.php(570): WP_Hook->do_action(Array)
#6 E:\wampserver\www\sklentr\snazzy-floret\wp-content\plugins\woocommerce\packages\action-scheduler\classes\actions\ActionScheduler_Action.php(86): do_action_ref_array('facebook_for_wo...', Array)
#7 E:\wampserver\www\sklentr\snazzy-floret\wp-content\plugins\woocommerce\packages\action-scheduler\classes\abstracts\ActionScheduler_Abstract_QueueRunner.php(103): ActionScheduler_Action->execute()
#8 E:\wampserver\www\sklentr\snazzy-floret\wp-content\plugins\woocommerce\packages\action-scheduler\classes\ActionScheduler_QueueRunner.php(188): ActionScheduler_Abstract_QueueRunner->process_action(778, 'WP Cron')
#9 E:\wampserver\www\sklentr\snazzy-floret\wp-content\plugins\woocommerce\packages\action-scheduler\classes\ActionScheduler_QueueRunner.php(158): ActionScheduler_QueueRunner->do_batch(25, 'WP Cron')
#10 E:\wampserver\www\sklentr\snazzy-floret\wp-includes\class-wp-hook.php(341): ActionScheduler_QueueRunner->run('WP Cron')
#11 E:\wampserver\www\sklentr\snazzy-floret\wp-includes\class-wp-hook.php(365): WP_Hook->apply_filters('', Array)
#12 E:\wampserver\www\sklentr\snazzy-floret\wp-includes\plugin.php(570): WP_Hook->do_action(Array)
#13 E:\wampserver\www\sklentr\snazzy-floret\wp-cron.php(191): do_action_ref_array('action_schedule...', Array)
#14 {main}
2026-04-09T04:42:41+00:00 NOTICE There was an error trying to get product set data in a catalog: Cannot create the API instance because the access token is missing.
2026-04-09T04:42:41+00:00 ERROR ProductSetSync exception: exception_code : 0; exception_class : WooCommerce\Facebook\Framework\Api\Exception: exception_message : Cannot create the API instance because the access token is missing.; exception_trace : #0 E:\wampserver\www\sklentr\snazzy-floret\wp-content\plugins\facebook-for-woocommerce\includes\ProductSets\ProductSetSync.php(139): WC_Facebookcommerce->get_api()
#1 E:\wampserver\www\sklentr\snazzy-floret\wp-content\plugins\facebook-for-woocommerce\includes\ProductSets\ProductSetSync.php(226): WooCommerce\Facebook\ProductSets\ProductSetSync->get_fb_product_set_id(Object(WP_Term))
#2 E:\wampserver\www\sklentr\snazzy-floret\wp-content\plugins\facebook-for-woocommerce\includes\ProductSets\ProductSetSync.php(107): WooCommerce\Facebook\ProductSets\ProductSetSync->sync_all_wc_product_categories()
#3 E:\wampserver\www\sklentr\snazzy-floret\wp-includes\class-wp-hook.php(341): WooCommerce\Facebook\ProductSets\ProductSetSync->sync_all_product_sets()
#4 E:\wampserver\www\sklentr\snazzy-floret\wp-includes\class-wp-hook.php(365): WP_Hook->apply_filters(NULL, Array)
#5 E:\wampserver\www\sklentr\snazzy-floret\wp-includes\plugin.php(570): WP_Hook->do_action(Array)
#6 E:\wampserver\www\sklentr\snazzy-floret\wp-content\plugins\woocommerce\packages\action-scheduler\classes\actions\ActionScheduler_Action.php(86): do_action_ref_array('facebook_for_wo...', Array)
#7 E:\wampserver\www\sklentr\snazzy-floret\wp-content\plugins\woocommerce\packages\action-scheduler\classes\abstracts\ActionScheduler_Abstract_QueueRunner.php(103): ActionScheduler_Action->execute()
#8 E:\wampserver\www\sklentr\snazzy-floret\wp-content\plugins\woocommerce\packages\action-scheduler\classes\ActionScheduler_QueueRunner.php(188): ActionScheduler_Abstract_QueueRunner->process_action(778, 'WP Cron')
#9 E:\wampserver\www\sklentr\snazzy-floret\wp-content\plugins\woocommerce\packages\action-scheduler\classes\ActionScheduler_QueueRunner.php(158): ActionScheduler_QueueRunner->do_batch(25, 'WP Cron')
#10 E:\wampserver\www\sklentr\snazzy-floret\wp-includes\class-wp-hook.php(341): ActionScheduler_QueueRunner->run('WP Cron')
#11 E:\wampserver\www\sklentr\snazzy-floret\wp-includes\class-wp-hook.php(365): WP_Hook->apply_filters('', Array)
#12 E:\wampserver\www\sklentr\snazzy-floret\wp-includes\plugin.php(570): WP_Hook->do_action(Array)
#13 E:\wampserver\www\sklentr\snazzy-floret\wp-cron.php(191): do_action_ref_array('action_schedule...', Array)
#14 {main}
2026-04-09T04:50:28+00:00 ERROR Error persisting Meta logs: Cannot create the API instance because the access token is missing. : []
2026-04-09T04:52:09+00:00 ERROR Error persisting Meta logs: Cannot create the API instance because the access token is missing. : []
2026-04-09T04:59:59+00:00 ERROR Error persisting Meta logs: Cannot create the API instance because the access token is missing. : []
2026-04-09T05:21:16+00:00 ERROR Error persisting Meta logs: Cannot create the API instance because the access token is missing. : []
2026-04-09T05:24:05+00:00 ERROR Error persisting Meta logs: Cannot create the API instance because the access token is missing. : []
2026-04-09T05:35:16+00:00 ERROR Error persisting Meta logs: Cannot create the API instance because the access token is missing. : []
2026-04-09T05:35:16+00:00 ERROR Error persisting Meta logs: Cannot create the API instance because the access token is missing. : []
2026-04-09T05:47:27+00:00 ERROR Error persisting Meta logs: Cannot create the API instance because the access token is missing. : []
2026-04-09T05:57:12+00:00 ERROR Error persisting Meta logs: Cannot create the API instance because the access token is missing. : []
2026-04-09T05:59:36+00:00 ERROR Error persisting Meta logs: Cannot create the API instance because the access token is missing. : []
2026-04-09T06:11:37+00:00 ERROR Error persisting Meta logs: Cannot create the API instance because the access token is missing. : []
2026-04-09T06:13:07+00:00 WARNING Product feed scheduling failed: Integration not configured. : {"flow_name":"product_feed","flow_step":"schedule_feed_generation"}
2026-04-09T06:13:08+00:00 WARNING Language override feed scheduling failed: Integration not configured. : {"flow_name":"language_override_feed","flow_step":"schedule_feed_generation"}
2026-04-09T06:13:08+00:00 ERROR Error persisting Meta logs: Cannot create the API instance because the access token is missing. : []
2026-04-09T06:14:53+00:00 ERROR Error persisting Meta logs: Cannot create the API instance because the access token is missing. : []
2026-04-09T06:19:59+00:00 ERROR Error persisting Meta logs: Cannot create the API instance because the access token is missing. : []
2026-04-09T07:27:35+00:00 WARNING Product feed scheduling failed: Integration not configured. : {"flow_name":"product_feed","flow_step":"schedule_feed_generation"}
2026-04-09T07:27:35+00:00 WARNING Language override feed scheduling failed: Integration not configured. : {"flow_name":"language_override_feed","flow_step":"schedule_feed_generation"}
2026-04-09T07:28:06+00:00 NOTICE There was an error trying sync products using the Catalog Batch API for job 38f5243d321aaabfc364fe962efe7bf2: Cannot create the API instance because the access token is missing.
2026-04-09T07:29:36+00:00 ERROR Error persisting Meta logs: Cannot create the API instance because the access token is missing. : []
2026-04-09T07:36:25+00:00 ERROR Error persisting Meta logs: Cannot create the API instance because the access token is missing. : []
2026-04-09T07:39:16+00:00 ERROR Error persisting Meta logs: Cannot create the API instance because the access token is missing. : []
2026-04-09T07:55:53+00:00 ERROR Error persisting Meta logs: Cannot create the API instance because the access token is missing. : []
2026-04-09T07:55:53+00:00 ERROR Error persisting Meta logs: Cannot create the API instance because the access token is missing. : []
2026-04-09T11:10:30+00:00 WARNING Product feed scheduling failed: Integration not configured. : {"flow_name":"product_feed","flow_step":"schedule_feed_generation"}
2026-04-09T11:10:30+00:00 WARNING Language override feed scheduling failed: Integration not configured. : {"flow_name":"language_override_feed","flow_step":"schedule_feed_generation"}
2026-04-09T11:10:30+00:00 ERROR Error persisting error logs: Cannot create the API instance because the access token is missing. : []
2026-04-09T11:23:54+00:00 ERROR Error persisting Meta logs: Cannot create the API instance because the access token is missing. : []
2026-04-09T11:38:19+00:00 ERROR Error persisting Meta logs: Cannot create the API instance because the access token is missing. : []
2026-04-09T11:39:06+00:00 ERROR Error persisting Meta logs: Cannot create the API instance because the access token is missing. : []
2026-04-09T11:52:25+00:00 ERROR Error persisting Meta logs: Cannot create the API instance because the access token is missing. : []
2026-04-09T11:54:07+00:00 ERROR Error persisting Meta logs: Cannot create the API instance because the access token is missing. : []
2026-04-09T12:01:58+00:00 ERROR Error persisting Meta logs: Cannot create the API instance because the access token is missing. : []
2026-04-09T12:04:09+00:00 ERROR Error persisting Meta logs: Cannot create the API instance because the access token is missing. : []
2026-04-09T12:09:24+00:00 ERROR Error persisting Meta logs: Cannot create the API instance because the access token is missing. : []
2026-04-09T12:14:38+00:00 ERROR Error persisting Meta logs: Cannot create the API instance because the access token is missing. : []
2026-04-09T12:19:35+00:00 ERROR Error persisting Meta logs: Cannot create the API instance because the access token is missing. : []
2026-04-09T12:25:55+00:00 ERROR Error persisting Meta logs: Cannot create the API instance because the access token is missing. : []
2026-04-09T12:30:40+00:00 ERROR Error persisting Meta logs: Cannot create the API instance because the access token is missing. : []
2026-04-09T12:44:20+00:00 ERROR Error persisting Meta logs: Cannot create the API instance because the access token is missing. : []
2026-04-09T12:45:56+00:00 ERROR Error persisting Meta logs: Cannot create the API instance because the access token is missing. : []
