2026-04-01T04:09:56+00:00 WARNING Product feed scheduling failed: Integration not configured. : {"flow_name":"product_feed","flow_step":"schedule_feed_generation"}
2026-04-01T04:09:56+00:00 WARNING Language override feed scheduling failed: Integration not configured. : {"flow_name":"language_override_feed","flow_step":"schedule_feed_generation"}
2026-04-01T04:09:56+00:00 ERROR Error persisting error logs: Cannot create the API instance because the access token is missing. : []
2026-04-01T04:09:56+00:00 NOTICE Unable to detect valid feed configuration: No catalog ID
2026-04-01T04:09:56+00:00 NOTICE There was an error trying to get product set data in a catalog: Cannot create the API instance because the access token is missing.
2026-04-01T04:09:56+00:00 ERROR ProductSetSync exception: exception_code : 0; exception_class : WooCommerce\Facebook\Framework\Api\Exception: exception_message : Cannot create the API instance because the access token is missing.; exception_trace : #0 E:\wampserver\www\sklentr\snazzy-floret\wp-content\plugins\facebook-for-woocommerce\includes\ProductSets\ProductSetSync.php(139): WC_Facebookcommerce->get_api()
#1 E:\wampserver\www\sklentr\snazzy-floret\wp-content\plugins\facebook-for-woocommerce\includes\ProductSets\ProductSetSync.php(226): WooCommerce\Facebook\ProductSets\ProductSetSync->get_fb_product_set_id(Object(WP_Term))
#2 E:\wampserver\www\sklentr\snazzy-floret\wp-content\plugins\facebook-for-woocommerce\includes\ProductSets\ProductSetSync.php(107): WooCommerce\Facebook\ProductSets\ProductSetSync->sync_all_wc_product_categories()
#3 E:\wampserver\www\sklentr\snazzy-floret\wp-includes\class-wp-hook.php(341): WooCommerce\Facebook\ProductSets\ProductSetSync->sync_all_product_sets()
#4 E:\wampserver\www\sklentr\snazzy-floret\wp-includes\class-wp-hook.php(365): WP_Hook->apply_filters(NULL, Array)
#5 E:\wampserver\www\sklentr\snazzy-floret\wp-includes\plugin.php(570): WP_Hook->do_action(Array)
#6 E:\wampserver\www\sklentr\snazzy-floret\wp-content\plugins\woocommerce\packages\action-scheduler\classes\actions\ActionScheduler_Action.php(86): do_action_ref_array('facebook_for_wo...', Array)
#7 E:\wampserver\www\sklentr\snazzy-floret\wp-content\plugins\woocommerce\packages\action-scheduler\classes\abstracts\ActionScheduler_Abstract_QueueRunner.php(103): ActionScheduler_Action->execute()
#8 E:\wampserver\www\sklentr\snazzy-floret\wp-content\plugins\woocommerce\packages\action-scheduler\classes\ActionScheduler_QueueRunner.php(188): ActionScheduler_Abstract_QueueRunner->process_action(30, 'Async Request')
#9 E:\wampserver\www\sklentr\snazzy-floret\wp-content\plugins\woocommerce\packages\action-scheduler\classes\ActionScheduler_QueueRunner.php(158): ActionScheduler_QueueRunner->do_batch(25, 'Async Request')
#10 E:\wampserver\www\sklentr\snazzy-floret\wp-includes\class-wp-hook.php(341): ActionScheduler_QueueRunner->run('Async Request')
#11 E:\wampserver\www\sklentr\snazzy-floret\wp-includes\class-wp-hook.php(365): WP_Hook->apply_filters('', Array)
#12 E:\wampserver\www\sklentr\snazzy-floret\wp-includes\plugin.php(522): WP_Hook->do_action(Array)
#13 E:\wampserver\www\sklentr\snazzy-floret\wp-content\plugins\woocommerce\packages\action-scheduler\classes\ActionScheduler_AsyncRequest_QueueRunner.php(48): do_action('action_schedule...', 'Async Request')
#14 E:\wampserver\www\sklentr\snazzy-floret\wp-content\plugins\woocommerce\includes\libraries\wp-async-request.php(147): ActionScheduler_AsyncRequest_QueueRunner->handle()
#15 E:\wampserver\www\sklentr\snazzy-floret\wp-includes\class-wp-hook.php(341): WP_Async_Request->maybe_handle('')
#16 E:\wampserver\www\sklentr\snazzy-floret\wp-includes\class-wp-hook.php(365): WP_Hook->apply_filters('', Array)
#17 E:\wampserver\www\sklentr\snazzy-floret\wp-includes\plugin.php(522): WP_Hook->do_action(Array)
#18 E:\wampserver\www\sklentr\snazzy-floret\wp-admin\admin-ajax.php(192): do_action('wp_ajax_as_asyn...')
#19 {main}
2026-04-01T04:09:56+00:00 ERROR Error persisting Meta logs: Cannot create the API instance because the access token is missing. : []
2026-04-01T04:14:02+00:00 ERROR Error persisting Meta logs: Cannot create the API instance because the access token is missing. : []
2026-04-01T04:19:18+00:00 ERROR Error persisting Meta logs: Cannot create the API instance because the access token is missing. : []
2026-04-01T04:24:18+00:00 ERROR Error persisting Meta logs: Cannot create the API instance because the access token is missing. : []
2026-04-01T04:29:18+00:00 ERROR Error persisting Meta logs: Cannot create the API instance because the access token is missing. : []
2026-04-01T04:34:18+00:00 ERROR Error persisting Meta logs: Cannot create the API instance because the access token is missing. : []
2026-04-01T04:39:18+00:00 ERROR Error persisting Meta logs: Cannot create the API instance because the access token is missing. : []
2026-04-01T04:44:43+00:00 ERROR Error persisting Meta logs: Cannot create the API instance because the access token is missing. : []
2026-04-01T04:49:43+00:00 ERROR Error persisting Meta logs: Cannot create the API instance because the access token is missing. : []
2026-04-01T04:54:43+00:00 ERROR Error persisting Meta logs: Cannot create the API instance because the access token is missing. : []
2026-04-01T04:59:43+00:00 ERROR Error persisting Meta logs: Cannot create the API instance because the access token is missing. : []
2026-04-01T05:04:43+00:00 ERROR Error persisting Meta logs: Cannot create the API instance because the access token is missing. : []
2026-04-01T05:09:43+00:00 ERROR Error persisting Meta logs: Cannot create the API instance because the access token is missing. : []
2026-04-01T05:14:43+00:00 ERROR Error persisting Meta logs: Cannot create the API instance because the access token is missing. : []
2026-04-01T05:36:19+00:00 ERROR Error persisting Meta logs: Cannot create the API instance because the access token is missing. : []
2026-04-01T05:39:19+00:00 ERROR Error persisting Meta logs: Cannot create the API instance because the access token is missing. : []
2026-04-01T05:44:19+00:00 ERROR Error persisting Meta logs: Cannot create the API instance because the access token is missing. : []
2026-04-01T05:49:19+00:00 ERROR Error persisting Meta logs: Cannot create the API instance because the access token is missing. : []
2026-04-01T05:54:19+00:00 ERROR Error persisting Meta logs: Cannot create the API instance because the access token is missing. : []
2026-04-01T05:59:26+00:00 ERROR Error persisting Meta logs: Cannot create the API instance because the access token is missing. : []
2026-04-01T06:04:03+00:00 ERROR Error persisting Meta logs: Cannot create the API instance because the access token is missing. : []
2026-04-01T06:09:12+00:00 WARNING Product feed scheduling failed: Integration not configured. : {"flow_name":"product_feed","flow_step":"schedule_feed_generation"}
2026-04-01T06:09:12+00:00 WARNING Language override feed scheduling failed: Integration not configured. : {"flow_name":"language_override_feed","flow_step":"schedule_feed_generation"}
2026-04-01T06:09:12+00:00 ERROR Error persisting Meta logs: Cannot create the API instance because the access token is missing. : []
2026-04-01T06:14:05+00:00 ERROR Error persisting Meta logs: Cannot create the API instance because the access token is missing. : []
2026-04-01T06:19:05+00:00 ERROR Error persisting Meta logs: Cannot create the API instance because the access token is missing. : []
2026-04-01T06:24:05+00:00 ERROR Error persisting Meta logs: Cannot create the API instance because the access token is missing. : []
2026-04-01T06:29:05+00:00 ERROR Error persisting Meta logs: Cannot create the API instance because the access token is missing. : []
2026-04-01T06:34:24+00:00 ERROR Error persisting Meta logs: Cannot create the API instance because the access token is missing. : []
2026-04-01T06:39:12+00:00 ERROR Error persisting Meta logs: Cannot create the API instance because the access token is missing. : []
2026-04-01T06:44:11+00:00 ERROR Error persisting Meta logs: Cannot create the API instance because the access token is missing. : []
2026-04-01T06:57:57+00:00 ERROR Error persisting Meta logs: Cannot create the API instance because the access token is missing. : []
2026-04-01T06:58:58+00:00 NOTICE There was an error trying to get product set data in a catalog: Cannot create the API instance because the access token is missing.
2026-04-01T06:58:58+00:00 ERROR ProductSetSync exception: exception_code : 0; exception_class : WooCommerce\Facebook\Framework\Api\Exception: exception_message : Cannot create the API instance because the access token is missing.; exception_trace : #0 E:\wampserver\www\sklentr\snazzy-floret\wp-content\plugins\facebook-for-woocommerce\includes\ProductSets\ProductSetSync.php(139): WC_Facebookcommerce->get_api()
#1 E:\wampserver\www\sklentr\snazzy-floret\wp-content\plugins\facebook-for-woocommerce\includes\ProductSets\ProductSetSync.php(65): WooCommerce\Facebook\ProductSets\ProductSetSync->get_fb_product_set_id(Object(WP_Term))
#2 E:\wampserver\www\sklentr\snazzy-floret\wp-includes\class-wp-hook.php(341): WooCommerce\Facebook\ProductSets\ProductSetSync->on_create_or_update_product_wc_category_callback(17, 17, Array)
#3 E:\wampserver\www\sklentr\snazzy-floret\wp-includes\class-wp-hook.php(365): WP_Hook->apply_filters('', Array)
#4 E:\wampserver\www\sklentr\snazzy-floret\wp-includes\plugin.php(522): WP_Hook->do_action(Array)
#5 E:\wampserver\www\sklentr\snazzy-floret\wp-includes\taxonomy.php(2697): do_action('create_product_...', 17, 17, Array)
#6 E:\wampserver\www\sklentr\snazzy-floret\wp-content\plugins\woocommerce\includes\rest-api\Controllers\Version3\class-wc-rest-terms-controller.php(407): wp_insert_term('Saree', 'product_cat', Array)
#7 E:\wampserver\www\sklentr\snazzy-floret\wp-includes\rest-api\class-wp-rest-server.php(1292): WC_REST_Terms_Controller->create_item(Object(WP_REST_Request))
#8 E:\wampserver\www\sklentr\snazzy-floret\wp-includes\rest-api\class-wp-rest-server.php(1125): WP_REST_Server->respond_to_request(Object(WP_REST_Request), '/wc/v2/products...', Array, NULL)
#9 E:\wampserver\www\sklentr\snazzy-floret\wp-includes\rest-api.php(594): WP_REST_Server->dispatch(Object(WP_REST_Request))
#10 E:\wampserver\www\sklentr\snazzy-floret\wp-content\plugins\woocommerce\includes\cli\class-wc-cli-rest-command.php(304): rest_do_request(Object(WP_REST_Request))
#11 E:\wampserver\www\sklentr\snazzy-floret\wp-content\plugins\woocommerce\includes\cli\class-wc-cli-rest-command.php(130): WC_CLI_REST_Command->do_request('POST', '/wc/v2/products...', Array)
#12 [internal function]: WC_CLI_REST_Command->create_item(Array, Array)
#13 phar://C:/Users/ASUS/bin/wp-cli.phar/vendor/wp-cli/wp-cli/php/WP_CLI/Dispatcher/CommandFactory.php(100): call_user_func(Array, Array, Array)
#14 [internal function]: WP_CLI\Dispatcher\CommandFactory::{closure:WP_CLI\Dispatcher\CommandFactory::create_subcommand():97}(Array, Array)
#15 phar://C:/Users/ASUS/bin/wp-cli.phar/vendor/wp-cli/wp-cli/php/WP_CLI/Dispatcher/Subcommand.php(497): call_user_func(Object(Closure), Array, Array)
#16 phar://C:/Users/ASUS/bin/wp-cli.phar/vendor/wp-cli/wp-cli/php/WP_CLI/Runner.php(470): WP_CLI\Dispatcher\Subcommand->invoke(Array, Array, Array)
#17 phar://C:/Users/ASUS/bin/wp-cli.phar/vendor/wp-cli/wp-cli/php/WP_CLI/Runner.php(493): WP_CLI\Runner->run_command(Array, Array)
#18 phar://C:/Users/ASUS/bin/wp-cli.phar/vendor/wp-cli/wp-cli/php/WP_CLI/Runner.php(1295): WP_CLI\Runner->run_command_and_exit()
#19 phar://C:/Users/ASUS/bin/wp-cli.phar/vendor/wp-cli/wp-cli/php/WP_CLI/Bootstrap/LaunchRunner.php(28): WP_CLI\Runner->start()
#20 phar://C:/Users/ASUS/bin/wp-cli.phar/vendor/wp-cli/wp-cli/php/bootstrap.php(84): WP_CLI\Bootstrap\LaunchRunner->process(Object(WP_CLI\Bootstrap\BootstrapState))
#21 phar://C:/Users/ASUS/bin/wp-cli.phar/vendor/wp-cli/wp-cli/php/wp-cli.php(35): WP_CLI\bootstrap()
#22 phar://C:/Users/ASUS/bin/wp-cli.phar/php/boot-phar.php(20): include('phar://C:/Users...')
#23 C:\Users\ASUS\bin\wp-cli.phar(4): include('phar://C:/Users...')
#24 {main}
2026-04-01T06:58:58+00:00 ERROR Error persisting Meta logs: Cannot create the API instance because the access token is missing. : []
2026-04-01T06:59:01+00:00 NOTICE There was an error trying to get product set data in a catalog: Cannot create the API instance because the access token is missing.
2026-04-01T06:59:01+00:00 ERROR ProductSetSync exception: exception_code : 0; exception_class : WooCommerce\Facebook\Framework\Api\Exception: exception_message : Cannot create the API instance because the access token is missing.; exception_trace : #0 E:\wampserver\www\sklentr\snazzy-floret\wp-content\plugins\facebook-for-woocommerce\includes\ProductSets\ProductSetSync.php(139): WC_Facebookcommerce->get_api()
#1 E:\wampserver\www\sklentr\snazzy-floret\wp-content\plugins\facebook-for-woocommerce\includes\ProductSets\ProductSetSync.php(65): WooCommerce\Facebook\ProductSets\ProductSetSync->get_fb_product_set_id(Object(WP_Term))
#2 E:\wampserver\www\sklentr\snazzy-floret\wp-includes\class-wp-hook.php(341): WooCommerce\Facebook\ProductSets\ProductSetSync->on_create_or_update_product_wc_category_callback(18, 18, Array)
#3 E:\wampserver\www\sklentr\snazzy-floret\wp-includes\class-wp-hook.php(365): WP_Hook->apply_filters('', Array)
#4 E:\wampserver\www\sklentr\snazzy-floret\wp-includes\plugin.php(522): WP_Hook->do_action(Array)
#5 E:\wampserver\www\sklentr\snazzy-floret\wp-includes\taxonomy.php(2697): do_action('create_product_...', 18, 18, Array)
#6 E:\wampserver\www\sklentr\snazzy-floret\wp-content\plugins\woocommerce\includes\rest-api\Controllers\Version3\class-wc-rest-terms-controller.php(407): wp_insert_term('Regular Wear', 'product_cat', Array)
#7 E:\wampserver\www\sklentr\snazzy-floret\wp-includes\rest-api\class-wp-rest-server.php(1292): WC_REST_Terms_Controller->create_item(Object(WP_REST_Request))
#8 E:\wampserver\www\sklentr\snazzy-floret\wp-includes\rest-api\class-wp-rest-server.php(1125): WP_REST_Server->respond_to_request(Object(WP_REST_Request), '/wc/v2/products...', Array, NULL)
#9 E:\wampserver\www\sklentr\snazzy-floret\wp-includes\rest-api.php(594): WP_REST_Server->dispatch(Object(WP_REST_Request))
#10 E:\wampserver\www\sklentr\snazzy-floret\wp-content\plugins\woocommerce\includes\cli\class-wc-cli-rest-command.php(304): rest_do_request(Object(WP_REST_Request))
#11 E:\wampserver\www\sklentr\snazzy-floret\wp-content\plugins\woocommerce\includes\cli\class-wc-cli-rest-command.php(130): WC_CLI_REST_Command->do_request('POST', '/wc/v2/products...', Array)
#12 [internal function]: WC_CLI_REST_Command->create_item(Array, Array)
#13 phar://C:/Users/ASUS/bin/wp-cli.phar/vendor/wp-cli/wp-cli/php/WP_CLI/Dispatcher/CommandFactory.php(100): call_user_func(Array, Array, Array)
#14 [internal function]: WP_CLI\Dispatcher\CommandFactory::{closure:WP_CLI\Dispatcher\CommandFactory::create_subcommand():97}(Array, Array)
#15 phar://C:/Users/ASUS/bin/wp-cli.phar/vendor/wp-cli/wp-cli/php/WP_CLI/Dispatcher/Subcommand.php(497): call_user_func(Object(Closure), Array, Array)
#16 phar://C:/Users/ASUS/bin/wp-cli.phar/vendor/wp-cli/wp-cli/php/WP_CLI/Runner.php(470): WP_CLI\Dispatcher\Subcommand->invoke(Array, Array, Array)
#17 phar://C:/Users/ASUS/bin/wp-cli.phar/vendor/wp-cli/wp-cli/php/WP_CLI/Runner.php(493): WP_CLI\Runner->run_command(Array, Array)
#18 phar://C:/Users/ASUS/bin/wp-cli.phar/vendor/wp-cli/wp-cli/php/WP_CLI/Runner.php(1295): WP_CLI\Runner->run_command_and_exit()
#19 phar://C:/Users/ASUS/bin/wp-cli.phar/vendor/wp-cli/wp-cli/php/WP_CLI/Bootstrap/LaunchRunner.php(28): WP_CLI\Runner->start()
#20 phar://C:/Users/ASUS/bin/wp-cli.phar/vendor/wp-cli/wp-cli/php/bootstrap.php(84): WP_CLI\Bootstrap\LaunchRunner->process(Object(WP_CLI\Bootstrap\BootstrapState))
#21 phar://C:/Users/ASUS/bin/wp-cli.phar/vendor/wp-cli/wp-cli/php/wp-cli.php(35): WP_CLI\bootstrap()
#22 phar://C:/Users/ASUS/bin/wp-cli.phar/php/boot-phar.php(20): include('phar://C:/Users...')
#23 C:\Users\ASUS\bin\wp-cli.phar(4): include('phar://C:/Users...')
#24 {main}
2026-04-01T06:59:03+00:00 NOTICE There was an error trying to get product set data in a catalog: Cannot create the API instance because the access token is missing.
2026-04-01T06:59:03+00:00 ERROR ProductSetSync exception: exception_code : 0; exception_class : WooCommerce\Facebook\Framework\Api\Exception: exception_message : Cannot create the API instance because the access token is missing.; exception_trace : #0 E:\wampserver\www\sklentr\snazzy-floret\wp-content\plugins\facebook-for-woocommerce\includes\ProductSets\ProductSetSync.php(139): WC_Facebookcommerce->get_api()
#1 E:\wampserver\www\sklentr\snazzy-floret\wp-content\plugins\facebook-for-woocommerce\includes\ProductSets\ProductSetSync.php(65): WooCommerce\Facebook\ProductSets\ProductSetSync->get_fb_product_set_id(Object(WP_Term))
#2 E:\wampserver\www\sklentr\snazzy-floret\wp-includes\class-wp-hook.php(341): WooCommerce\Facebook\ProductSets\ProductSetSync->on_create_or_update_product_wc_category_callback(19, 19, Array)
#3 E:\wampserver\www\sklentr\snazzy-floret\wp-includes\class-wp-hook.php(365): WP_Hook->apply_filters('', Array)
#4 E:\wampserver\www\sklentr\snazzy-floret\wp-includes\plugin.php(522): WP_Hook->do_action(Array)
#5 E:\wampserver\www\sklentr\snazzy-floret\wp-includes\taxonomy.php(2697): do_action('create_product_...', 19, 19, Array)
#6 E:\wampserver\www\sklentr\snazzy-floret\wp-content\plugins\woocommerce\includes\rest-api\Controllers\Version3\class-wc-rest-terms-controller.php(407): wp_insert_term('Party Wear', 'product_cat', Array)
#7 E:\wampserver\www\sklentr\snazzy-floret\wp-includes\rest-api\class-wp-rest-server.php(1292): WC_REST_Terms_Controller->create_item(Object(WP_REST_Request))
#8 E:\wampserver\www\sklentr\snazzy-floret\wp-includes\rest-api\class-wp-rest-server.php(1125): WP_REST_Server->respond_to_request(Object(WP_REST_Request), '/wc/v2/products...', Array, NULL)
#9 E:\wampserver\www\sklentr\snazzy-floret\wp-includes\rest-api.php(594): WP_REST_Server->dispatch(Object(WP_REST_Request))
#10 E:\wampserver\www\sklentr\snazzy-floret\wp-content\plugins\woocommerce\includes\cli\class-wc-cli-rest-command.php(304): rest_do_request(Object(WP_REST_Request))
#11 E:\wampserver\www\sklentr\snazzy-floret\wp-content\plugins\woocommerce\includes\cli\class-wc-cli-rest-command.php(130): WC_CLI_REST_Command->do_request('POST', '/wc/v2/products...', Array)
#12 [internal function]: WC_CLI_REST_Command->create_item(Array, Array)
#13 phar://C:/Users/ASUS/bin/wp-cli.phar/vendor/wp-cli/wp-cli/php/WP_CLI/Dispatcher/CommandFactory.php(100): call_user_func(Array, Array, Array)
#14 [internal function]: WP_CLI\Dispatcher\CommandFactory::{closure:WP_CLI\Dispatcher\CommandFactory::create_subcommand():97}(Array, Array)
#15 phar://C:/Users/ASUS/bin/wp-cli.phar/vendor/wp-cli/wp-cli/php/WP_CLI/Dispatcher/Subcommand.php(497): call_user_func(Object(Closure), Array, Array)
#16 phar://C:/Users/ASUS/bin/wp-cli.phar/vendor/wp-cli/wp-cli/php/WP_CLI/Runner.php(470): WP_CLI\Dispatcher\Subcommand->invoke(Array, Array, Array)
#17 phar://C:/Users/ASUS/bin/wp-cli.phar/vendor/wp-cli/wp-cli/php/WP_CLI/Runner.php(493): WP_CLI\Runner->run_command(Array, Array)
#18 phar://C:/Users/ASUS/bin/wp-cli.phar/vendor/wp-cli/wp-cli/php/WP_CLI/Runner.php(1295): WP_CLI\Runner->run_command_and_exit()
#19 phar://C:/Users/ASUS/bin/wp-cli.phar/vendor/wp-cli/wp-cli/php/WP_CLI/Bootstrap/LaunchRunner.php(28): WP_CLI\Runner->start()
#20 phar://C:/Users/ASUS/bin/wp-cli.phar/vendor/wp-cli/wp-cli/php/bootstrap.php(84): WP_CLI\Bootstrap\LaunchRunner->process(Object(WP_CLI\Bootstrap\BootstrapState))
#21 phar://C:/Users/ASUS/bin/wp-cli.phar/vendor/wp-cli/wp-cli/php/wp-cli.php(35): WP_CLI\bootstrap()
#22 phar://C:/Users/ASUS/bin/wp-cli.phar/php/boot-phar.php(20): include('phar://C:/Users...')
#23 C:\Users\ASUS\bin\wp-cli.phar(4): include('phar://C:/Users...')
#24 {main}
2026-04-01T06:59:06+00:00 NOTICE There was an error trying to get product set data in a catalog: Cannot create the API instance because the access token is missing.
2026-04-01T06:59:06+00:00 ERROR ProductSetSync exception: exception_code : 0; exception_class : WooCommerce\Facebook\Framework\Api\Exception: exception_message : Cannot create the API instance because the access token is missing.; exception_trace : #0 E:\wampserver\www\sklentr\snazzy-floret\wp-content\plugins\facebook-for-woocommerce\includes\ProductSets\ProductSetSync.php(139): WC_Facebookcommerce->get_api()
#1 E:\wampserver\www\sklentr\snazzy-floret\wp-content\plugins\facebook-for-woocommerce\includes\ProductSets\ProductSetSync.php(65): WooCommerce\Facebook\ProductSets\ProductSetSync->get_fb_product_set_id(Object(WP_Term))
#2 E:\wampserver\www\sklentr\snazzy-floret\wp-includes\class-wp-hook.php(341): WooCommerce\Facebook\ProductSets\ProductSetSync->on_create_or_update_product_wc_category_callback(20, 20, Array)
#3 E:\wampserver\www\sklentr\snazzy-floret\wp-includes\class-wp-hook.php(365): WP_Hook->apply_filters('', Array)
#4 E:\wampserver\www\sklentr\snazzy-floret\wp-includes\plugin.php(522): WP_Hook->do_action(Array)
#5 E:\wampserver\www\sklentr\snazzy-floret\wp-includes\taxonomy.php(2697): do_action('create_product_...', 20, 20, Array)
#6 E:\wampserver\www\sklentr\snazzy-floret\wp-content\plugins\woocommerce\includes\rest-api\Controllers\Version3\class-wc-rest-terms-controller.php(407): wp_insert_term('Handmade', 'product_cat', Array)
#7 E:\wampserver\www\sklentr\snazzy-floret\wp-includes\rest-api\class-wp-rest-server.php(1292): WC_REST_Terms_Controller->create_item(Object(WP_REST_Request))
#8 E:\wampserver\www\sklentr\snazzy-floret\wp-includes\rest-api\class-wp-rest-server.php(1125): WP_REST_Server->respond_to_request(Object(WP_REST_Request), '/wc/v2/products...', Array, NULL)
#9 E:\wampserver\www\sklentr\snazzy-floret\wp-includes\rest-api.php(594): WP_REST_Server->dispatch(Object(WP_REST_Request))
#10 E:\wampserver\www\sklentr\snazzy-floret\wp-content\plugins\woocommerce\includes\cli\class-wc-cli-rest-command.php(304): rest_do_request(Object(WP_REST_Request))
#11 E:\wampserver\www\sklentr\snazzy-floret\wp-content\plugins\woocommerce\includes\cli\class-wc-cli-rest-command.php(130): WC_CLI_REST_Command->do_request('POST', '/wc/v2/products...', Array)
#12 [internal function]: WC_CLI_REST_Command->create_item(Array, Array)
#13 phar://C:/Users/ASUS/bin/wp-cli.phar/vendor/wp-cli/wp-cli/php/WP_CLI/Dispatcher/CommandFactory.php(100): call_user_func(Array, Array, Array)
#14 [internal function]: WP_CLI\Dispatcher\CommandFactory::{closure:WP_CLI\Dispatcher\CommandFactory::create_subcommand():97}(Array, Array)
#15 phar://C:/Users/ASUS/bin/wp-cli.phar/vendor/wp-cli/wp-cli/php/WP_CLI/Dispatcher/Subcommand.php(497): call_user_func(Object(Closure), Array, Array)
#16 phar://C:/Users/ASUS/bin/wp-cli.phar/vendor/wp-cli/wp-cli/php/WP_CLI/Runner.php(470): WP_CLI\Dispatcher\Subcommand->invoke(Array, Array, Array)
#17 phar://C:/Users/ASUS/bin/wp-cli.phar/vendor/wp-cli/wp-cli/php/WP_CLI/Runner.php(493): WP_CLI\Runner->run_command(Array, Array)
#18 phar://C:/Users/ASUS/bin/wp-cli.phar/vendor/wp-cli/wp-cli/php/WP_CLI/Runner.php(1295): WP_CLI\Runner->run_command_and_exit()
#19 phar://C:/Users/ASUS/bin/wp-cli.phar/vendor/wp-cli/wp-cli/php/WP_CLI/Bootstrap/LaunchRunner.php(28): WP_CLI\Runner->start()
#20 phar://C:/Users/ASUS/bin/wp-cli.phar/vendor/wp-cli/wp-cli/php/bootstrap.php(84): WP_CLI\Bootstrap\LaunchRunner->process(Object(WP_CLI\Bootstrap\BootstrapState))
#21 phar://C:/Users/ASUS/bin/wp-cli.phar/vendor/wp-cli/wp-cli/php/wp-cli.php(35): WP_CLI\bootstrap()
#22 phar://C:/Users/ASUS/bin/wp-cli.phar/php/boot-phar.php(20): include('phar://C:/Users...')
#23 C:\Users\ASUS\bin\wp-cli.phar(4): include('phar://C:/Users...')
#24 {main}
2026-04-01T06:59:08+00:00 NOTICE There was an error trying to get product set data in a catalog: Cannot create the API instance because the access token is missing.
2026-04-01T06:59:08+00:00 ERROR ProductSetSync exception: exception_code : 0; exception_class : WooCommerce\Facebook\Framework\Api\Exception: exception_message : Cannot create the API instance because the access token is missing.; exception_trace : #0 E:\wampserver\www\sklentr\snazzy-floret\wp-content\plugins\facebook-for-woocommerce\includes\ProductSets\ProductSetSync.php(139): WC_Facebookcommerce->get_api()
#1 E:\wampserver\www\sklentr\snazzy-floret\wp-content\plugins\facebook-for-woocommerce\includes\ProductSets\ProductSetSync.php(65): WooCommerce\Facebook\ProductSets\ProductSetSync->get_fb_product_set_id(Object(WP_Term))
#2 E:\wampserver\www\sklentr\snazzy-floret\wp-includes\class-wp-hook.php(341): WooCommerce\Facebook\ProductSets\ProductSetSync->on_create_or_update_product_wc_category_callback(21, 21, Array)
#3 E:\wampserver\www\sklentr\snazzy-floret\wp-includes\class-wp-hook.php(365): WP_Hook->apply_filters('', Array)
#4 E:\wampserver\www\sklentr\snazzy-floret\wp-includes\plugin.php(522): WP_Hook->do_action(Array)
#5 E:\wampserver\www\sklentr\snazzy-floret\wp-includes\taxonomy.php(2697): do_action('create_product_...', 21, 21, Array)
#6 E:\wampserver\www\sklentr\snazzy-floret\wp-content\plugins\woocommerce\includes\rest-api\Controllers\Version3\class-wc-rest-terms-controller.php(407): wp_insert_term('Digital Prints', 'product_cat', Array)
#7 E:\wampserver\www\sklentr\snazzy-floret\wp-includes\rest-api\class-wp-rest-server.php(1292): WC_REST_Terms_Controller->create_item(Object(WP_REST_Request))
#8 E:\wampserver\www\sklentr\snazzy-floret\wp-includes\rest-api\class-wp-rest-server.php(1125): WP_REST_Server->respond_to_request(Object(WP_REST_Request), '/wc/v2/products...', Array, NULL)
#9 E:\wampserver\www\sklentr\snazzy-floret\wp-includes\rest-api.php(594): WP_REST_Server->dispatch(Object(WP_REST_Request))
#10 E:\wampserver\www\sklentr\snazzy-floret\wp-content\plugins\woocommerce\includes\cli\class-wc-cli-rest-command.php(304): rest_do_request(Object(WP_REST_Request))
#11 E:\wampserver\www\sklentr\snazzy-floret\wp-content\plugins\woocommerce\includes\cli\class-wc-cli-rest-command.php(130): WC_CLI_REST_Command->do_request('POST', '/wc/v2/products...', Array)
#12 [internal function]: WC_CLI_REST_Command->create_item(Array, Array)
#13 phar://C:/Users/ASUS/bin/wp-cli.phar/vendor/wp-cli/wp-cli/php/WP_CLI/Dispatcher/CommandFactory.php(100): call_user_func(Array, Array, Array)
#14 [internal function]: WP_CLI\Dispatcher\CommandFactory::{closure:WP_CLI\Dispatcher\CommandFactory::create_subcommand():97}(Array, Array)
#15 phar://C:/Users/ASUS/bin/wp-cli.phar/vendor/wp-cli/wp-cli/php/WP_CLI/Dispatcher/Subcommand.php(497): call_user_func(Object(Closure), Array, Array)
#16 phar://C:/Users/ASUS/bin/wp-cli.phar/vendor/wp-cli/wp-cli/php/WP_CLI/Runner.php(470): WP_CLI\Dispatcher\Subcommand->invoke(Array, Array, Array)
#17 phar://C:/Users/ASUS/bin/wp-cli.phar/vendor/wp-cli/wp-cli/php/WP_CLI/Runner.php(493): WP_CLI\Runner->run_command(Array, Array)
#18 phar://C:/Users/ASUS/bin/wp-cli.phar/vendor/wp-cli/wp-cli/php/WP_CLI/Runner.php(1295): WP_CLI\Runner->run_command_and_exit()
#19 phar://C:/Users/ASUS/bin/wp-cli.phar/vendor/wp-cli/wp-cli/php/WP_CLI/Bootstrap/LaunchRunner.php(28): WP_CLI\Runner->start()
#20 phar://C:/Users/ASUS/bin/wp-cli.phar/vendor/wp-cli/wp-cli/php/bootstrap.php(84): WP_CLI\Bootstrap\LaunchRunner->process(Object(WP_CLI\Bootstrap\BootstrapState))
#21 phar://C:/Users/ASUS/bin/wp-cli.phar/vendor/wp-cli/wp-cli/php/wp-cli.php(35): WP_CLI\bootstrap()
#22 phar://C:/Users/ASUS/bin/wp-cli.phar/php/boot-phar.php(20): include('phar://C:/Users...')
#23 C:\Users\ASUS\bin\wp-cli.phar(4): include('phar://C:/Users...')
#24 {main}
2026-04-01T06:59:11+00:00 NOTICE There was an error trying to get product set data in a catalog: Cannot create the API instance because the access token is missing.
2026-04-01T06:59:11+00:00 ERROR ProductSetSync exception: exception_code : 0; exception_class : WooCommerce\Facebook\Framework\Api\Exception: exception_message : Cannot create the API instance because the access token is missing.; exception_trace : #0 E:\wampserver\www\sklentr\snazzy-floret\wp-content\plugins\facebook-for-woocommerce\includes\ProductSets\ProductSetSync.php(139): WC_Facebookcommerce->get_api()
#1 E:\wampserver\www\sklentr\snazzy-floret\wp-content\plugins\facebook-for-woocommerce\includes\ProductSets\ProductSetSync.php(65): WooCommerce\Facebook\ProductSets\ProductSetSync->get_fb_product_set_id(Object(WP_Term))
#2 E:\wampserver\www\sklentr\snazzy-floret\wp-includes\class-wp-hook.php(341): WooCommerce\Facebook\ProductSets\ProductSetSync->on_create_or_update_product_wc_category_callback(22, 22, Array)
#3 E:\wampserver\www\sklentr\snazzy-floret\wp-includes\class-wp-hook.php(365): WP_Hook->apply_filters('', Array)
#4 E:\wampserver\www\sklentr\snazzy-floret\wp-includes\plugin.php(522): WP_Hook->do_action(Array)
#5 E:\wampserver\www\sklentr\snazzy-floret\wp-includes\taxonomy.php(2697): do_action('create_product_...', 22, 22, Array)
#6 E:\wampserver\www\sklentr\snazzy-floret\wp-content\plugins\woocommerce\includes\rest-api\Controllers\Version3\class-wc-rest-terms-controller.php(407): wp_insert_term('Family Matching', 'product_cat', Array)
#7 E:\wampserver\www\sklentr\snazzy-floret\wp-includes\rest-api\class-wp-rest-server.php(1292): WC_REST_Terms_Controller->create_item(Object(WP_REST_Request))
#8 E:\wampserver\www\sklentr\snazzy-floret\wp-includes\rest-api\class-wp-rest-server.php(1125): WP_REST_Server->respond_to_request(Object(WP_REST_Request), '/wc/v2/products...', Array, NULL)
#9 E:\wampserver\www\sklentr\snazzy-floret\wp-includes\rest-api.php(594): WP_REST_Server->dispatch(Object(WP_REST_Request))
#10 E:\wampserver\www\sklentr\snazzy-floret\wp-content\plugins\woocommerce\includes\cli\class-wc-cli-rest-command.php(304): rest_do_request(Object(WP_REST_Request))
#11 E:\wampserver\www\sklentr\snazzy-floret\wp-content\plugins\woocommerce\includes\cli\class-wc-cli-rest-command.php(130): WC_CLI_REST_Command->do_request('POST', '/wc/v2/products...', Array)
#12 [internal function]: WC_CLI_REST_Command->create_item(Array, Array)
#13 phar://C:/Users/ASUS/bin/wp-cli.phar/vendor/wp-cli/wp-cli/php/WP_CLI/Dispatcher/CommandFactory.php(100): call_user_func(Array, Array, Array)
#14 [internal function]: WP_CLI\Dispatcher\CommandFactory::{closure:WP_CLI\Dispatcher\CommandFactory::create_subcommand():97}(Array, Array)
#15 phar://C:/Users/ASUS/bin/wp-cli.phar/vendor/wp-cli/wp-cli/php/WP_CLI/Dispatcher/Subcommand.php(497): call_user_func(Object(Closure), Array, Array)
#16 phar://C:/Users/ASUS/bin/wp-cli.phar/vendor/wp-cli/wp-cli/php/WP_CLI/Runner.php(470): WP_CLI\Dispatcher\Subcommand->invoke(Array, Array, Array)
#17 phar://C:/Users/ASUS/bin/wp-cli.phar/vendor/wp-cli/wp-cli/php/WP_CLI/Runner.php(493): WP_CLI\Runner->run_command(Array, Array)
#18 phar://C:/Users/ASUS/bin/wp-cli.phar/vendor/wp-cli/wp-cli/php/WP_CLI/Runner.php(1295): WP_CLI\Runner->run_command_and_exit()
#19 phar://C:/Users/ASUS/bin/wp-cli.phar/vendor/wp-cli/wp-cli/php/WP_CLI/Bootstrap/LaunchRunner.php(28): WP_CLI\Runner->start()
#20 phar://C:/Users/ASUS/bin/wp-cli.phar/vendor/wp-cli/wp-cli/php/bootstrap.php(84): WP_CLI\Bootstrap\LaunchRunner->process(Object(WP_CLI\Bootstrap\BootstrapState))
#21 phar://C:/Users/ASUS/bin/wp-cli.phar/vendor/wp-cli/wp-cli/php/wp-cli.php(35): WP_CLI\bootstrap()
#22 phar://C:/Users/ASUS/bin/wp-cli.phar/php/boot-phar.php(20): include('phar://C:/Users...')
#23 C:\Users\ASUS\bin\wp-cli.phar(4): include('phar://C:/Users...')
#24 {main}
2026-04-01T06:59:14+00:00 NOTICE There was an error trying to get product set data in a catalog: Cannot create the API instance because the access token is missing.
2026-04-01T06:59:14+00:00 ERROR ProductSetSync exception: exception_code : 0; exception_class : WooCommerce\Facebook\Framework\Api\Exception: exception_message : Cannot create the API instance because the access token is missing.; exception_trace : #0 E:\wampserver\www\sklentr\snazzy-floret\wp-content\plugins\facebook-for-woocommerce\includes\ProductSets\ProductSetSync.php(139): WC_Facebookcommerce->get_api()
#1 E:\wampserver\www\sklentr\snazzy-floret\wp-content\plugins\facebook-for-woocommerce\includes\ProductSets\ProductSetSync.php(65): WooCommerce\Facebook\ProductSets\ProductSetSync->get_fb_product_set_id(Object(WP_Term))
#2 E:\wampserver\www\sklentr\snazzy-floret\wp-includes\class-wp-hook.php(341): WooCommerce\Facebook\ProductSets\ProductSetSync->on_create_or_update_product_wc_category_callback(23, 23, Array)
#3 E:\wampserver\www\sklentr\snazzy-floret\wp-includes\class-wp-hook.php(365): WP_Hook->apply_filters('', Array)
#4 E:\wampserver\www\sklentr\snazzy-floret\wp-includes\plugin.php(522): WP_Hook->do_action(Array)
#5 E:\wampserver\www\sklentr\snazzy-floret\wp-includes\taxonomy.php(2697): do_action('create_product_...', 23, 23, Array)
#6 E:\wampserver\www\sklentr\snazzy-floret\wp-content\plugins\woocommerce\includes\rest-api\Controllers\Version3\class-wc-rest-terms-controller.php(407): wp_insert_term('Office Wear', 'product_cat', Array)
#7 E:\wampserver\www\sklentr\snazzy-floret\wp-includes\rest-api\class-wp-rest-server.php(1292): WC_REST_Terms_Controller->create_item(Object(WP_REST_Request))
#8 E:\wampserver\www\sklentr\snazzy-floret\wp-includes\rest-api\class-wp-rest-server.php(1125): WP_REST_Server->respond_to_request(Object(WP_REST_Request), '/wc/v2/products...', Array, NULL)
#9 E:\wampserver\www\sklentr\snazzy-floret\wp-includes\rest-api.php(594): WP_REST_Server->dispatch(Object(WP_REST_Request))
#10 E:\wampserver\www\sklentr\snazzy-floret\wp-content\plugins\woocommerce\includes\cli\class-wc-cli-rest-command.php(304): rest_do_request(Object(WP_REST_Request))
#11 E:\wampserver\www\sklentr\snazzy-floret\wp-content\plugins\woocommerce\includes\cli\class-wc-cli-rest-command.php(130): WC_CLI_REST_Command->do_request('POST', '/wc/v2/products...', Array)
#12 [internal function]: WC_CLI_REST_Command->create_item(Array, Array)
#13 phar://C:/Users/ASUS/bin/wp-cli.phar/vendor/wp-cli/wp-cli/php/WP_CLI/Dispatcher/CommandFactory.php(100): call_user_func(Array, Array, Array)
#14 [internal function]: WP_CLI\Dispatcher\CommandFactory::{closure:WP_CLI\Dispatcher\CommandFactory::create_subcommand():97}(Array, Array)
#15 phar://C:/Users/ASUS/bin/wp-cli.phar/vendor/wp-cli/wp-cli/php/WP_CLI/Dispatcher/Subcommand.php(497): call_user_func(Object(Closure), Array, Array)
#16 phar://C:/Users/ASUS/bin/wp-cli.phar/vendor/wp-cli/wp-cli/php/WP_CLI/Runner.php(470): WP_CLI\Dispatcher\Subcommand->invoke(Array, Array, Array)
#17 phar://C:/Users/ASUS/bin/wp-cli.phar/vendor/wp-cli/wp-cli/php/WP_CLI/Runner.php(493): WP_CLI\Runner->run_command(Array, Array)
#18 phar://C:/Users/ASUS/bin/wp-cli.phar/vendor/wp-cli/wp-cli/php/WP_CLI/Runner.php(1295): WP_CLI\Runner->run_command_and_exit()
#19 phar://C:/Users/ASUS/bin/wp-cli.phar/vendor/wp-cli/wp-cli/php/WP_CLI/Bootstrap/LaunchRunner.php(28): WP_CLI\Runner->start()
#20 phar://C:/Users/ASUS/bin/wp-cli.phar/vendor/wp-cli/wp-cli/php/bootstrap.php(84): WP_CLI\Bootstrap\LaunchRunner->process(Object(WP_CLI\Bootstrap\BootstrapState))
#21 phar://C:/Users/ASUS/bin/wp-cli.phar/vendor/wp-cli/wp-cli/php/wp-cli.php(35): WP_CLI\bootstrap()
#22 phar://C:/Users/ASUS/bin/wp-cli.phar/php/boot-phar.php(20): include('phar://C:/Users...')
#23 C:\Users\ASUS\bin\wp-cli.phar(4): include('phar://C:/Users...')
#24 {main}
2026-04-01T07:00:17+00:00 NOTICE There was an error trying sync products using the Catalog Batch API for job efedcc56ad7fd637af4c5c57e24d8f51: Cannot create the API instance because the access token is missing.
2026-04-01T07:00:17+00:00 NOTICE There was an error trying sync products using the Catalog Batch API for job 31eb84bdda67b7c99e3ea32af555cc74: Cannot create the API instance because the access token is missing.
2026-04-01T07:00:17+00:00 NOTICE There was an error trying sync products using the Catalog Batch API for job 7fe58d22c0c8f0cd7d83713a2e2cc20c: Cannot create the API instance because the access token is missing.
2026-04-01T07:00:17+00:00 NOTICE There was an error trying sync products using the Catalog Batch API for job ea3b5aee71d18f7ad34ed6d90f544f8f: Cannot create the API instance because the access token is missing.
2026-04-01T07:01:43+00:00 NOTICE There was an error trying sync products using the Catalog Batch API for job 806800af5211bd9d56a24cea658376ec: Cannot create the API instance because the access token is missing.
2026-04-01T07:01:43+00:00 NOTICE There was an error trying sync products using the Catalog Batch API for job 410b32d22902222e0ae682de7e2aad16: Cannot create the API instance because the access token is missing.
2026-04-01T07:01:43+00:00 NOTICE There was an error trying sync products using the Catalog Batch API for job 8ebd561d6f1bf6afb33695bcb06381f2: Cannot create the API instance because the access token is missing.
2026-04-01T07:01:43+00:00 NOTICE There was an error trying sync products using the Catalog Batch API for job b821da424c2974610a569ca4edeec48a: Cannot create the API instance because the access token is missing.
2026-04-01T07:01:43+00:00 NOTICE There was an error trying sync products using the Catalog Batch API for job c7de38ce24c1ba92603e438d1f60bbf7: Cannot create the API instance because the access token is missing.
2026-04-01T07:01:43+00:00 NOTICE There was an error trying sync products using the Catalog Batch API for job 1342b71e81d88e40469c6fc655389958: Cannot create the API instance because the access token is missing.
2026-04-01T07:01:43+00:00 NOTICE There was an error trying sync products using the Catalog Batch API for job 0964269050b72751ca29335646196700: Cannot create the API instance because the access token is missing.
2026-04-01T07:01:44+00:00 NOTICE There was an error trying sync products using the Catalog Batch API for job d2bddfaf5d9b37540bcddea16d744e15: Cannot create the API instance because the access token is missing.
2026-04-01T07:01:44+00:00 NOTICE There was an error trying sync products using the Catalog Batch API for job 8ec3bbde71cb41cc788bfb9decaa8e49: Cannot create the API instance because the access token is missing.
2026-04-01T07:03:59+00:00 ERROR Error persisting Meta logs: Cannot create the API instance because the access token is missing. : []
2026-04-01T07:08:51+00:00 ERROR Error persisting Meta logs: Cannot create the API instance because the access token is missing. : []
2026-04-01T07:16:13+00:00 ERROR Error persisting Meta logs: Cannot create the API instance because the access token is missing. : []
2026-04-01T07:30:59+00:00 ERROR Error persisting Meta logs: Cannot create the API instance because the access token is missing. : []
2026-04-01T07:34:07+00:00 ERROR Error persisting Meta logs: Cannot create the API instance because the access token is missing. : []
2026-04-01T07:39:07+00:00 ERROR Error persisting Meta logs: Cannot create the API instance because the access token is missing. : []
2026-04-01T07:44:07+00:00 ERROR Error persisting Meta logs: Cannot create the API instance because the access token is missing. : []
2026-04-01T07:49:07+00:00 ERROR Error persisting Meta logs: Cannot create the API instance because the access token is missing. : []
2026-04-01T07:54:07+00:00 ERROR Error persisting Meta logs: Cannot create the API instance because the access token is missing. : []
2026-04-01T07:59:08+00:00 ERROR Error persisting Meta logs: Cannot create the API instance because the access token is missing. : []
2026-04-01T08:04:08+00:00 ERROR Error persisting Meta logs: Cannot create the API instance because the access token is missing. : []
2026-04-01T08:09:08+00:00 WARNING Product feed scheduling failed: Integration not configured. : {"flow_name":"product_feed","flow_step":"schedule_feed_generation"}
2026-04-01T08:09:08+00:00 WARNING Language override feed scheduling failed: Integration not configured. : {"flow_name":"language_override_feed","flow_step":"schedule_feed_generation"}
2026-04-01T08:09:08+00:00 ERROR Error persisting error logs: Cannot create the API instance because the access token is missing. : []
2026-04-01T08:09:08+00:00 ERROR Error persisting Meta logs: Cannot create the API instance because the access token is missing. : []
2026-04-01T08:14:07+00:00 ERROR Error persisting Meta logs: Cannot create the API instance because the access token is missing. : []
2026-04-01T08:19:08+00:00 ERROR Error persisting Meta logs: Cannot create the API instance because the access token is missing. : []
2026-04-01T08:24:08+00:00 ERROR Error persisting Meta logs: Cannot create the API instance because the access token is missing. : []
2026-04-01T08:28:44+00:00 ERROR Error persisting Meta logs: Cannot create the API instance because the access token is missing. : []
2026-04-01T08:33:58+00:00 ERROR Error persisting Meta logs: Cannot create the API instance because the access token is missing. : []
2026-04-01T08:39:00+00:00 ERROR Error persisting Meta logs: Cannot create the API instance because the access token is missing. : []
2026-04-01T08:44:00+00:00 ERROR Error persisting Meta logs: Cannot create the API instance because the access token is missing. : []
2026-04-01T08:48:59+00:00 ERROR Error persisting Meta logs: Cannot create the API instance because the access token is missing. : []
2026-04-01T08:54:00+00:00 ERROR Error persisting Meta logs: Cannot create the API instance because the access token is missing. : []
2026-04-01T09:03:59+00:00 ERROR Error persisting Meta logs: Cannot create the API instance because the access token is missing. : []
2026-04-01T09:03:59+00:00 ERROR Error persisting Meta logs: Cannot create the API instance because the access token is missing. : []
2026-04-01T09:09:36+00:00 WARNING Product feed scheduling failed: Integration not configured. : {"flow_name":"product_feed","flow_step":"schedule_feed_generation"}
2026-04-01T09:09:36+00:00 WARNING Language override feed scheduling failed: Integration not configured. : {"flow_name":"language_override_feed","flow_step":"schedule_feed_generation"}
2026-04-01T09:09:36+00:00 ERROR Error persisting Meta logs: Cannot create the API instance because the access token is missing. : []
2026-04-01T09:14:20+00:00 ERROR Error persisting Meta logs: Cannot create the API instance because the access token is missing. : []
2026-04-01T09:19:08+00:00 ERROR Error persisting Meta logs: Cannot create the API instance because the access token is missing. : []
2026-04-01T09:26:10+00:00 ERROR Error persisting Meta logs: Cannot create the API instance because the access token is missing. : []
2026-04-01T09:32:38+00:00 ERROR Error persisting Meta logs: Cannot create the API instance because the access token is missing. : []
2026-04-01T09:36:41+00:00 ERROR Error persisting Meta logs: Cannot create the API instance because the access token is missing. : []
2026-04-01T09:39:16+00:00 ERROR Error persisting Meta logs: Cannot create the API instance because the access token is missing. : []
2026-04-01T09:46:00+00:00 ERROR Error persisting Meta logs: Cannot create the API instance because the access token is missing. : []
2026-04-01T09:53:10+00:00 ERROR Error persisting Meta logs: Cannot create the API instance because the access token is missing. : []
2026-04-01T09:54:18+00:00 ERROR Error persisting Meta logs: Cannot create the API instance because the access token is missing. : []
2026-04-01T10:02:33+00:00 ERROR Error persisting Meta logs: Cannot create the API instance because the access token is missing. : []
2026-04-01T10:06:48+00:00 ERROR Error persisting Meta logs: Cannot create the API instance because the access token is missing. : []
2026-04-01T10:09:15+00:00 ERROR Error persisting Meta logs: Cannot create the API instance because the access token is missing. : []
2026-04-01T10:17:32+00:00 ERROR Error persisting Meta logs: Cannot create the API instance because the access token is missing. : []
2026-04-01T10:18:42+00:00 ERROR Error persisting Meta logs: Cannot create the API instance because the access token is missing. : []
2026-04-01T10:25:46+00:00 ERROR Error persisting Meta logs: Cannot create the API instance because the access token is missing. : []
2026-04-01T10:29:18+00:00 ERROR Error persisting Meta logs: Cannot create the API instance because the access token is missing. : []
2026-04-01T10:45:39+00:00 ERROR Error persisting Meta logs: Cannot create the API instance because the access token is missing. : []
2026-04-01T10:49:02+00:00 ERROR Error persisting Meta logs: Cannot create the API instance because the access token is missing. : []
2026-04-01T10:57:27+00:00 ERROR Error persisting Meta logs: Cannot create the API instance because the access token is missing. : []
2026-04-01T11:06:04+00:00 ERROR Error persisting Meta logs: Cannot create the API instance because the access token is missing. : []
2026-04-01T11:11:52+00:00 ERROR Error persisting Meta logs: Cannot create the API instance because the access token is missing. : []
2026-04-01T11:12:29+00:00 WARNING Product feed scheduling failed: Integration not configured. : {"flow_name":"product_feed","flow_step":"schedule_feed_generation"}
2026-04-01T11:12:29+00:00 WARNING Language override feed scheduling failed: Integration not configured. : {"flow_name":"language_override_feed","flow_step":"schedule_feed_generation"}
2026-04-01T11:12:29+00:00 ERROR Error persisting error logs: Cannot create the API instance because the access token is missing. : []
2026-04-01T11:12:29+00:00 ERROR Error persisting Meta logs: Cannot create the API instance because the access token is missing. : []
2026-04-01T11:25:50+00:00 ERROR Error persisting Meta logs: Cannot create the API instance because the access token is missing. : []
2026-04-01T11:31:06+00:00 ERROR Error persisting Meta logs: Cannot create the API instance because the access token is missing. : []
2026-04-01T11:38:48+00:00 ERROR Error persisting Meta logs: Cannot create the API instance because the access token is missing. : []
2026-04-01T11:40:57+00:00 NOTICE There was an error trying sync products using the Catalog Batch API for job 4fc741b486b4e9039fe9d8dd55d10309: Cannot create the API instance because the access token is missing.
2026-04-01T11:40:57+00:00 NOTICE There was an error trying sync products using the Catalog Batch API for job 963394eff166f6d55b385667ea262bbf: Cannot create the API instance because the access token is missing.
2026-04-01T11:40:57+00:00 NOTICE There was an error trying sync products using the Catalog Batch API for job d082f3eb40add6fc76402c52d1a11854: Cannot create the API instance because the access token is missing.
2026-04-01T11:40:57+00:00 NOTICE There was an error trying sync products using the Catalog Batch API for job 5da8c890fe500108e32d034bdf85cd6d: Cannot create the API instance because the access token is missing.
2026-04-01T11:40:57+00:00 NOTICE There was an error trying sync products using the Catalog Batch API for job 834baf1f91246fc324b4da1532105ba6: Cannot create the API instance because the access token is missing.
2026-04-01T11:40:58+00:00 NOTICE There was an error trying sync products using the Catalog Batch API for job e6351c02460ff0cbf4167ec48eff6f1d: Cannot create the API instance because the access token is missing.
2026-04-01T11:40:58+00:00 NOTICE There was an error trying sync products using the Catalog Batch API for job 7363ed2bc310121c9abc2bb1cf905102: Cannot create the API instance because the access token is missing.
2026-04-01T11:42:19+00:00 NOTICE There was an error trying sync products using the Catalog Batch API for job 08f355cfd528645380711a07ec66fb23: Cannot create the API instance because the access token is missing.
2026-04-01T11:42:19+00:00 NOTICE There was an error trying sync products using the Catalog Batch API for job 591e72f5ced68dd033a70b47d462c3fb: Cannot create the API instance because the access token is missing.
2026-04-01T11:42:19+00:00 NOTICE There was an error trying sync products using the Catalog Batch API for job d58896b1877fee82b69ebd8c283cf2eb: Cannot create the API instance because the access token is missing.
2026-04-01T11:42:19+00:00 NOTICE There was an error trying sync products using the Catalog Batch API for job 205e5fe1b42aa576734cd8d7ede57628: Cannot create the API instance because the access token is missing.
2026-04-01T11:42:19+00:00 NOTICE There was an error trying sync products using the Catalog Batch API for job d3e9c2c4e32acb9473de41e919e19c37: Cannot create the API instance because the access token is missing.
2026-04-01T11:42:19+00:00 NOTICE There was an error trying sync products using the Catalog Batch API for job 6058c674bbb40809e12833b9a4f6e6dd: Cannot create the API instance because the access token is missing.
2026-04-01T11:42:19+00:00 NOTICE There was an error trying sync products using the Catalog Batch API for job 4fedde09856f5fbbabcf29db56229a73: Cannot create the API instance because the access token is missing.
2026-04-01T11:42:19+00:00 NOTICE There was an error trying sync products using the Catalog Batch API for job b67d8d726c62d0f8ea69c2632d3987b9: Cannot create the API instance because the access token is missing.
2026-04-01T11:44:13+00:00 ERROR Error persisting Meta logs: Cannot create the API instance because the access token is missing. : []
2026-04-01T11:48:58+00:00 ERROR Error persisting Meta logs: Cannot create the API instance because the access token is missing. : []
2026-04-01T11:53:59+00:00 ERROR Error persisting Meta logs: Cannot create the API instance because the access token is missing. : []
2026-04-01T11:59:02+00:00 ERROR Error persisting Meta logs: Cannot create the API instance because the access token is missing. : []
2026-04-01T12:08:27+00:00 ERROR Error persisting Meta logs: Cannot create the API instance because the access token is missing. : []
2026-04-01T12:09:11+00:00 ERROR Error persisting Meta logs: Cannot create the API instance because the access token is missing. : []
2026-04-01T12:23:33+00:00 ERROR Error persisting Meta logs: Cannot create the API instance because the access token is missing. : []
2026-04-01T12:24:12+00:00 ERROR Error persisting Meta logs: Cannot create the API instance because the access token is missing. : []
2026-04-01T12:24:12+00:00 ERROR Error persisting Meta logs: Cannot create the API instance because the access token is missing. : []
2026-04-01T13:18:53+00:00 ERROR Error persisting Meta logs: Cannot create the API instance because the access token is missing. : []
2026-04-01T13:18:53+00:00 WARNING Product feed scheduling failed: Integration not configured. : {"flow_name":"product_feed","flow_step":"schedule_feed_generation"}
2026-04-01T13:18:53+00:00 WARNING Language override feed scheduling failed: Integration not configured. : {"flow_name":"language_override_feed","flow_step":"schedule_feed_generation"}
2026-04-01T13:19:39+00:00 ERROR Error persisting Meta logs: Cannot create the API instance because the access token is missing. : []
2026-04-01T13:24:19+00:00 ERROR Error persisting Meta logs: Cannot create the API instance because the access token is missing. : []
2026-04-01T13:30:14+00:00 ERROR Error persisting Meta logs: Cannot create the API instance because the access token is missing. : []
2026-04-01T13:34:27+00:00 ERROR Error persisting Meta logs: Cannot create the API instance because the access token is missing. : []
2026-04-01T13:39:24+00:00 ERROR Error persisting Meta logs: Cannot create the API instance because the access token is missing. : []
2026-04-01T14:01:18+00:00 ERROR Error persisting Meta logs: Cannot create the API instance because the access token is missing. : []
2026-04-01T14:13:34+00:00 ERROR Error persisting Meta logs: Cannot create the API instance because the access token is missing. : []
2026-04-01T14:14:25+00:00 ERROR Error persisting error logs: Cannot create the API instance because the access token is missing. : []
2026-04-01T14:14:25+00:00 ERROR Error persisting Meta logs: Cannot create the API instance because the access token is missing. : []
2026-04-01T14:14:25+00:00 ERROR Error persisting Meta logs: Cannot create the API instance because the access token is missing. : []
2026-04-01T14:20:24+00:00 ERROR Error persisting Meta logs: Cannot create the API instance because the access token is missing. : []
2026-04-01T14:25:27+00:00 ERROR Error persisting Meta logs: Cannot create the API instance because the access token is missing. : []
