2026-04-12T03:37:33+00:00 WARNING Product feed scheduling failed: Integration not configured. : {"flow_name":"product_feed","flow_step":"schedule_feed_generation"}
2026-04-12T03:37:33+00:00 WARNING Language override feed scheduling failed: Integration not configured. : {"flow_name":"language_override_feed","flow_step":"schedule_feed_generation"}
2026-04-12T03:37:33+00:00 ERROR Error persisting error logs: Cannot create the API instance because the access token is missing. : []
2026-04-12T03:37:38+00:00 NOTICE Unable to detect valid feed configuration: No catalog ID
2026-04-12T03:37:38+00:00 NOTICE There was an error trying to get product set data in a catalog: Cannot create the API instance because the access token is missing.
2026-04-12T03:37:38+00:00 ERROR ProductSetSync exception: exception_code : 0; exception_class : WooCommerce\Facebook\Framework\Api\Exception: exception_message : Cannot create the API instance because the access token is missing.; exception_trace : #0 E:\wampserver\www\sklentr\snazzy-floret\wp-content\plugins\facebook-for-woocommerce\includes\ProductSets\ProductSetSync.php(139): WC_Facebookcommerce->get_api()
#1 E:\wampserver\www\sklentr\snazzy-floret\wp-content\plugins\facebook-for-woocommerce\includes\ProductSets\ProductSetSync.php(226): WooCommerce\Facebook\ProductSets\ProductSetSync->get_fb_product_set_id(Object(WP_Term))
#2 E:\wampserver\www\sklentr\snazzy-floret\wp-content\plugins\facebook-for-woocommerce\includes\ProductSets\ProductSetSync.php(107): WooCommerce\Facebook\ProductSets\ProductSetSync->sync_all_wc_product_categories()
#3 E:\wampserver\www\sklentr\snazzy-floret\wp-includes\class-wp-hook.php(341): WooCommerce\Facebook\ProductSets\ProductSetSync->sync_all_product_sets()
#4 E:\wampserver\www\sklentr\snazzy-floret\wp-includes\class-wp-hook.php(365): WP_Hook->apply_filters(NULL, Array)
#5 E:\wampserver\www\sklentr\snazzy-floret\wp-includes\plugin.php(570): WP_Hook->do_action(Array)
#6 E:\wampserver\www\sklentr\snazzy-floret\wp-content\plugins\woocommerce\packages\action-scheduler\classes\actions\ActionScheduler_Action.php(86): do_action_ref_array('facebook_for_wo...', Array)
#7 E:\wampserver\www\sklentr\snazzy-floret\wp-content\plugins\woocommerce\packages\action-scheduler\classes\abstracts\ActionScheduler_Abstract_QueueRunner.php(103): ActionScheduler_Action->execute()
#8 E:\wampserver\www\sklentr\snazzy-floret\wp-content\plugins\woocommerce\packages\action-scheduler\classes\ActionScheduler_QueueRunner.php(188): ActionScheduler_Abstract_QueueRunner->process_action(858, 'Async Request')
#9 E:\wampserver\www\sklentr\snazzy-floret\wp-content\plugins\woocommerce\packages\action-scheduler\classes\ActionScheduler_QueueRunner.php(158): ActionScheduler_QueueRunner->do_batch(25, 'Async Request')
#10 E:\wampserver\www\sklentr\snazzy-floret\wp-includes\class-wp-hook.php(341): ActionScheduler_QueueRunner->run('Async Request')
#11 E:\wampserver\www\sklentr\snazzy-floret\wp-includes\class-wp-hook.php(365): WP_Hook->apply_filters('', Array)
#12 E:\wampserver\www\sklentr\snazzy-floret\wp-includes\plugin.php(522): WP_Hook->do_action(Array)
#13 E:\wampserver\www\sklentr\snazzy-floret\wp-content\plugins\woocommerce\packages\action-scheduler\classes\ActionScheduler_AsyncRequest_QueueRunner.php(48): do_action('action_schedule...', 'Async Request')
#14 E:\wampserver\www\sklentr\snazzy-floret\wp-content\plugins\woocommerce\includes\libraries\wp-async-request.php(147): ActionScheduler_AsyncRequest_QueueRunner->handle()
#15 E:\wampserver\www\sklentr\snazzy-floret\wp-includes\class-wp-hook.php(341): WP_Async_Request->maybe_handle('')
#16 E:\wampserver\www\sklentr\snazzy-floret\wp-includes\class-wp-hook.php(365): WP_Hook->apply_filters('', Array)
#17 E:\wampserver\www\sklentr\snazzy-floret\wp-includes\plugin.php(522): WP_Hook->do_action(Array)
#18 E:\wampserver\www\sklentr\snazzy-floret\wp-admin\admin-ajax.php(207): do_action('wp_ajax_nopriv_...')
#19 {main}
2026-04-12T03:37:38+00:00 NOTICE There was an error trying to get product set data in a catalog: Cannot create the API instance because the access token is missing.
2026-04-12T03:37:38+00:00 ERROR ProductSetSync exception: exception_code : 0; exception_class : WooCommerce\Facebook\Framework\Api\Exception: exception_message : Cannot create the API instance because the access token is missing.; exception_trace : #0 E:\wampserver\www\sklentr\snazzy-floret\wp-content\plugins\facebook-for-woocommerce\includes\ProductSets\ProductSetSync.php(139): WC_Facebookcommerce->get_api()
#1 E:\wampserver\www\sklentr\snazzy-floret\wp-content\plugins\facebook-for-woocommerce\includes\ProductSets\ProductSetSync.php(226): WooCommerce\Facebook\ProductSets\ProductSetSync->get_fb_product_set_id(Object(WP_Term))
#2 E:\wampserver\www\sklentr\snazzy-floret\wp-content\plugins\facebook-for-woocommerce\includes\ProductSets\ProductSetSync.php(107): WooCommerce\Facebook\ProductSets\ProductSetSync->sync_all_wc_product_categories()
#3 E:\wampserver\www\sklentr\snazzy-floret\wp-includes\class-wp-hook.php(341): WooCommerce\Facebook\ProductSets\ProductSetSync->sync_all_product_sets()
#4 E:\wampserver\www\sklentr\snazzy-floret\wp-includes\class-wp-hook.php(365): WP_Hook->apply_filters(NULL, Array)
#5 E:\wampserver\www\sklentr\snazzy-floret\wp-includes\plugin.php(570): WP_Hook->do_action(Array)
#6 E:\wampserver\www\sklentr\snazzy-floret\wp-content\plugins\woocommerce\packages\action-scheduler\classes\actions\ActionScheduler_Action.php(86): do_action_ref_array('facebook_for_wo...', Array)
#7 E:\wampserver\www\sklentr\snazzy-floret\wp-content\plugins\woocommerce\packages\action-scheduler\classes\abstracts\ActionScheduler_Abstract_QueueRunner.php(103): ActionScheduler_Action->execute()
#8 E:\wampserver\www\sklentr\snazzy-floret\wp-content\plugins\woocommerce\packages\action-scheduler\classes\ActionScheduler_QueueRunner.php(188): ActionScheduler_Abstract_QueueRunner->process_action(858, 'Async Request')
#9 E:\wampserver\www\sklentr\snazzy-floret\wp-content\plugins\woocommerce\packages\action-scheduler\classes\ActionScheduler_QueueRunner.php(158): ActionScheduler_QueueRunner->do_batch(25, 'Async Request')
#10 E:\wampserver\www\sklentr\snazzy-floret\wp-includes\class-wp-hook.php(341): ActionScheduler_QueueRunner->run('Async Request')
#11 E:\wampserver\www\sklentr\snazzy-floret\wp-includes\class-wp-hook.php(365): WP_Hook->apply_filters('', Array)
#12 E:\wampserver\www\sklentr\snazzy-floret\wp-includes\plugin.php(522): WP_Hook->do_action(Array)
#13 E:\wampserver\www\sklentr\snazzy-floret\wp-content\plugins\woocommerce\packages\action-scheduler\classes\ActionScheduler_AsyncRequest_QueueRunner.php(48): do_action('action_schedule...', 'Async Request')
#14 E:\wampserver\www\sklentr\snazzy-floret\wp-content\plugins\woocommerce\includes\libraries\wp-async-request.php(147): ActionScheduler_AsyncRequest_QueueRunner->handle()
#15 E:\wampserver\www\sklentr\snazzy-floret\wp-includes\class-wp-hook.php(341): WP_Async_Request->maybe_handle('')
#16 E:\wampserver\www\sklentr\snazzy-floret\wp-includes\class-wp-hook.php(365): WP_Hook->apply_filters('', Array)
#17 E:\wampserver\www\sklentr\snazzy-floret\wp-includes\plugin.php(522): WP_Hook->do_action(Array)
#18 E:\wampserver\www\sklentr\snazzy-floret\wp-admin\admin-ajax.php(207): do_action('wp_ajax_nopriv_...')
#19 {main}
2026-04-12T03:37:38+00:00 NOTICE There was an error trying to get product set data in a catalog: Cannot create the API instance because the access token is missing.
2026-04-12T03:37:38+00:00 ERROR ProductSetSync exception: exception_code : 0; exception_class : WooCommerce\Facebook\Framework\Api\Exception: exception_message : Cannot create the API instance because the access token is missing.; exception_trace : #0 E:\wampserver\www\sklentr\snazzy-floret\wp-content\plugins\facebook-for-woocommerce\includes\ProductSets\ProductSetSync.php(139): WC_Facebookcommerce->get_api()
#1 E:\wampserver\www\sklentr\snazzy-floret\wp-content\plugins\facebook-for-woocommerce\includes\ProductSets\ProductSetSync.php(226): WooCommerce\Facebook\ProductSets\ProductSetSync->get_fb_product_set_id(Object(WP_Term))
#2 E:\wampserver\www\sklentr\snazzy-floret\wp-content\plugins\facebook-for-woocommerce\includes\ProductSets\ProductSetSync.php(107): WooCommerce\Facebook\ProductSets\ProductSetSync->sync_all_wc_product_categories()
#3 E:\wampserver\www\sklentr\snazzy-floret\wp-includes\class-wp-hook.php(341): WooCommerce\Facebook\ProductSets\ProductSetSync->sync_all_product_sets()
#4 E:\wampserver\www\sklentr\snazzy-floret\wp-includes\class-wp-hook.php(365): WP_Hook->apply_filters(NULL, Array)
#5 E:\wampserver\www\sklentr\snazzy-floret\wp-includes\plugin.php(570): WP_Hook->do_action(Array)
#6 E:\wampserver\www\sklentr\snazzy-floret\wp-content\plugins\woocommerce\packages\action-scheduler\classes\actions\ActionScheduler_Action.php(86): do_action_ref_array('facebook_for_wo...', Array)
#7 E:\wampserver\www\sklentr\snazzy-floret\wp-content\plugins\woocommerce\packages\action-scheduler\classes\abstracts\ActionScheduler_Abstract_QueueRunner.php(103): ActionScheduler_Action->execute()
#8 E:\wampserver\www\sklentr\snazzy-floret\wp-content\plugins\woocommerce\packages\action-scheduler\classes\ActionScheduler_QueueRunner.php(188): ActionScheduler_Abstract_QueueRunner->process_action(858, 'Async Request')
#9 E:\wampserver\www\sklentr\snazzy-floret\wp-content\plugins\woocommerce\packages\action-scheduler\classes\ActionScheduler_QueueRunner.php(158): ActionScheduler_QueueRunner->do_batch(25, 'Async Request')
#10 E:\wampserver\www\sklentr\snazzy-floret\wp-includes\class-wp-hook.php(341): ActionScheduler_QueueRunner->run('Async Request')
#11 E:\wampserver\www\sklentr\snazzy-floret\wp-includes\class-wp-hook.php(365): WP_Hook->apply_filters('', Array)
#12 E:\wampserver\www\sklentr\snazzy-floret\wp-includes\plugin.php(522): WP_Hook->do_action(Array)
#13 E:\wampserver\www\sklentr\snazzy-floret\wp-content\plugins\woocommerce\packages\action-scheduler\classes\ActionScheduler_AsyncRequest_QueueRunner.php(48): do_action('action_schedule...', 'Async Request')
#14 E:\wampserver\www\sklentr\snazzy-floret\wp-content\plugins\woocommerce\includes\libraries\wp-async-request.php(147): ActionScheduler_AsyncRequest_QueueRunner->handle()
#15 E:\wampserver\www\sklentr\snazzy-floret\wp-includes\class-wp-hook.php(341): WP_Async_Request->maybe_handle('')
#16 E:\wampserver\www\sklentr\snazzy-floret\wp-includes\class-wp-hook.php(365): WP_Hook->apply_filters('', Array)
#17 E:\wampserver\www\sklentr\snazzy-floret\wp-includes\plugin.php(522): WP_Hook->do_action(Array)
#18 E:\wampserver\www\sklentr\snazzy-floret\wp-admin\admin-ajax.php(207): do_action('wp_ajax_nopriv_...')
#19 {main}
2026-04-12T03:37:38+00:00 NOTICE There was an error trying to get product set data in a catalog: Cannot create the API instance because the access token is missing.
2026-04-12T03:37:38+00:00 ERROR ProductSetSync exception: exception_code : 0; exception_class : WooCommerce\Facebook\Framework\Api\Exception: exception_message : Cannot create the API instance because the access token is missing.; exception_trace : #0 E:\wampserver\www\sklentr\snazzy-floret\wp-content\plugins\facebook-for-woocommerce\includes\ProductSets\ProductSetSync.php(139): WC_Facebookcommerce->get_api()
#1 E:\wampserver\www\sklentr\snazzy-floret\wp-content\plugins\facebook-for-woocommerce\includes\ProductSets\ProductSetSync.php(226): WooCommerce\Facebook\ProductSets\ProductSetSync->get_fb_product_set_id(Object(WP_Term))
#2 E:\wampserver\www\sklentr\snazzy-floret\wp-content\plugins\facebook-for-woocommerce\includes\ProductSets\ProductSetSync.php(107): WooCommerce\Facebook\ProductSets\ProductSetSync->sync_all_wc_product_categories()
#3 E:\wampserver\www\sklentr\snazzy-floret\wp-includes\class-wp-hook.php(341): WooCommerce\Facebook\ProductSets\ProductSetSync->sync_all_product_sets()
#4 E:\wampserver\www\sklentr\snazzy-floret\wp-includes\class-wp-hook.php(365): WP_Hook->apply_filters(NULL, Array)
#5 E:\wampserver\www\sklentr\snazzy-floret\wp-includes\plugin.php(570): WP_Hook->do_action(Array)
#6 E:\wampserver\www\sklentr\snazzy-floret\wp-content\plugins\woocommerce\packages\action-scheduler\classes\actions\ActionScheduler_Action.php(86): do_action_ref_array('facebook_for_wo...', Array)
#7 E:\wampserver\www\sklentr\snazzy-floret\wp-content\plugins\woocommerce\packages\action-scheduler\classes\abstracts\ActionScheduler_Abstract_QueueRunner.php(103): ActionScheduler_Action->execute()
#8 E:\wampserver\www\sklentr\snazzy-floret\wp-content\plugins\woocommerce\packages\action-scheduler\classes\ActionScheduler_QueueRunner.php(188): ActionScheduler_Abstract_QueueRunner->process_action(858, 'Async Request')
#9 E:\wampserver\www\sklentr\snazzy-floret\wp-content\plugins\woocommerce\packages\action-scheduler\classes\ActionScheduler_QueueRunner.php(158): ActionScheduler_QueueRunner->do_batch(25, 'Async Request')
#10 E:\wampserver\www\sklentr\snazzy-floret\wp-includes\class-wp-hook.php(341): ActionScheduler_QueueRunner->run('Async Request')
#11 E:\wampserver\www\sklentr\snazzy-floret\wp-includes\class-wp-hook.php(365): WP_Hook->apply_filters('', Array)
#12 E:\wampserver\www\sklentr\snazzy-floret\wp-includes\plugin.php(522): WP_Hook->do_action(Array)
#13 E:\wampserver\www\sklentr\snazzy-floret\wp-content\plugins\woocommerce\packages\action-scheduler\classes\ActionScheduler_AsyncRequest_QueueRunner.php(48): do_action('action_schedule...', 'Async Request')
#14 E:\wampserver\www\sklentr\snazzy-floret\wp-content\plugins\woocommerce\includes\libraries\wp-async-request.php(147): ActionScheduler_AsyncRequest_QueueRunner->handle()
#15 E:\wampserver\www\sklentr\snazzy-floret\wp-includes\class-wp-hook.php(341): WP_Async_Request->maybe_handle('')
#16 E:\wampserver\www\sklentr\snazzy-floret\wp-includes\class-wp-hook.php(365): WP_Hook->apply_filters('', Array)
#17 E:\wampserver\www\sklentr\snazzy-floret\wp-includes\plugin.php(522): WP_Hook->do_action(Array)
#18 E:\wampserver\www\sklentr\snazzy-floret\wp-admin\admin-ajax.php(207): do_action('wp_ajax_nopriv_...')
#19 {main}
2026-04-12T03:37:38+00:00 NOTICE There was an error trying to get product set data in a catalog: Cannot create the API instance because the access token is missing.
2026-04-12T03:37:38+00:00 ERROR ProductSetSync exception: exception_code : 0; exception_class : WooCommerce\Facebook\Framework\Api\Exception: exception_message : Cannot create the API instance because the access token is missing.; exception_trace : #0 E:\wampserver\www\sklentr\snazzy-floret\wp-content\plugins\facebook-for-woocommerce\includes\ProductSets\ProductSetSync.php(139): WC_Facebookcommerce->get_api()
#1 E:\wampserver\www\sklentr\snazzy-floret\wp-content\plugins\facebook-for-woocommerce\includes\ProductSets\ProductSetSync.php(226): WooCommerce\Facebook\ProductSets\ProductSetSync->get_fb_product_set_id(Object(WP_Term))
#2 E:\wampserver\www\sklentr\snazzy-floret\wp-content\plugins\facebook-for-woocommerce\includes\ProductSets\ProductSetSync.php(107): WooCommerce\Facebook\ProductSets\ProductSetSync->sync_all_wc_product_categories()
#3 E:\wampserver\www\sklentr\snazzy-floret\wp-includes\class-wp-hook.php(341): WooCommerce\Facebook\ProductSets\ProductSetSync->sync_all_product_sets()
#4 E:\wampserver\www\sklentr\snazzy-floret\wp-includes\class-wp-hook.php(365): WP_Hook->apply_filters(NULL, Array)
#5 E:\wampserver\www\sklentr\snazzy-floret\wp-includes\plugin.php(570): WP_Hook->do_action(Array)
#6 E:\wampserver\www\sklentr\snazzy-floret\wp-content\plugins\woocommerce\packages\action-scheduler\classes\actions\ActionScheduler_Action.php(86): do_action_ref_array('facebook_for_wo...', Array)
#7 E:\wampserver\www\sklentr\snazzy-floret\wp-content\plugins\woocommerce\packages\action-scheduler\classes\abstracts\ActionScheduler_Abstract_QueueRunner.php(103): ActionScheduler_Action->execute()
#8 E:\wampserver\www\sklentr\snazzy-floret\wp-content\plugins\woocommerce\packages\action-scheduler\classes\ActionScheduler_QueueRunner.php(188): ActionScheduler_Abstract_QueueRunner->process_action(858, 'Async Request')
#9 E:\wampserver\www\sklentr\snazzy-floret\wp-content\plugins\woocommerce\packages\action-scheduler\classes\ActionScheduler_QueueRunner.php(158): ActionScheduler_QueueRunner->do_batch(25, 'Async Request')
#10 E:\wampserver\www\sklentr\snazzy-floret\wp-includes\class-wp-hook.php(341): ActionScheduler_QueueRunner->run('Async Request')
#11 E:\wampserver\www\sklentr\snazzy-floret\wp-includes\class-wp-hook.php(365): WP_Hook->apply_filters('', Array)
#12 E:\wampserver\www\sklentr\snazzy-floret\wp-includes\plugin.php(522): WP_Hook->do_action(Array)
#13 E:\wampserver\www\sklentr\snazzy-floret\wp-content\plugins\woocommerce\packages\action-scheduler\classes\ActionScheduler_AsyncRequest_QueueRunner.php(48): do_action('action_schedule...', 'Async Request')
#14 E:\wampserver\www\sklentr\snazzy-floret\wp-content\plugins\woocommerce\includes\libraries\wp-async-request.php(147): ActionScheduler_AsyncRequest_QueueRunner->handle()
#15 E:\wampserver\www\sklentr\snazzy-floret\wp-includes\class-wp-hook.php(341): WP_Async_Request->maybe_handle('')
#16 E:\wampserver\www\sklentr\snazzy-floret\wp-includes\class-wp-hook.php(365): WP_Hook->apply_filters('', Array)
#17 E:\wampserver\www\sklentr\snazzy-floret\wp-includes\plugin.php(522): WP_Hook->do_action(Array)
#18 E:\wampserver\www\sklentr\snazzy-floret\wp-admin\admin-ajax.php(207): do_action('wp_ajax_nopriv_...')
#19 {main}
2026-04-12T03:37:38+00:00 NOTICE There was an error trying to get product set data in a catalog: Cannot create the API instance because the access token is missing.
2026-04-12T03:37:38+00:00 ERROR ProductSetSync exception: exception_code : 0; exception_class : WooCommerce\Facebook\Framework\Api\Exception: exception_message : Cannot create the API instance because the access token is missing.; exception_trace : #0 E:\wampserver\www\sklentr\snazzy-floret\wp-content\plugins\facebook-for-woocommerce\includes\ProductSets\ProductSetSync.php(139): WC_Facebookcommerce->get_api()
#1 E:\wampserver\www\sklentr\snazzy-floret\wp-content\plugins\facebook-for-woocommerce\includes\ProductSets\ProductSetSync.php(226): WooCommerce\Facebook\ProductSets\ProductSetSync->get_fb_product_set_id(Object(WP_Term))
#2 E:\wampserver\www\sklentr\snazzy-floret\wp-content\plugins\facebook-for-woocommerce\includes\ProductSets\ProductSetSync.php(107): WooCommerce\Facebook\ProductSets\ProductSetSync->sync_all_wc_product_categories()
#3 E:\wampserver\www\sklentr\snazzy-floret\wp-includes\class-wp-hook.php(341): WooCommerce\Facebook\ProductSets\ProductSetSync->sync_all_product_sets()
#4 E:\wampserver\www\sklentr\snazzy-floret\wp-includes\class-wp-hook.php(365): WP_Hook->apply_filters(NULL, Array)
#5 E:\wampserver\www\sklentr\snazzy-floret\wp-includes\plugin.php(570): WP_Hook->do_action(Array)
#6 E:\wampserver\www\sklentr\snazzy-floret\wp-content\plugins\woocommerce\packages\action-scheduler\classes\actions\ActionScheduler_Action.php(86): do_action_ref_array('facebook_for_wo...', Array)
#7 E:\wampserver\www\sklentr\snazzy-floret\wp-content\plugins\woocommerce\packages\action-scheduler\classes\abstracts\ActionScheduler_Abstract_QueueRunner.php(103): ActionScheduler_Action->execute()
#8 E:\wampserver\www\sklentr\snazzy-floret\wp-content\plugins\woocommerce\packages\action-scheduler\classes\ActionScheduler_QueueRunner.php(188): ActionScheduler_Abstract_QueueRunner->process_action(858, 'Async Request')
#9 E:\wampserver\www\sklentr\snazzy-floret\wp-content\plugins\woocommerce\packages\action-scheduler\classes\ActionScheduler_QueueRunner.php(158): ActionScheduler_QueueRunner->do_batch(25, 'Async Request')
#10 E:\wampserver\www\sklentr\snazzy-floret\wp-includes\class-wp-hook.php(341): ActionScheduler_QueueRunner->run('Async Request')
#11 E:\wampserver\www\sklentr\snazzy-floret\wp-includes\class-wp-hook.php(365): WP_Hook->apply_filters('', Array)
#12 E:\wampserver\www\sklentr\snazzy-floret\wp-includes\plugin.php(522): WP_Hook->do_action(Array)
#13 E:\wampserver\www\sklentr\snazzy-floret\wp-content\plugins\woocommerce\packages\action-scheduler\classes\ActionScheduler_AsyncRequest_QueueRunner.php(48): do_action('action_schedule...', 'Async Request')
#14 E:\wampserver\www\sklentr\snazzy-floret\wp-content\plugins\woocommerce\includes\libraries\wp-async-request.php(147): ActionScheduler_AsyncRequest_QueueRunner->handle()
#15 E:\wampserver\www\sklentr\snazzy-floret\wp-includes\class-wp-hook.php(341): WP_Async_Request->maybe_handle('')
#16 E:\wampserver\www\sklentr\snazzy-floret\wp-includes\class-wp-hook.php(365): WP_Hook->apply_filters('', Array)
#17 E:\wampserver\www\sklentr\snazzy-floret\wp-includes\plugin.php(522): WP_Hook->do_action(Array)
#18 E:\wampserver\www\sklentr\snazzy-floret\wp-admin\admin-ajax.php(207): do_action('wp_ajax_nopriv_...')
#19 {main}
2026-04-12T03:37:38+00:00 NOTICE There was an error trying to get product set data in a catalog: Cannot create the API instance because the access token is missing.
2026-04-12T03:37:38+00:00 ERROR ProductSetSync exception: exception_code : 0; exception_class : WooCommerce\Facebook\Framework\Api\Exception: exception_message : Cannot create the API instance because the access token is missing.; exception_trace : #0 E:\wampserver\www\sklentr\snazzy-floret\wp-content\plugins\facebook-for-woocommerce\includes\ProductSets\ProductSetSync.php(139): WC_Facebookcommerce->get_api()
#1 E:\wampserver\www\sklentr\snazzy-floret\wp-content\plugins\facebook-for-woocommerce\includes\ProductSets\ProductSetSync.php(226): WooCommerce\Facebook\ProductSets\ProductSetSync->get_fb_product_set_id(Object(WP_Term))
#2 E:\wampserver\www\sklentr\snazzy-floret\wp-content\plugins\facebook-for-woocommerce\includes\ProductSets\ProductSetSync.php(107): WooCommerce\Facebook\ProductSets\ProductSetSync->sync_all_wc_product_categories()
#3 E:\wampserver\www\sklentr\snazzy-floret\wp-includes\class-wp-hook.php(341): WooCommerce\Facebook\ProductSets\ProductSetSync->sync_all_product_sets()
#4 E:\wampserver\www\sklentr\snazzy-floret\wp-includes\class-wp-hook.php(365): WP_Hook->apply_filters(NULL, Array)
#5 E:\wampserver\www\sklentr\snazzy-floret\wp-includes\plugin.php(570): WP_Hook->do_action(Array)
#6 E:\wampserver\www\sklentr\snazzy-floret\wp-content\plugins\woocommerce\packages\action-scheduler\classes\actions\ActionScheduler_Action.php(86): do_action_ref_array('facebook_for_wo...', Array)
#7 E:\wampserver\www\sklentr\snazzy-floret\wp-content\plugins\woocommerce\packages\action-scheduler\classes\abstracts\ActionScheduler_Abstract_QueueRunner.php(103): ActionScheduler_Action->execute()
#8 E:\wampserver\www\sklentr\snazzy-floret\wp-content\plugins\woocommerce\packages\action-scheduler\classes\ActionScheduler_QueueRunner.php(188): ActionScheduler_Abstract_QueueRunner->process_action(858, 'Async Request')
#9 E:\wampserver\www\sklentr\snazzy-floret\wp-content\plugins\woocommerce\packages\action-scheduler\classes\ActionScheduler_QueueRunner.php(158): ActionScheduler_QueueRunner->do_batch(25, 'Async Request')
#10 E:\wampserver\www\sklentr\snazzy-floret\wp-includes\class-wp-hook.php(341): ActionScheduler_QueueRunner->run('Async Request')
#11 E:\wampserver\www\sklentr\snazzy-floret\wp-includes\class-wp-hook.php(365): WP_Hook->apply_filters('', Array)
#12 E:\wampserver\www\sklentr\snazzy-floret\wp-includes\plugin.php(522): WP_Hook->do_action(Array)
#13 E:\wampserver\www\sklentr\snazzy-floret\wp-content\plugins\woocommerce\packages\action-scheduler\classes\ActionScheduler_AsyncRequest_QueueRunner.php(48): do_action('action_schedule...', 'Async Request')
#14 E:\wampserver\www\sklentr\snazzy-floret\wp-content\plugins\woocommerce\includes\libraries\wp-async-request.php(147): ActionScheduler_AsyncRequest_QueueRunner->handle()
#15 E:\wampserver\www\sklentr\snazzy-floret\wp-includes\class-wp-hook.php(341): WP_Async_Request->maybe_handle('')
#16 E:\wampserver\www\sklentr\snazzy-floret\wp-includes\class-wp-hook.php(365): WP_Hook->apply_filters('', Array)
#17 E:\wampserver\www\sklentr\snazzy-floret\wp-includes\plugin.php(522): WP_Hook->do_action(Array)
#18 E:\wampserver\www\sklentr\snazzy-floret\wp-admin\admin-ajax.php(207): do_action('wp_ajax_nopriv_...')
#19 {main}
2026-04-12T03:37:38+00:00 NOTICE There was an error trying to get product set data in a catalog: Cannot create the API instance because the access token is missing.
2026-04-12T03:37:38+00:00 ERROR ProductSetSync exception: exception_code : 0; exception_class : WooCommerce\Facebook\Framework\Api\Exception: exception_message : Cannot create the API instance because the access token is missing.; exception_trace : #0 E:\wampserver\www\sklentr\snazzy-floret\wp-content\plugins\facebook-for-woocommerce\includes\ProductSets\ProductSetSync.php(139): WC_Facebookcommerce->get_api()
#1 E:\wampserver\www\sklentr\snazzy-floret\wp-content\plugins\facebook-for-woocommerce\includes\ProductSets\ProductSetSync.php(226): WooCommerce\Facebook\ProductSets\ProductSetSync->get_fb_product_set_id(Object(WP_Term))
#2 E:\wampserver\www\sklentr\snazzy-floret\wp-content\plugins\facebook-for-woocommerce\includes\ProductSets\ProductSetSync.php(107): WooCommerce\Facebook\ProductSets\ProductSetSync->sync_all_wc_product_categories()
#3 E:\wampserver\www\sklentr\snazzy-floret\wp-includes\class-wp-hook.php(341): WooCommerce\Facebook\ProductSets\ProductSetSync->sync_all_product_sets()
#4 E:\wampserver\www\sklentr\snazzy-floret\wp-includes\class-wp-hook.php(365): WP_Hook->apply_filters(NULL, Array)
#5 E:\wampserver\www\sklentr\snazzy-floret\wp-includes\plugin.php(570): WP_Hook->do_action(Array)
#6 E:\wampserver\www\sklentr\snazzy-floret\wp-content\plugins\woocommerce\packages\action-scheduler\classes\actions\ActionScheduler_Action.php(86): do_action_ref_array('facebook_for_wo...', Array)
#7 E:\wampserver\www\sklentr\snazzy-floret\wp-content\plugins\woocommerce\packages\action-scheduler\classes\abstracts\ActionScheduler_Abstract_QueueRunner.php(103): ActionScheduler_Action->execute()
#8 E:\wampserver\www\sklentr\snazzy-floret\wp-content\plugins\woocommerce\packages\action-scheduler\classes\ActionScheduler_QueueRunner.php(188): ActionScheduler_Abstract_QueueRunner->process_action(858, 'Async Request')
#9 E:\wampserver\www\sklentr\snazzy-floret\wp-content\plugins\woocommerce\packages\action-scheduler\classes\ActionScheduler_QueueRunner.php(158): ActionScheduler_QueueRunner->do_batch(25, 'Async Request')
#10 E:\wampserver\www\sklentr\snazzy-floret\wp-includes\class-wp-hook.php(341): ActionScheduler_QueueRunner->run('Async Request')
#11 E:\wampserver\www\sklentr\snazzy-floret\wp-includes\class-wp-hook.php(365): WP_Hook->apply_filters('', Array)
#12 E:\wampserver\www\sklentr\snazzy-floret\wp-includes\plugin.php(522): WP_Hook->do_action(Array)
#13 E:\wampserver\www\sklentr\snazzy-floret\wp-content\plugins\woocommerce\packages\action-scheduler\classes\ActionScheduler_AsyncRequest_QueueRunner.php(48): do_action('action_schedule...', 'Async Request')
#14 E:\wampserver\www\sklentr\snazzy-floret\wp-content\plugins\woocommerce\includes\libraries\wp-async-request.php(147): ActionScheduler_AsyncRequest_QueueRunner->handle()
#15 E:\wampserver\www\sklentr\snazzy-floret\wp-includes\class-wp-hook.php(341): WP_Async_Request->maybe_handle('')
#16 E:\wampserver\www\sklentr\snazzy-floret\wp-includes\class-wp-hook.php(365): WP_Hook->apply_filters('', Array)
#17 E:\wampserver\www\sklentr\snazzy-floret\wp-includes\plugin.php(522): WP_Hook->do_action(Array)
#18 E:\wampserver\www\sklentr\snazzy-floret\wp-admin\admin-ajax.php(207): do_action('wp_ajax_nopriv_...')
#19 {main}
2026-04-12T11:51:11+00:00 WARNING Product feed scheduling failed: Integration not configured. : {"flow_name":"product_feed","flow_step":"schedule_feed_generation"}
2026-04-12T11:51:11+00:00 WARNING Language override feed scheduling failed: Integration not configured. : {"flow_name":"language_override_feed","flow_step":"schedule_feed_generation"}
2026-04-12T11:51:11+00:00 ERROR Error persisting error logs: Cannot create the API instance because the access token is missing. : []
2026-04-12T11:52:08+00:00 ERROR Error persisting Meta logs: Cannot create the API instance because the access token is missing. : []
2026-04-12T11:54:02+00:00 ERROR Error persisting Meta logs: Cannot create the API instance because the access token is missing. : []
