2026-04-06T04:15:30+00:00 WARNING Product feed scheduling failed: Integration not configured. : {"flow_name":"product_feed","flow_step":"schedule_feed_generation"}
2026-04-06T04:15:30+00:00 WARNING Language override feed scheduling failed: Integration not configured. : {"flow_name":"language_override_feed","flow_step":"schedule_feed_generation"}
2026-04-06T04:15:30+00:00 ERROR Error persisting error logs: Cannot create the API instance because the access token is missing. : []
2026-04-06T04:15:30+00:00 NOTICE Unable to detect valid feed configuration: No catalog ID
2026-04-06T04:15:30+00:00 NOTICE There was an error trying to get product set data in a catalog: Cannot create the API instance because the access token is missing.
2026-04-06T04:15:30+00:00 ERROR ProductSetSync exception: exception_code : 0; exception_class : WooCommerce\Facebook\Framework\Api\Exception: exception_message : Cannot create the API instance because the access token is missing.; exception_trace : #0 E:\wampserver\www\sklentr\snazzy-floret\wp-content\plugins\facebook-for-woocommerce\includes\ProductSets\ProductSetSync.php(139): WC_Facebookcommerce->get_api()
#1 E:\wampserver\www\sklentr\snazzy-floret\wp-content\plugins\facebook-for-woocommerce\includes\ProductSets\ProductSetSync.php(226): WooCommerce\Facebook\ProductSets\ProductSetSync->get_fb_product_set_id(Object(WP_Term))
#2 E:\wampserver\www\sklentr\snazzy-floret\wp-content\plugins\facebook-for-woocommerce\includes\ProductSets\ProductSetSync.php(107): WooCommerce\Facebook\ProductSets\ProductSetSync->sync_all_wc_product_categories()
#3 E:\wampserver\www\sklentr\snazzy-floret\wp-includes\class-wp-hook.php(341): WooCommerce\Facebook\ProductSets\ProductSetSync->sync_all_product_sets()
#4 E:\wampserver\www\sklentr\snazzy-floret\wp-includes\class-wp-hook.php(365): WP_Hook->apply_filters(NULL, Array)
#5 E:\wampserver\www\sklentr\snazzy-floret\wp-includes\plugin.php(570): WP_Hook->do_action(Array)
#6 E:\wampserver\www\sklentr\snazzy-floret\wp-content\plugins\woocommerce\packages\action-scheduler\classes\actions\ActionScheduler_Action.php(86): do_action_ref_array('facebook_for_wo...', Array)
#7 E:\wampserver\www\sklentr\snazzy-floret\wp-content\plugins\woocommerce\packages\action-scheduler\classes\abstracts\ActionScheduler_Abstract_QueueRunner.php(103): ActionScheduler_Action->execute()
#8 E:\wampserver\www\sklentr\snazzy-floret\wp-content\plugins\woocommerce\packages\action-scheduler\classes\ActionScheduler_QueueRunner.php(188): ActionScheduler_Abstract_QueueRunner->process_action(322, 'Async Request')
#9 E:\wampserver\www\sklentr\snazzy-floret\wp-content\plugins\woocommerce\packages\action-scheduler\classes\ActionScheduler_QueueRunner.php(158): ActionScheduler_QueueRunner->do_batch(25, 'Async Request')
#10 E:\wampserver\www\sklentr\snazzy-floret\wp-includes\class-wp-hook.php(341): ActionScheduler_QueueRunner->run('Async Request')
#11 E:\wampserver\www\sklentr\snazzy-floret\wp-includes\class-wp-hook.php(365): WP_Hook->apply_filters('', Array)
#12 E:\wampserver\www\sklentr\snazzy-floret\wp-includes\plugin.php(522): WP_Hook->do_action(Array)
#13 E:\wampserver\www\sklentr\snazzy-floret\wp-content\plugins\woocommerce\packages\action-scheduler\classes\ActionScheduler_AsyncRequest_QueueRunner.php(48): do_action('action_schedule...', 'Async Request')
#14 E:\wampserver\www\sklentr\snazzy-floret\wp-content\plugins\woocommerce\includes\libraries\wp-async-request.php(147): ActionScheduler_AsyncRequest_QueueRunner->handle()
#15 E:\wampserver\www\sklentr\snazzy-floret\wp-includes\class-wp-hook.php(341): WP_Async_Request->maybe_handle('')
#16 E:\wampserver\www\sklentr\snazzy-floret\wp-includes\class-wp-hook.php(365): WP_Hook->apply_filters('', Array)
#17 E:\wampserver\www\sklentr\snazzy-floret\wp-includes\plugin.php(522): WP_Hook->do_action(Array)
#18 E:\wampserver\www\sklentr\snazzy-floret\wp-admin\admin-ajax.php(207): do_action('wp_ajax_nopriv_...')
#19 {main}
2026-04-06T04:15:30+00:00 NOTICE There was an error trying to get product set data in a catalog: Cannot create the API instance because the access token is missing.
2026-04-06T04:15:30+00:00 ERROR ProductSetSync exception: exception_code : 0; exception_class : WooCommerce\Facebook\Framework\Api\Exception: exception_message : Cannot create the API instance because the access token is missing.; exception_trace : #0 E:\wampserver\www\sklentr\snazzy-floret\wp-content\plugins\facebook-for-woocommerce\includes\ProductSets\ProductSetSync.php(139): WC_Facebookcommerce->get_api()
#1 E:\wampserver\www\sklentr\snazzy-floret\wp-content\plugins\facebook-for-woocommerce\includes\ProductSets\ProductSetSync.php(226): WooCommerce\Facebook\ProductSets\ProductSetSync->get_fb_product_set_id(Object(WP_Term))
#2 E:\wampserver\www\sklentr\snazzy-floret\wp-content\plugins\facebook-for-woocommerce\includes\ProductSets\ProductSetSync.php(107): WooCommerce\Facebook\ProductSets\ProductSetSync->sync_all_wc_product_categories()
#3 E:\wampserver\www\sklentr\snazzy-floret\wp-includes\class-wp-hook.php(341): WooCommerce\Facebook\ProductSets\ProductSetSync->sync_all_product_sets()
#4 E:\wampserver\www\sklentr\snazzy-floret\wp-includes\class-wp-hook.php(365): WP_Hook->apply_filters(NULL, Array)
#5 E:\wampserver\www\sklentr\snazzy-floret\wp-includes\plugin.php(570): WP_Hook->do_action(Array)
#6 E:\wampserver\www\sklentr\snazzy-floret\wp-content\plugins\woocommerce\packages\action-scheduler\classes\actions\ActionScheduler_Action.php(86): do_action_ref_array('facebook_for_wo...', Array)
#7 E:\wampserver\www\sklentr\snazzy-floret\wp-content\plugins\woocommerce\packages\action-scheduler\classes\abstracts\ActionScheduler_Abstract_QueueRunner.php(103): ActionScheduler_Action->execute()
#8 E:\wampserver\www\sklentr\snazzy-floret\wp-content\plugins\woocommerce\packages\action-scheduler\classes\ActionScheduler_QueueRunner.php(188): ActionScheduler_Abstract_QueueRunner->process_action(322, 'Async Request')
#9 E:\wampserver\www\sklentr\snazzy-floret\wp-content\plugins\woocommerce\packages\action-scheduler\classes\ActionScheduler_QueueRunner.php(158): ActionScheduler_QueueRunner->do_batch(25, 'Async Request')
#10 E:\wampserver\www\sklentr\snazzy-floret\wp-includes\class-wp-hook.php(341): ActionScheduler_QueueRunner->run('Async Request')
#11 E:\wampserver\www\sklentr\snazzy-floret\wp-includes\class-wp-hook.php(365): WP_Hook->apply_filters('', Array)
#12 E:\wampserver\www\sklentr\snazzy-floret\wp-includes\plugin.php(522): WP_Hook->do_action(Array)
#13 E:\wampserver\www\sklentr\snazzy-floret\wp-content\plugins\woocommerce\packages\action-scheduler\classes\ActionScheduler_AsyncRequest_QueueRunner.php(48): do_action('action_schedule...', 'Async Request')
#14 E:\wampserver\www\sklentr\snazzy-floret\wp-content\plugins\woocommerce\includes\libraries\wp-async-request.php(147): ActionScheduler_AsyncRequest_QueueRunner->handle()
#15 E:\wampserver\www\sklentr\snazzy-floret\wp-includes\class-wp-hook.php(341): WP_Async_Request->maybe_handle('')
#16 E:\wampserver\www\sklentr\snazzy-floret\wp-includes\class-wp-hook.php(365): WP_Hook->apply_filters('', Array)
#17 E:\wampserver\www\sklentr\snazzy-floret\wp-includes\plugin.php(522): WP_Hook->do_action(Array)
#18 E:\wampserver\www\sklentr\snazzy-floret\wp-admin\admin-ajax.php(207): do_action('wp_ajax_nopriv_...')
#19 {main}
2026-04-06T04:15:30+00:00 NOTICE There was an error trying to get product set data in a catalog: Cannot create the API instance because the access token is missing.
2026-04-06T04:15:30+00:00 ERROR ProductSetSync exception: exception_code : 0; exception_class : WooCommerce\Facebook\Framework\Api\Exception: exception_message : Cannot create the API instance because the access token is missing.; exception_trace : #0 E:\wampserver\www\sklentr\snazzy-floret\wp-content\plugins\facebook-for-woocommerce\includes\ProductSets\ProductSetSync.php(139): WC_Facebookcommerce->get_api()
#1 E:\wampserver\www\sklentr\snazzy-floret\wp-content\plugins\facebook-for-woocommerce\includes\ProductSets\ProductSetSync.php(226): WooCommerce\Facebook\ProductSets\ProductSetSync->get_fb_product_set_id(Object(WP_Term))
#2 E:\wampserver\www\sklentr\snazzy-floret\wp-content\plugins\facebook-for-woocommerce\includes\ProductSets\ProductSetSync.php(107): WooCommerce\Facebook\ProductSets\ProductSetSync->sync_all_wc_product_categories()
#3 E:\wampserver\www\sklentr\snazzy-floret\wp-includes\class-wp-hook.php(341): WooCommerce\Facebook\ProductSets\ProductSetSync->sync_all_product_sets()
#4 E:\wampserver\www\sklentr\snazzy-floret\wp-includes\class-wp-hook.php(365): WP_Hook->apply_filters(NULL, Array)
#5 E:\wampserver\www\sklentr\snazzy-floret\wp-includes\plugin.php(570): WP_Hook->do_action(Array)
#6 E:\wampserver\www\sklentr\snazzy-floret\wp-content\plugins\woocommerce\packages\action-scheduler\classes\actions\ActionScheduler_Action.php(86): do_action_ref_array('facebook_for_wo...', Array)
#7 E:\wampserver\www\sklentr\snazzy-floret\wp-content\plugins\woocommerce\packages\action-scheduler\classes\abstracts\ActionScheduler_Abstract_QueueRunner.php(103): ActionScheduler_Action->execute()
#8 E:\wampserver\www\sklentr\snazzy-floret\wp-content\plugins\woocommerce\packages\action-scheduler\classes\ActionScheduler_QueueRunner.php(188): ActionScheduler_Abstract_QueueRunner->process_action(322, 'Async Request')
#9 E:\wampserver\www\sklentr\snazzy-floret\wp-content\plugins\woocommerce\packages\action-scheduler\classes\ActionScheduler_QueueRunner.php(158): ActionScheduler_QueueRunner->do_batch(25, 'Async Request')
#10 E:\wampserver\www\sklentr\snazzy-floret\wp-includes\class-wp-hook.php(341): ActionScheduler_QueueRunner->run('Async Request')
#11 E:\wampserver\www\sklentr\snazzy-floret\wp-includes\class-wp-hook.php(365): WP_Hook->apply_filters('', Array)
#12 E:\wampserver\www\sklentr\snazzy-floret\wp-includes\plugin.php(522): WP_Hook->do_action(Array)
#13 E:\wampserver\www\sklentr\snazzy-floret\wp-content\plugins\woocommerce\packages\action-scheduler\classes\ActionScheduler_AsyncRequest_QueueRunner.php(48): do_action('action_schedule...', 'Async Request')
#14 E:\wampserver\www\sklentr\snazzy-floret\wp-content\plugins\woocommerce\includes\libraries\wp-async-request.php(147): ActionScheduler_AsyncRequest_QueueRunner->handle()
#15 E:\wampserver\www\sklentr\snazzy-floret\wp-includes\class-wp-hook.php(341): WP_Async_Request->maybe_handle('')
#16 E:\wampserver\www\sklentr\snazzy-floret\wp-includes\class-wp-hook.php(365): WP_Hook->apply_filters('', Array)
#17 E:\wampserver\www\sklentr\snazzy-floret\wp-includes\plugin.php(522): WP_Hook->do_action(Array)
#18 E:\wampserver\www\sklentr\snazzy-floret\wp-admin\admin-ajax.php(207): do_action('wp_ajax_nopriv_...')
#19 {main}
2026-04-06T04:15:30+00:00 NOTICE There was an error trying to get product set data in a catalog: Cannot create the API instance because the access token is missing.
2026-04-06T04:15:30+00:00 ERROR ProductSetSync exception: exception_code : 0; exception_class : WooCommerce\Facebook\Framework\Api\Exception: exception_message : Cannot create the API instance because the access token is missing.; exception_trace : #0 E:\wampserver\www\sklentr\snazzy-floret\wp-content\plugins\facebook-for-woocommerce\includes\ProductSets\ProductSetSync.php(139): WC_Facebookcommerce->get_api()
#1 E:\wampserver\www\sklentr\snazzy-floret\wp-content\plugins\facebook-for-woocommerce\includes\ProductSets\ProductSetSync.php(226): WooCommerce\Facebook\ProductSets\ProductSetSync->get_fb_product_set_id(Object(WP_Term))
#2 E:\wampserver\www\sklentr\snazzy-floret\wp-content\plugins\facebook-for-woocommerce\includes\ProductSets\ProductSetSync.php(107): WooCommerce\Facebook\ProductSets\ProductSetSync->sync_all_wc_product_categories()
#3 E:\wampserver\www\sklentr\snazzy-floret\wp-includes\class-wp-hook.php(341): WooCommerce\Facebook\ProductSets\ProductSetSync->sync_all_product_sets()
#4 E:\wampserver\www\sklentr\snazzy-floret\wp-includes\class-wp-hook.php(365): WP_Hook->apply_filters(NULL, Array)
#5 E:\wampserver\www\sklentr\snazzy-floret\wp-includes\plugin.php(570): WP_Hook->do_action(Array)
#6 E:\wampserver\www\sklentr\snazzy-floret\wp-content\plugins\woocommerce\packages\action-scheduler\classes\actions\ActionScheduler_Action.php(86): do_action_ref_array('facebook_for_wo...', Array)
#7 E:\wampserver\www\sklentr\snazzy-floret\wp-content\plugins\woocommerce\packages\action-scheduler\classes\abstracts\ActionScheduler_Abstract_QueueRunner.php(103): ActionScheduler_Action->execute()
#8 E:\wampserver\www\sklentr\snazzy-floret\wp-content\plugins\woocommerce\packages\action-scheduler\classes\ActionScheduler_QueueRunner.php(188): ActionScheduler_Abstract_QueueRunner->process_action(322, 'Async Request')
#9 E:\wampserver\www\sklentr\snazzy-floret\wp-content\plugins\woocommerce\packages\action-scheduler\classes\ActionScheduler_QueueRunner.php(158): ActionScheduler_QueueRunner->do_batch(25, 'Async Request')
#10 E:\wampserver\www\sklentr\snazzy-floret\wp-includes\class-wp-hook.php(341): ActionScheduler_QueueRunner->run('Async Request')
#11 E:\wampserver\www\sklentr\snazzy-floret\wp-includes\class-wp-hook.php(365): WP_Hook->apply_filters('', Array)
#12 E:\wampserver\www\sklentr\snazzy-floret\wp-includes\plugin.php(522): WP_Hook->do_action(Array)
#13 E:\wampserver\www\sklentr\snazzy-floret\wp-content\plugins\woocommerce\packages\action-scheduler\classes\ActionScheduler_AsyncRequest_QueueRunner.php(48): do_action('action_schedule...', 'Async Request')
#14 E:\wampserver\www\sklentr\snazzy-floret\wp-content\plugins\woocommerce\includes\libraries\wp-async-request.php(147): ActionScheduler_AsyncRequest_QueueRunner->handle()
#15 E:\wampserver\www\sklentr\snazzy-floret\wp-includes\class-wp-hook.php(341): WP_Async_Request->maybe_handle('')
#16 E:\wampserver\www\sklentr\snazzy-floret\wp-includes\class-wp-hook.php(365): WP_Hook->apply_filters('', Array)
#17 E:\wampserver\www\sklentr\snazzy-floret\wp-includes\plugin.php(522): WP_Hook->do_action(Array)
#18 E:\wampserver\www\sklentr\snazzy-floret\wp-admin\admin-ajax.php(207): do_action('wp_ajax_nopriv_...')
#19 {main}
2026-04-06T04:15:30+00:00 NOTICE There was an error trying to get product set data in a catalog: Cannot create the API instance because the access token is missing.
2026-04-06T04:15:30+00:00 ERROR ProductSetSync exception: exception_code : 0; exception_class : WooCommerce\Facebook\Framework\Api\Exception: exception_message : Cannot create the API instance because the access token is missing.; exception_trace : #0 E:\wampserver\www\sklentr\snazzy-floret\wp-content\plugins\facebook-for-woocommerce\includes\ProductSets\ProductSetSync.php(139): WC_Facebookcommerce->get_api()
#1 E:\wampserver\www\sklentr\snazzy-floret\wp-content\plugins\facebook-for-woocommerce\includes\ProductSets\ProductSetSync.php(226): WooCommerce\Facebook\ProductSets\ProductSetSync->get_fb_product_set_id(Object(WP_Term))
#2 E:\wampserver\www\sklentr\snazzy-floret\wp-content\plugins\facebook-for-woocommerce\includes\ProductSets\ProductSetSync.php(107): WooCommerce\Facebook\ProductSets\ProductSetSync->sync_all_wc_product_categories()
#3 E:\wampserver\www\sklentr\snazzy-floret\wp-includes\class-wp-hook.php(341): WooCommerce\Facebook\ProductSets\ProductSetSync->sync_all_product_sets()
#4 E:\wampserver\www\sklentr\snazzy-floret\wp-includes\class-wp-hook.php(365): WP_Hook->apply_filters(NULL, Array)
#5 E:\wampserver\www\sklentr\snazzy-floret\wp-includes\plugin.php(570): WP_Hook->do_action(Array)
#6 E:\wampserver\www\sklentr\snazzy-floret\wp-content\plugins\woocommerce\packages\action-scheduler\classes\actions\ActionScheduler_Action.php(86): do_action_ref_array('facebook_for_wo...', Array)
#7 E:\wampserver\www\sklentr\snazzy-floret\wp-content\plugins\woocommerce\packages\action-scheduler\classes\abstracts\ActionScheduler_Abstract_QueueRunner.php(103): ActionScheduler_Action->execute()
#8 E:\wampserver\www\sklentr\snazzy-floret\wp-content\plugins\woocommerce\packages\action-scheduler\classes\ActionScheduler_QueueRunner.php(188): ActionScheduler_Abstract_QueueRunner->process_action(322, 'Async Request')
#9 E:\wampserver\www\sklentr\snazzy-floret\wp-content\plugins\woocommerce\packages\action-scheduler\classes\ActionScheduler_QueueRunner.php(158): ActionScheduler_QueueRunner->do_batch(25, 'Async Request')
#10 E:\wampserver\www\sklentr\snazzy-floret\wp-includes\class-wp-hook.php(341): ActionScheduler_QueueRunner->run('Async Request')
#11 E:\wampserver\www\sklentr\snazzy-floret\wp-includes\class-wp-hook.php(365): WP_Hook->apply_filters('', Array)
#12 E:\wampserver\www\sklentr\snazzy-floret\wp-includes\plugin.php(522): WP_Hook->do_action(Array)
#13 E:\wampserver\www\sklentr\snazzy-floret\wp-content\plugins\woocommerce\packages\action-scheduler\classes\ActionScheduler_AsyncRequest_QueueRunner.php(48): do_action('action_schedule...', 'Async Request')
#14 E:\wampserver\www\sklentr\snazzy-floret\wp-content\plugins\woocommerce\includes\libraries\wp-async-request.php(147): ActionScheduler_AsyncRequest_QueueRunner->handle()
#15 E:\wampserver\www\sklentr\snazzy-floret\wp-includes\class-wp-hook.php(341): WP_Async_Request->maybe_handle('')
#16 E:\wampserver\www\sklentr\snazzy-floret\wp-includes\class-wp-hook.php(365): WP_Hook->apply_filters('', Array)
#17 E:\wampserver\www\sklentr\snazzy-floret\wp-includes\plugin.php(522): WP_Hook->do_action(Array)
#18 E:\wampserver\www\sklentr\snazzy-floret\wp-admin\admin-ajax.php(207): do_action('wp_ajax_nopriv_...')
#19 {main}
2026-04-06T04:15:30+00:00 NOTICE There was an error trying to get product set data in a catalog: Cannot create the API instance because the access token is missing.
2026-04-06T04:15:30+00:00 ERROR ProductSetSync exception: exception_code : 0; exception_class : WooCommerce\Facebook\Framework\Api\Exception: exception_message : Cannot create the API instance because the access token is missing.; exception_trace : #0 E:\wampserver\www\sklentr\snazzy-floret\wp-content\plugins\facebook-for-woocommerce\includes\ProductSets\ProductSetSync.php(139): WC_Facebookcommerce->get_api()
#1 E:\wampserver\www\sklentr\snazzy-floret\wp-content\plugins\facebook-for-woocommerce\includes\ProductSets\ProductSetSync.php(226): WooCommerce\Facebook\ProductSets\ProductSetSync->get_fb_product_set_id(Object(WP_Term))
#2 E:\wampserver\www\sklentr\snazzy-floret\wp-content\plugins\facebook-for-woocommerce\includes\ProductSets\ProductSetSync.php(107): WooCommerce\Facebook\ProductSets\ProductSetSync->sync_all_wc_product_categories()
#3 E:\wampserver\www\sklentr\snazzy-floret\wp-includes\class-wp-hook.php(341): WooCommerce\Facebook\ProductSets\ProductSetSync->sync_all_product_sets()
#4 E:\wampserver\www\sklentr\snazzy-floret\wp-includes\class-wp-hook.php(365): WP_Hook->apply_filters(NULL, Array)
#5 E:\wampserver\www\sklentr\snazzy-floret\wp-includes\plugin.php(570): WP_Hook->do_action(Array)
#6 E:\wampserver\www\sklentr\snazzy-floret\wp-content\plugins\woocommerce\packages\action-scheduler\classes\actions\ActionScheduler_Action.php(86): do_action_ref_array('facebook_for_wo...', Array)
#7 E:\wampserver\www\sklentr\snazzy-floret\wp-content\plugins\woocommerce\packages\action-scheduler\classes\abstracts\ActionScheduler_Abstract_QueueRunner.php(103): ActionScheduler_Action->execute()
#8 E:\wampserver\www\sklentr\snazzy-floret\wp-content\plugins\woocommerce\packages\action-scheduler\classes\ActionScheduler_QueueRunner.php(188): ActionScheduler_Abstract_QueueRunner->process_action(322, 'Async Request')
#9 E:\wampserver\www\sklentr\snazzy-floret\wp-content\plugins\woocommerce\packages\action-scheduler\classes\ActionScheduler_QueueRunner.php(158): ActionScheduler_QueueRunner->do_batch(25, 'Async Request')
#10 E:\wampserver\www\sklentr\snazzy-floret\wp-includes\class-wp-hook.php(341): ActionScheduler_QueueRunner->run('Async Request')
#11 E:\wampserver\www\sklentr\snazzy-floret\wp-includes\class-wp-hook.php(365): WP_Hook->apply_filters('', Array)
#12 E:\wampserver\www\sklentr\snazzy-floret\wp-includes\plugin.php(522): WP_Hook->do_action(Array)
#13 E:\wampserver\www\sklentr\snazzy-floret\wp-content\plugins\woocommerce\packages\action-scheduler\classes\ActionScheduler_AsyncRequest_QueueRunner.php(48): do_action('action_schedule...', 'Async Request')
#14 E:\wampserver\www\sklentr\snazzy-floret\wp-content\plugins\woocommerce\includes\libraries\wp-async-request.php(147): ActionScheduler_AsyncRequest_QueueRunner->handle()
#15 E:\wampserver\www\sklentr\snazzy-floret\wp-includes\class-wp-hook.php(341): WP_Async_Request->maybe_handle('')
#16 E:\wampserver\www\sklentr\snazzy-floret\wp-includes\class-wp-hook.php(365): WP_Hook->apply_filters('', Array)
#17 E:\wampserver\www\sklentr\snazzy-floret\wp-includes\plugin.php(522): WP_Hook->do_action(Array)
#18 E:\wampserver\www\sklentr\snazzy-floret\wp-admin\admin-ajax.php(207): do_action('wp_ajax_nopriv_...')
#19 {main}
2026-04-06T04:15:30+00:00 NOTICE There was an error trying to get product set data in a catalog: Cannot create the API instance because the access token is missing.
2026-04-06T04:15:30+00:00 ERROR ProductSetSync exception: exception_code : 0; exception_class : WooCommerce\Facebook\Framework\Api\Exception: exception_message : Cannot create the API instance because the access token is missing.; exception_trace : #0 E:\wampserver\www\sklentr\snazzy-floret\wp-content\plugins\facebook-for-woocommerce\includes\ProductSets\ProductSetSync.php(139): WC_Facebookcommerce->get_api()
#1 E:\wampserver\www\sklentr\snazzy-floret\wp-content\plugins\facebook-for-woocommerce\includes\ProductSets\ProductSetSync.php(226): WooCommerce\Facebook\ProductSets\ProductSetSync->get_fb_product_set_id(Object(WP_Term))
#2 E:\wampserver\www\sklentr\snazzy-floret\wp-content\plugins\facebook-for-woocommerce\includes\ProductSets\ProductSetSync.php(107): WooCommerce\Facebook\ProductSets\ProductSetSync->sync_all_wc_product_categories()
#3 E:\wampserver\www\sklentr\snazzy-floret\wp-includes\class-wp-hook.php(341): WooCommerce\Facebook\ProductSets\ProductSetSync->sync_all_product_sets()
#4 E:\wampserver\www\sklentr\snazzy-floret\wp-includes\class-wp-hook.php(365): WP_Hook->apply_filters(NULL, Array)
#5 E:\wampserver\www\sklentr\snazzy-floret\wp-includes\plugin.php(570): WP_Hook->do_action(Array)
#6 E:\wampserver\www\sklentr\snazzy-floret\wp-content\plugins\woocommerce\packages\action-scheduler\classes\actions\ActionScheduler_Action.php(86): do_action_ref_array('facebook_for_wo...', Array)
#7 E:\wampserver\www\sklentr\snazzy-floret\wp-content\plugins\woocommerce\packages\action-scheduler\classes\abstracts\ActionScheduler_Abstract_QueueRunner.php(103): ActionScheduler_Action->execute()
#8 E:\wampserver\www\sklentr\snazzy-floret\wp-content\plugins\woocommerce\packages\action-scheduler\classes\ActionScheduler_QueueRunner.php(188): ActionScheduler_Abstract_QueueRunner->process_action(322, 'Async Request')
#9 E:\wampserver\www\sklentr\snazzy-floret\wp-content\plugins\woocommerce\packages\action-scheduler\classes\ActionScheduler_QueueRunner.php(158): ActionScheduler_QueueRunner->do_batch(25, 'Async Request')
#10 E:\wampserver\www\sklentr\snazzy-floret\wp-includes\class-wp-hook.php(341): ActionScheduler_QueueRunner->run('Async Request')
#11 E:\wampserver\www\sklentr\snazzy-floret\wp-includes\class-wp-hook.php(365): WP_Hook->apply_filters('', Array)
#12 E:\wampserver\www\sklentr\snazzy-floret\wp-includes\plugin.php(522): WP_Hook->do_action(Array)
#13 E:\wampserver\www\sklentr\snazzy-floret\wp-content\plugins\woocommerce\packages\action-scheduler\classes\ActionScheduler_AsyncRequest_QueueRunner.php(48): do_action('action_schedule...', 'Async Request')
#14 E:\wampserver\www\sklentr\snazzy-floret\wp-content\plugins\woocommerce\includes\libraries\wp-async-request.php(147): ActionScheduler_AsyncRequest_QueueRunner->handle()
#15 E:\wampserver\www\sklentr\snazzy-floret\wp-includes\class-wp-hook.php(341): WP_Async_Request->maybe_handle('')
#16 E:\wampserver\www\sklentr\snazzy-floret\wp-includes\class-wp-hook.php(365): WP_Hook->apply_filters('', Array)
#17 E:\wampserver\www\sklentr\snazzy-floret\wp-includes\plugin.php(522): WP_Hook->do_action(Array)
#18 E:\wampserver\www\sklentr\snazzy-floret\wp-admin\admin-ajax.php(207): do_action('wp_ajax_nopriv_...')
#19 {main}
2026-04-06T04:15:30+00:00 NOTICE There was an error trying to get product set data in a catalog: Cannot create the API instance because the access token is missing.
2026-04-06T04:15:30+00:00 ERROR ProductSetSync exception: exception_code : 0; exception_class : WooCommerce\Facebook\Framework\Api\Exception: exception_message : Cannot create the API instance because the access token is missing.; exception_trace : #0 E:\wampserver\www\sklentr\snazzy-floret\wp-content\plugins\facebook-for-woocommerce\includes\ProductSets\ProductSetSync.php(139): WC_Facebookcommerce->get_api()
#1 E:\wampserver\www\sklentr\snazzy-floret\wp-content\plugins\facebook-for-woocommerce\includes\ProductSets\ProductSetSync.php(226): WooCommerce\Facebook\ProductSets\ProductSetSync->get_fb_product_set_id(Object(WP_Term))
#2 E:\wampserver\www\sklentr\snazzy-floret\wp-content\plugins\facebook-for-woocommerce\includes\ProductSets\ProductSetSync.php(107): WooCommerce\Facebook\ProductSets\ProductSetSync->sync_all_wc_product_categories()
#3 E:\wampserver\www\sklentr\snazzy-floret\wp-includes\class-wp-hook.php(341): WooCommerce\Facebook\ProductSets\ProductSetSync->sync_all_product_sets()
#4 E:\wampserver\www\sklentr\snazzy-floret\wp-includes\class-wp-hook.php(365): WP_Hook->apply_filters(NULL, Array)
#5 E:\wampserver\www\sklentr\snazzy-floret\wp-includes\plugin.php(570): WP_Hook->do_action(Array)
#6 E:\wampserver\www\sklentr\snazzy-floret\wp-content\plugins\woocommerce\packages\action-scheduler\classes\actions\ActionScheduler_Action.php(86): do_action_ref_array('facebook_for_wo...', Array)
#7 E:\wampserver\www\sklentr\snazzy-floret\wp-content\plugins\woocommerce\packages\action-scheduler\classes\abstracts\ActionScheduler_Abstract_QueueRunner.php(103): ActionScheduler_Action->execute()
#8 E:\wampserver\www\sklentr\snazzy-floret\wp-content\plugins\woocommerce\packages\action-scheduler\classes\ActionScheduler_QueueRunner.php(188): ActionScheduler_Abstract_QueueRunner->process_action(322, 'Async Request')
#9 E:\wampserver\www\sklentr\snazzy-floret\wp-content\plugins\woocommerce\packages\action-scheduler\classes\ActionScheduler_QueueRunner.php(158): ActionScheduler_QueueRunner->do_batch(25, 'Async Request')
#10 E:\wampserver\www\sklentr\snazzy-floret\wp-includes\class-wp-hook.php(341): ActionScheduler_QueueRunner->run('Async Request')
#11 E:\wampserver\www\sklentr\snazzy-floret\wp-includes\class-wp-hook.php(365): WP_Hook->apply_filters('', Array)
#12 E:\wampserver\www\sklentr\snazzy-floret\wp-includes\plugin.php(522): WP_Hook->do_action(Array)
#13 E:\wampserver\www\sklentr\snazzy-floret\wp-content\plugins\woocommerce\packages\action-scheduler\classes\ActionScheduler_AsyncRequest_QueueRunner.php(48): do_action('action_schedule...', 'Async Request')
#14 E:\wampserver\www\sklentr\snazzy-floret\wp-content\plugins\woocommerce\includes\libraries\wp-async-request.php(147): ActionScheduler_AsyncRequest_QueueRunner->handle()
#15 E:\wampserver\www\sklentr\snazzy-floret\wp-includes\class-wp-hook.php(341): WP_Async_Request->maybe_handle('')
#16 E:\wampserver\www\sklentr\snazzy-floret\wp-includes\class-wp-hook.php(365): WP_Hook->apply_filters('', Array)
#17 E:\wampserver\www\sklentr\snazzy-floret\wp-includes\plugin.php(522): WP_Hook->do_action(Array)
#18 E:\wampserver\www\sklentr\snazzy-floret\wp-admin\admin-ajax.php(207): do_action('wp_ajax_nopriv_...')
#19 {main}
2026-04-06T04:15:31+00:00 ERROR Error persisting Meta logs: Cannot create the API instance because the access token is missing. : []
2026-04-06T04:28:43+00:00 ERROR Error persisting Meta logs: Cannot create the API instance because the access token is missing. : []
2026-04-06T04:34:38+00:00 ERROR Error persisting Meta logs: Cannot create the API instance because the access token is missing. : []
2026-04-06T04:36:32+00:00 ERROR Error persisting Meta logs: Cannot create the API instance because the access token is missing. : []
2026-04-06T04:41:56+00:00 ERROR Error persisting Meta logs: Cannot create the API instance because the access token is missing. : []
2026-04-06T05:00:16+00:00 ERROR Error persisting Meta logs: Cannot create the API instance because the access token is missing. : []
2026-04-06T05:01:32+00:00 ERROR Error persisting Meta logs: Cannot create the API instance because the access token is missing. : []
2026-04-06T05:07:32+00:00 ERROR Error persisting Meta logs: Cannot create the API instance because the access token is missing. : []
2026-04-06T05:12:38+00:00 ERROR Error persisting Meta logs: Cannot create the API instance because the access token is missing. : []
2026-04-06T05:24:00+00:00 ERROR Error persisting Meta logs: Cannot create the API instance because the access token is missing. : []
2026-04-06T05:24:00+00:00 ERROR Error persisting Meta logs: Cannot create the API instance because the access token is missing. : []
2026-04-06T05:25:16+00:00 ERROR Error persisting Meta logs: Cannot create the API instance because the access token is missing. : []
2026-04-06T05:30:50+00:00 ERROR Error persisting Meta logs: Cannot create the API instance because the access token is missing. : []
2026-04-06T05:37:46+00:00 ERROR Error persisting Meta logs: Cannot create the API instance because the access token is missing. : []
2026-04-06T05:42:43+00:00 ERROR Error persisting Meta logs: Cannot create the API instance because the access token is missing. : []
2026-04-06T05:44:03+00:00 ERROR Error persisting Meta logs: Cannot create the API instance because the access token is missing. : []
2026-04-06T06:16:37+00:00 ERROR Error persisting Meta logs: Cannot create the API instance because the access token is missing. : []
2026-04-06T06:17:07+00:00 ERROR Error persisting Meta logs: Cannot create the API instance because the access token is missing. : []
2026-04-06T06:17:07+00:00 WARNING Product feed scheduling failed: Integration not configured. : {"flow_name":"product_feed","flow_step":"schedule_feed_generation"}
2026-04-06T06:17:07+00:00 WARNING Language override feed scheduling failed: Integration not configured. : {"flow_name":"language_override_feed","flow_step":"schedule_feed_generation"}
2026-04-06T06:23:04+00:00 ERROR Error persisting Meta logs: Cannot create the API instance because the access token is missing. : []
2026-04-06T06:26:49+00:00 ERROR Error persisting Meta logs: Cannot create the API instance because the access token is missing. : []
2026-04-06T06:51:49+00:00 ERROR Error persisting Meta logs: Cannot create the API instance because the access token is missing. : []
2026-04-06T06:54:34+00:00 ERROR Error persisting Meta logs: Cannot create the API instance because the access token is missing. : []
2026-04-06T07:38:47+00:00 ERROR Error persisting Meta logs: Cannot create the API instance because the access token is missing. : []
2026-04-06T07:38:48+00:00 WARNING Product feed scheduling failed: Integration not configured. : {"flow_name":"product_feed","flow_step":"schedule_feed_generation"}
2026-04-06T07:38:48+00:00 WARNING Language override feed scheduling failed: Integration not configured. : {"flow_name":"language_override_feed","flow_step":"schedule_feed_generation"}
2026-04-06T07:38:48+00:00 ERROR Error persisting error logs: Cannot create the API instance because the access token is missing. : []
2026-04-06T07:44:18+00:00 ERROR Error persisting Meta logs: Cannot create the API instance because the access token is missing. : []
2026-04-06T07:50:36+00:00 ERROR Error persisting Meta logs: Cannot create the API instance because the access token is missing. : []
2026-04-06T08:36:01+00:00 ERROR Error persisting Meta logs: Cannot create the API instance because the access token is missing. : []
2026-04-06T08:36:01+00:00 ERROR Error persisting Meta logs: Cannot create the API instance because the access token is missing. : []
2026-04-06T08:40:25+00:00 ERROR Error persisting Meta logs: Cannot create the API instance because the access token is missing. : []
2026-04-06T08:45:44+00:00 ERROR Error persisting Meta logs: Cannot create the API instance because the access token is missing. : []
2026-04-06T08:50:38+00:00 ERROR Error persisting Meta logs: Cannot create the API instance because the access token is missing. : []
2026-04-06T10:52:22+00:00 WARNING Product feed scheduling failed: Integration not configured. : {"flow_name":"product_feed","flow_step":"schedule_feed_generation"}
2026-04-06T10:52:22+00:00 WARNING Language override feed scheduling failed: Integration not configured. : {"flow_name":"language_override_feed","flow_step":"schedule_feed_generation"}
2026-04-06T10:52:22+00:00 ERROR Error persisting error logs: Cannot create the API instance because the access token is missing. : []
2026-04-06T10:54:59+00:00 ERROR Error persisting Meta logs: Cannot create the API instance because the access token is missing. : []
2026-04-06T10:56:17+00:00 ERROR Error persisting Meta logs: Cannot create the API instance because the access token is missing. : []
2026-04-06T10:59:25+00:00 ERROR Error persisting Meta logs: Cannot create the API instance because the access token is missing. : []
2026-04-06T11:05:18+00:00 ERROR Error persisting Meta logs: Cannot create the API instance because the access token is missing. : []
2026-04-06T11:10:39+00:00 ERROR Error persisting Meta logs: Cannot create the API instance because the access token is missing. : []
2026-04-06T11:23:29+00:00 ERROR Error persisting Meta logs: Cannot create the API instance because the access token is missing. : []
2026-04-06T11:24:40+00:00 ERROR Error persisting Meta logs: Cannot create the API instance because the access token is missing. : []
2026-04-06T11:30:48+00:00 ERROR Error persisting Meta logs: Cannot create the API instance because the access token is missing. : []
2026-04-06T11:35:00+00:00 ERROR Error persisting Meta logs: Cannot create the API instance because the access token is missing. : []
2026-04-06T11:41:07+00:00 ERROR Error persisting Meta logs: Cannot create the API instance because the access token is missing. : []
2026-04-06T11:51:11+00:00 ERROR Error persisting Meta logs: Cannot create the API instance because the access token is missing. : []
2026-04-06T11:55:07+00:00 ERROR Error persisting Meta logs: Cannot create the API instance because the access token is missing. : []
2026-04-06T12:06:07+00:00 ERROR Error persisting Meta logs: Cannot create the API instance because the access token is missing. : []
2026-04-06T16:19:32+00:00 WARNING Product feed scheduling failed: Integration not configured. : {"flow_name":"product_feed","flow_step":"schedule_feed_generation"}
2026-04-06T16:19:32+00:00 WARNING Language override feed scheduling failed: Integration not configured. : {"flow_name":"language_override_feed","flow_step":"schedule_feed_generation"}
2026-04-06T16:19:32+00:00 ERROR Error persisting error logs: Cannot create the API instance because the access token is missing. : []
2026-04-06T16:19:32+00:00 ERROR Error persisting Meta logs: Cannot create the API instance because the access token is missing. : []
2026-04-06T16:19:38+00:00 ERROR Error persisting Meta logs: Cannot create the API instance because the access token is missing. : []
2026-04-06T16:26:30+00:00 ERROR Error persisting Meta logs: Cannot create the API instance because the access token is missing. : []
2026-04-06T16:30:44+00:00 ERROR Error persisting Meta logs: Cannot create the API instance because the access token is missing. : []
2026-04-06T16:35:32+00:00 ERROR Error persisting Meta logs: Cannot create the API instance because the access token is missing. : []
2026-04-06T16:39:16+00:00 ERROR Error persisting Meta logs: Cannot create the API instance because the access token is missing. : []
2026-04-06T16:44:09+00:00 ERROR Error persisting Meta logs: Cannot create the API instance because the access token is missing. : []
